LcdGraphic.c:14:13:ClearTextBuf	16	static
LcdGraphic.c:20:6:Lcd_Init	8	static
LcdGraphic.c:28:6:Lcd_Update	8	static
LcdGraphic.c:35:10:Lcd_pVideoBuffer	4	static
LcdGraphic.c:42:6:Lcd_Clear	16	static
LcdGraphic.c:48:6:Lcd_Filling	24	static
LcdGraphic.c:54:6:Lcd_Pixel	24	static
LcdGraphic.c:74:6:Lcd_Line	48	static
LcdGraphic.c:135:6:Lcd_Circle	32	static
LcdGraphic.c:161:6:Lcd_Bar	48	static
LcdGraphic.c:182:6:Lcd_GotoXYFont	16	static
LcdGraphic.c:189:6:Lcd_Chr	24	static
LcdGraphic.c:205:6:Lcd_String	24	static
LcdGraphic.c:226:6:Lcd_ChrBold	24	static
LcdGraphic.c:258:6:Lcd_StringBold	24	static
LcdGraphic.c:269:6:Lcd_ChrBig	24	static
LcdGraphic.c:296:6:Lcd_StringBig	24	static
LcdGraphic.c:309:9:Lcd_Print	24	static
LcdGraphic.c:322:9:Lcd_PrintBold	24	static
LcdGraphic.c:335:9:Lcd_PrintBig	24	static
LcdGraphic.c:349:6:Lcd_Image	24	static
LcdGraphic.c:358:9:Lcd_BinToDec	24	static
LcdGraphic.c:390:6:Lcd_u8ToHex	24	static
LcdGraphic.c:405:6:Lcd_u32ToHex	16	static
