
Discarded input sections

 .text          0x0000000000000000        0x0 BootLoader/bootLoader.o
 .data          0x0000000000000000        0x0 BootLoader/bootLoader.o
 .bss           0x0000000000000000        0x0 BootLoader/bootLoader.o
 .text._cmd_RP  0x0000000000000000       0x36 BootLoader/bootLoader.o
 .text._cmd_RUP
                0x0000000000000000       0x24 BootLoader/bootLoader.o
 .text.BOOT_GetAppSize
                0x0000000000000000       0x2c BootLoader/bootLoader.o
 .text.BOOT_CalcCrc
                0x0000000000000000        0x4 BootLoader/bootLoader.o
 .text.BOOT_CalcAndWriteAppCrc
                0x0000000000000000        0x2 BootLoader/bootLoader.o
 .text          0x0000000000000000        0x0 BootLoader/sharedMemory.o
 .data          0x0000000000000000        0x0 BootLoader/sharedMemory.o
 .bss           0x0000000000000000        0x0 BootLoader/sharedMemory.o
 .text.SharedMemory_SetFlag
                0x0000000000000000       0x10 BootLoader/sharedMemory.o
 .text.SharedMemory_IncrementBootCounter
                0x0000000000000000       0x10 BootLoader/sharedMemory.o
 .text.SharedMemory_ClearBootCounter
                0x0000000000000000       0x14 BootLoader/sharedMemory.o
 .text.SharedMemory_GetBootCounter
                0x0000000000000000        0xc BootLoader/sharedMemory.o
 .rodata.MAGIC  0x0000000000000000        0x4 BootLoader/sharedMemory.o
 .text          0x0000000000000000        0x0 My/Application/Crc.o
 .data          0x0000000000000000        0x0 My/Application/Crc.o
 .bss           0x0000000000000000        0x0 My/Application/Crc.o
 .text.CRC16_FastCalculate
                0x0000000000000000       0x2c My/Application/Crc.o
 .text.CRC8_Calculate
                0x0000000000000000       0x2a My/Application/Crc.o
 .text.CRC8_FastCalculate
                0x0000000000000000       0x20 My/Application/Crc.o
 .text.CRC8_ForEachByte
                0x0000000000000000        0xc My/Application/Crc.o
 .text.CRC8_OneWire
                0x0000000000000000       0x32 My/Application/Crc.o
 .text.CRC8_TableOneWire
                0x0000000000000000       0x20 My/Application/Crc.o
 .text.CRC_Calculate
                0x0000000000000000        0x4 My/Application/Crc.o
 .data.Crc16Table
                0x0000000000000000      0x200 My/Application/Crc.o
 .rodata.Crc8Table
                0x0000000000000000      0x100 My/Application/Crc.o
 .rodata.Crc8Table_OneWire
                0x0000000000000000      0x100 My/Application/Crc.o
 .comment       0x0000000000000000       0x54 My/Application/Crc.o
 .ARM.attributes
                0x0000000000000000       0x2d My/Application/Crc.o
 .text          0x0000000000000000        0x0 My/Application/Delay.o
 .data          0x0000000000000000        0x0 My/Application/Delay.o
 .bss           0x0000000000000000        0x0 My/Application/Delay.o
 .text.msDelay_Loop
                0x0000000000000000       0x10 My/Application/Delay.o
 .text.msDelay  0x0000000000000000       0x20 My/Application/Delay.o
 .bss.msCounter
                0x0000000000000000        0x4 My/Application/Delay.o
 .text          0x0000000000000000        0x0 My/CMSIS/system_stm32f1xx.o
 .data          0x0000000000000000        0x0 My/CMSIS/system_stm32f1xx.o
 .bss           0x0000000000000000        0x0 My/CMSIS/system_stm32f1xx.o
 .text.SystemCoreClockUpdate
                0x0000000000000000       0x58 My/CMSIS/system_stm32f1xx.o
 .data.SystemCoreClock
                0x0000000000000000        0x4 My/CMSIS/system_stm32f1xx.o
 .rodata.AHBPrescTable
                0x0000000000000000       0x10 My/CMSIS/system_stm32f1xx.o
 .rodata.APBPrescTable
                0x0000000000000000        0x8 My/CMSIS/system_stm32f1xx.o
 .text          0x0000000000000000        0x0 My/Main/main.o
 .data          0x0000000000000000        0x0 My/Main/main.o
 .bss           0x0000000000000000        0x0 My/Main/main.o
 .rodata.appMetadata
                0x0000000000000000        0x4 My/Main/main.o
 .text          0x0000000000000000        0x0 My/STM32_Perif/adc_ST.o
 .data          0x0000000000000000        0x0 My/STM32_Perif/adc_ST.o
 .bss           0x0000000000000000        0x0 My/STM32_Perif/adc_ST.o
 .text.ADC_Init
                0x0000000000000000       0x70 My/STM32_Perif/adc_ST.o
 .text.ADC_Loop
                0x0000000000000000        0x2 My/STM32_Perif/adc_ST.o
 .text.ADC_GetMeas
                0x0000000000000000       0x28 My/STM32_Perif/adc_ST.o
 .text.ADC_GetRegDR
                0x0000000000000000        0x6 My/STM32_Perif/adc_ST.o
 .text.ADC_GetRegJDRx
                0x0000000000000000       0x26 My/STM32_Perif/adc_ST.o
 .comment       0x0000000000000000       0x54 My/STM32_Perif/adc_ST.o
 .ARM.attributes
                0x0000000000000000       0x2d My/STM32_Perif/adc_ST.o
 .text          0x0000000000000000        0x0 My/STM32_Perif/crc_ST.o
 .data          0x0000000000000000        0x0 My/STM32_Perif/crc_ST.o
 .bss           0x0000000000000000        0x0 My/STM32_Perif/crc_ST.o
 .text.CRC_CalcCrc
                0x0000000000000000       0x24 My/STM32_Perif/crc_ST.o
 .text          0x0000000000000000        0x0 My/STM32_Perif/dma_ST.o
 .data          0x0000000000000000        0x0 My/STM32_Perif/dma_ST.o
 .bss           0x0000000000000000        0x0 My/STM32_Perif/dma_ST.o
 .text.DMA1ChX_Init
                0x0000000000000000       0x30 My/STM32_Perif/dma_ST.o
 .comment       0x0000000000000000       0x54 My/STM32_Perif/dma_ST.o
 .ARM.attributes
                0x0000000000000000       0x2d My/STM32_Perif/dma_ST.o
 .text          0x0000000000000000        0x0 My/STM32_Perif/flash_ST.o
 .data          0x0000000000000000        0x0 My/STM32_Perif/flash_ST.o
 .bss           0x0000000000000000        0x0 My/STM32_Perif/flash_ST.o
 .text.STM32_Flash_WriteWord
                0x0000000000000000       0x44 My/STM32_Perif/flash_ST.o
 .text.STM32_Flash_WriteHalfWord
                0x0000000000000000       0x34 My/STM32_Perif/flash_ST.o
 .text.STM32_Flash_ReadBufU32
                0x0000000000000000       0x16 My/STM32_Perif/flash_ST.o
 .text.STM32_Flash_ReadOutProtection
                0x0000000000000000       0x68 My/STM32_Perif/flash_ST.o
 .text.STM32_Flash_GetWriteProtectionOptionByte
                0x0000000000000000        0xc My/STM32_Perif/flash_ST.o
 .text.STM32_Flash_EnableWriteProtection
                0x0000000000000000        0x4 My/STM32_Perif/flash_ST.o
 .text          0x0000000000000000        0x0 My/STM32_Perif/gpio_ST.o
 .data          0x0000000000000000        0x0 My/STM32_Perif/gpio_ST.o
 .bss           0x0000000000000000        0x0 My/STM32_Perif/gpio_ST.o
 .text.GPIO_InitForOutputOpenDrain
                0x0000000000000000       0x58 My/STM32_Perif/gpio_ST.o
 .text.GPIO_InitForInputPullUp
                0x0000000000000000       0x6c My/STM32_Perif/gpio_ST.o
 .text.GPIO_InitForInputPullDown
                0x0000000000000000       0x6e My/STM32_Perif/gpio_ST.o
 .text.GPIO_InitForFloatingInput
                0x0000000000000000       0x64 My/STM32_Perif/gpio_ST.o
 .text.GPIO_CheckLoop
                0x0000000000000000       0xac My/STM32_Perif/gpio_ST.o
 .text.GPIO_GetPortState
                0x0000000000000000       0x40 My/STM32_Perif/gpio_ST.o
 .text.GPIO_GetPinState
                0x0000000000000000       0x50 My/STM32_Perif/gpio_ST.o
 .bss.GpioAIDRtemp.5019
                0x0000000000000000        0xc My/STM32_Perif/gpio_ST.o
 .bss.GpioAState
                0x0000000000000000        0x2 My/STM32_Perif/gpio_ST.o
 .bss.GpioBIDRtemp.5020
                0x0000000000000000        0xc My/STM32_Perif/gpio_ST.o
 .bss.GpioBState
                0x0000000000000000        0x2 My/STM32_Perif/gpio_ST.o
 .bss.GpioCIDRtemp.5021
                0x0000000000000000        0xc My/STM32_Perif/gpio_ST.o
 .bss.GpioCState
                0x0000000000000000        0x2 My/STM32_Perif/gpio_ST.o
 .bss.cycle.5018
                0x0000000000000000        0x4 My/STM32_Perif/gpio_ST.o
 .bss.msCount.5017
                0x0000000000000000        0x4 My/STM32_Perif/gpio_ST.o
 .text          0x0000000000000000        0x0 My/STM32_Perif/i2c_ST.o
 .data          0x0000000000000000        0x0 My/STM32_Perif/i2c_ST.o
 .bss           0x0000000000000000        0x0 My/STM32_Perif/i2c_ST.o
 .text.I2C_StartAndSendDeviceAddr
                0x0000000000000000        0x4 My/STM32_Perif/i2c_ST.o
 .text.I2C_ReadData
                0x0000000000000000        0x4 My/STM32_Perif/i2c_ST.o
 .text.I2C_SendDataWithStop
                0x0000000000000000        0x4 My/STM32_Perif/i2c_ST.o
 .text.I2C_SendDataWithoutStop
                0x0000000000000000       0x26 My/STM32_Perif/i2c_ST.o
 .text.I2C_Master_GetNacCount
                0x0000000000000000        0x4 My/STM32_Perif/i2c_ST.o
 .text.I2C_Master_CheckSlave
                0x0000000000000000        0xc My/STM32_Perif/i2c_ST.o
 .text.I2C_Master_Write
                0x0000000000000000       0x18 My/STM32_Perif/i2c_ST.o
 .text.I2C_Master_Read
                0x0000000000000000       0x20 My/STM32_Perif/i2c_ST.o
 .text.I2C_IT_DeInit
                0x0000000000000000       0x50 My/STM32_Perif/i2c_ST.o
 .text.I2C_IT_GetDataCount
                0x0000000000000000        0x4 My/STM32_Perif/i2c_ST.o
 .text.I2C_IT_SlaveRxCpltCallback
                0x0000000000000000        0x2 My/STM32_Perif/i2c_ST.o
 .text          0x0000000000000000        0x0 My/STM32_Perif/iwdg_ST.o
 .data          0x0000000000000000        0x0 My/STM32_Perif/iwdg_ST.o
 .bss           0x0000000000000000        0x0 My/STM32_Perif/iwdg_ST.o
 .text.IWDG_Init
                0x0000000000000000       0x3c My/STM32_Perif/iwdg_ST.o
 .text.IWDG_Reset
                0x0000000000000000       0x10 My/STM32_Perif/iwdg_ST.o
 .text.IWDG_Stop
                0x0000000000000000       0x10 My/STM32_Perif/iwdg_ST.o
 .text.WWDG_Init
                0x0000000000000000       0x38 My/STM32_Perif/iwdg_ST.o
 .text.WWDG_Reset
                0x0000000000000000       0x10 My/STM32_Perif/iwdg_ST.o
 .text.WWDG_Stop
                0x0000000000000000       0x10 My/STM32_Perif/iwdg_ST.o
 .comment       0x0000000000000000       0x54 My/STM32_Perif/iwdg_ST.o
 .ARM.attributes
                0x0000000000000000       0x2d My/STM32_Perif/iwdg_ST.o
 .text          0x0000000000000000        0x0 My/STM32_Perif/rtc_ST.o
 .data          0x0000000000000000        0x0 My/STM32_Perif/rtc_ST.o
 .bss           0x0000000000000000        0x0 My/STM32_Perif/rtc_ST.o
 .text.RTC_Init
                0x0000000000000000       0x9c My/STM32_Perif/rtc_ST.o
 .text.RTC_GetCounter
                0x0000000000000000       0x10 My/STM32_Perif/rtc_ST.o
 .text.RTC_SetCounter
                0x0000000000000000       0x20 My/STM32_Perif/rtc_ST.o
 .text.RTC_IT_Handler
                0x0000000000000000       0x34 My/STM32_Perif/rtc_ST.o
 .comment       0x0000000000000000       0x54 My/STM32_Perif/rtc_ST.o
 .ARM.attributes
                0x0000000000000000       0x2d My/STM32_Perif/rtc_ST.o
 .text          0x0000000000000000        0x0 My/STM32_Perif/spi_ST.o
 .data          0x0000000000000000        0x0 My/STM32_Perif/spi_ST.o
 .bss           0x0000000000000000        0x0 My/STM32_Perif/spi_ST.o
 .text._spi_GPIO_Init
                0x0000000000000000       0x88 My/STM32_Perif/spi_ST.o
 .text.SPI_Init
                0x0000000000000000       0x48 My/STM32_Perif/spi_ST.o
 .text.SPI_RxByte
                0x0000000000000000       0x18 My/STM32_Perif/spi_ST.o
 .text.SPI_TxRxByte
                0x0000000000000000       0x16 My/STM32_Perif/spi_ST.o
 .text.SPI_Rx3Byte
                0x0000000000000000       0x48 My/STM32_Perif/spi_ST.o
 .comment       0x0000000000000000       0x54 My/STM32_Perif/spi_ST.o
 .ARM.attributes
                0x0000000000000000       0x2d My/STM32_Perif/spi_ST.o
 .text          0x0000000000000000        0x0 My/STM32_Perif/stm32f10x_it.o
 .data          0x0000000000000000        0x0 My/STM32_Perif/stm32f10x_it.o
 .bss           0x0000000000000000        0x0 My/STM32_Perif/stm32f10x_it.o
 .text.NMIException
                0x0000000000000000       0x24 My/STM32_Perif/stm32f10x_it.o
 .text.HardFaultException
                0x0000000000000000        0x6 My/STM32_Perif/stm32f10x_it.o
 .text.MemManageException
                0x0000000000000000        0x6 My/STM32_Perif/stm32f10x_it.o
 .text.BusFaultException
                0x0000000000000000        0x6 My/STM32_Perif/stm32f10x_it.o
 .text.UsageFaultException
                0x0000000000000000        0x6 My/STM32_Perif/stm32f10x_it.o
 .text.DebugMonitor
                0x0000000000000000        0x6 My/STM32_Perif/stm32f10x_it.o
 .text.SVCHandler
                0x0000000000000000        0x6 My/STM32_Perif/stm32f10x_it.o
 .text.PendSVC  0x0000000000000000        0x6 My/STM32_Perif/stm32f10x_it.o
 .text.USBWakeUp_IRQHandler
                0x0000000000000000        0x2 My/STM32_Perif/stm32f10x_it.o
 .text          0x0000000000000000        0x0 My/STM32_Perif/sys_ST.o
 .data          0x0000000000000000        0x0 My/STM32_Perif/sys_ST.o
 .bss           0x0000000000000000        0x0 My/STM32_Perif/sys_ST.o
 .text          0x0000000000000000        0x0 My/STM32_Perif/sys_tick_ST.o
 .data          0x0000000000000000        0x0 My/STM32_Perif/sys_tick_ST.o
 .bss           0x0000000000000000        0x0 My/STM32_Perif/sys_tick_ST.o
 .text.SYS_TICK_Init
                0x0000000000000000       0x18 My/STM32_Perif/sys_tick_ST.o
 .text.SYS_TICK_Control
                0x0000000000000000       0x18 My/STM32_Perif/sys_tick_ST.o
 .comment       0x0000000000000000       0x54 My/STM32_Perif/sys_tick_ST.o
 .ARM.attributes
                0x0000000000000000       0x2d My/STM32_Perif/sys_tick_ST.o
 .text          0x0000000000000000        0x0 My/STM32_Perif/timers_ST.o
 .data          0x0000000000000000        0x0 My/STM32_Perif/timers_ST.o
 .bss           0x0000000000000000        0x0 My/STM32_Perif/timers_ST.o
 .text.TIM3_InitForPWM
                0x0000000000000000       0x6c My/STM32_Perif/timers_ST.o
 .text.TIM1_Init
                0x0000000000000000       0x3c My/STM32_Perif/timers_ST.o
 .text.TIM2_Init
                0x0000000000000000       0x60 My/STM32_Perif/timers_ST.o
 .text.TIMx_Enable
                0x0000000000000000        0xa My/STM32_Perif/timers_ST.o
 .text.TIMx_Disable
                0x0000000000000000        0xa My/STM32_Perif/timers_ST.o
 .comment       0x0000000000000000       0x54 My/STM32_Perif/timers_ST.o
 .ARM.attributes
                0x0000000000000000       0x2d My/STM32_Perif/timers_ST.o
 .text          0x0000000000000000        0x0 My/STM32_Perif/uart_ST.o
 .data          0x0000000000000000        0x0 My/STM32_Perif/uart_ST.o
 .bss           0x0000000000000000        0x0 My/STM32_Perif/uart_ST.o
 .text.USARTx_SendBuff
                0x0000000000000000       0x18 My/STM32_Perif/uart_ST.o
 .text.RING_BUFF_FlushRxBuf
                0x0000000000000000       0x1c My/STM32_Perif/uart_ST.o
 .text.USARTx_Init
                0x0000000000000000      0x118 My/STM32_Perif/uart_ST.o
 .text.RING_BUFF_Init
                0x0000000000000000        0x4 My/STM32_Perif/uart_ST.o
 .text.RING_BUFF_GetRxCount
                0x0000000000000000        0xc My/STM32_Perif/uart_ST.o
 .text.RING_BUFF_GetByte
                0x0000000000000000       0x34 My/STM32_Perif/uart_ST.o
 .text.RING_BUFF_PutByteToRxBuff
                0x0000000000000000       0x34 My/STM32_Perif/uart_ST.o
 .text.USARTx_IT_Handler
                0x0000000000000000       0x42 My/STM32_Perif/uart_ST.o
 .text.RING_BUFF_CopyRxBuff
                0x0000000000000000       0x20 My/STM32_Perif/uart_ST.o
 .text.DMAxChxInitForTx
                0x0000000000000000       0x14 My/STM32_Perif/uart_ST.o
 .text.USART_DMA_Init
                0x0000000000000000       0x7c My/STM32_Perif/uart_ST.o
 .text.DMAxChxStartTx
                0x0000000000000000       0x16 My/STM32_Perif/uart_ST.o
 .text.DMA1_Chx_IT_Handler
                0x0000000000000000       0x28 My/STM32_Perif/uart_ST.o
 .text.DMA1_Channel4_Handler
                0x0000000000000000       0x34 My/STM32_Perif/uart_ST.o
 .bss.ringRxBuf
                0x0000000000000000       0x20 My/STM32_Perif/uart_ST.o
 .bss.ringRxBufHead
                0x0000000000000000        0x4 My/STM32_Perif/uart_ST.o
 .bss.ringRxBufTail
                0x0000000000000000        0x4 My/STM32_Perif/uart_ST.o
 .bss.ringRxCount
                0x0000000000000000        0x4 My/STM32_Perif/uart_ST.o
 .comment       0x0000000000000000       0x54 My/STM32_Perif/uart_ST.o
 .ARM.attributes
                0x0000000000000000       0x2d My/STM32_Perif/uart_ST.o
 .text          0x0000000000000000       0x14 My/Startup/startup_stm32f103c8tx.o
 .data          0x0000000000000000        0x0 My/Startup/startup_stm32f103c8tx.o
 .bss           0x0000000000000000        0x0 My/Startup/startup_stm32f103c8tx.o

Memory Configuration

Name             Origin             Length             Attributes
SHARED_RAM       0x0000000020000000 0x0000000000000100 xrw
RAM              0x0000000020000100 0x0000000000004f00 xrw
FLASH            0x0000000008000000 0x0000000000002800 xr
*default*        0x0000000000000000 0xffffffffffffffff

Linker script and memory map

LOAD BootLoader/bootLoader.o
LOAD BootLoader/sharedMemory.o
LOAD My/Application/Crc.o
LOAD My/Application/Delay.o
LOAD My/CMSIS/system_stm32f1xx.o
LOAD My/Main/main.o
LOAD My/STM32_Perif/adc_ST.o
LOAD My/STM32_Perif/crc_ST.o
LOAD My/STM32_Perif/dma_ST.o
LOAD My/STM32_Perif/flash_ST.o
LOAD My/STM32_Perif/gpio_ST.o
LOAD My/STM32_Perif/i2c_ST.o
LOAD My/STM32_Perif/iwdg_ST.o
LOAD My/STM32_Perif/rtc_ST.o
LOAD My/STM32_Perif/spi_ST.o
LOAD My/STM32_Perif/stm32f10x_it.o
LOAD My/STM32_Perif/sys_ST.o
LOAD My/STM32_Perif/sys_tick_ST.o
LOAD My/STM32_Perif/timers_ST.o
LOAD My/STM32_Perif/uart_ST.o
LOAD My/Startup/startup_stm32f103c8tx.o
START GROUP
LOAD c:/st/stm32cubeide_1.5.0/stm32cubeide/plugins/com.st.stm32cube.ide.mcu.externaltools.gnu-tools-for-stm32.9-2020-q2-update.win32_1.5.0.202011040924/tools/bin/../lib/gcc/arm-none-eabi/9.3.1/../../../../arm-none-eabi/lib/thumb/v7-m/nofp\libc_nano.a
LOAD c:/st/stm32cubeide_1.5.0/stm32cubeide/plugins/com.st.stm32cube.ide.mcu.externaltools.gnu-tools-for-stm32.9-2020-q2-update.win32_1.5.0.202011040924/tools/bin/../lib/gcc/arm-none-eabi/9.3.1/../../../../arm-none-eabi/lib/thumb/v7-m/nofp\libm.a
END GROUP
START GROUP
LOAD c:/st/stm32cubeide_1.5.0/stm32cubeide/plugins/com.st.stm32cube.ide.mcu.externaltools.gnu-tools-for-stm32.9-2020-q2-update.win32_1.5.0.202011040924/tools/bin/../lib/gcc/arm-none-eabi/9.3.1/thumb/v7-m/nofp\libgcc.a
LOAD c:/st/stm32cubeide_1.5.0/stm32cubeide/plugins/com.st.stm32cube.ide.mcu.externaltools.gnu-tools-for-stm32.9-2020-q2-update.win32_1.5.0.202011040924/tools/bin/../lib/gcc/arm-none-eabi/9.3.1/../../../../arm-none-eabi/lib/thumb/v7-m/nofp\libc_nano.a
END GROUP
START GROUP
LOAD c:/st/stm32cubeide_1.5.0/stm32cubeide/plugins/com.st.stm32cube.ide.mcu.externaltools.gnu-tools-for-stm32.9-2020-q2-update.win32_1.5.0.202011040924/tools/bin/../lib/gcc/arm-none-eabi/9.3.1/thumb/v7-m/nofp\libgcc.a
LOAD c:/st/stm32cubeide_1.5.0/stm32cubeide/plugins/com.st.stm32cube.ide.mcu.externaltools.gnu-tools-for-stm32.9-2020-q2-update.win32_1.5.0.202011040924/tools/bin/../lib/gcc/arm-none-eabi/9.3.1/../../../../arm-none-eabi/lib/thumb/v7-m/nofp\libc_nano.a
LOAD c:/st/stm32cubeide_1.5.0/stm32cubeide/plugins/com.st.stm32cube.ide.mcu.externaltools.gnu-tools-for-stm32.9-2020-q2-update.win32_1.5.0.202011040924/tools/bin/../lib/gcc/arm-none-eabi/9.3.1/../../../../arm-none-eabi/lib/thumb/v7-m/nofp\libnosys.a
END GROUP
START GROUP
LOAD c:/st/stm32cubeide_1.5.0/stm32cubeide/plugins/com.st.stm32cube.ide.mcu.externaltools.gnu-tools-for-stm32.9-2020-q2-update.win32_1.5.0.202011040924/tools/bin/../lib/gcc/arm-none-eabi/9.3.1/thumb/v7-m/nofp\libgcc.a
LOAD c:/st/stm32cubeide_1.5.0/stm32cubeide/plugins/com.st.stm32cube.ide.mcu.externaltools.gnu-tools-for-stm32.9-2020-q2-update.win32_1.5.0.202011040924/tools/bin/../lib/gcc/arm-none-eabi/9.3.1/../../../../arm-none-eabi/lib/thumb/v7-m/nofp\libc_nano.a
LOAD c:/st/stm32cubeide_1.5.0/stm32cubeide/plugins/com.st.stm32cube.ide.mcu.externaltools.gnu-tools-for-stm32.9-2020-q2-update.win32_1.5.0.202011040924/tools/bin/../lib/gcc/arm-none-eabi/9.3.1/../../../../arm-none-eabi/lib/thumb/v7-m/nofp\libnosys.a
END GROUP
                0x0000000020005000                _estack = (ORIGIN (RAM) + LENGTH (RAM))
                0x0000000000000000                _Min_Heap_Size = 0x0
                0x0000000000000400                _Min_Stack_Size = 0x400

.shared_memory  0x0000000020000000        0xc
 *(.shared_memory)
 .shared_memory
                0x0000000020000000        0xc BootLoader/sharedMemory.o

.isr_vector     0x0000000008000000      0x130
                0x0000000008000000                . = ALIGN (0x4)
 *(.isr_vector)
 .isr_vector    0x0000000008000000      0x130 My/Startup/startup_stm32f103c8tx.o
                0x0000000008000000                g_pfnVectors
                0x0000000008000130                . = ALIGN (0x4)

.text           0x0000000008000130      0xef4
                0x0000000008000130                . = ALIGN (0x4)
 *(.text)
 *(.text*)
 .text.__NVIC_SystemReset
                0x0000000008000130       0x24 BootLoader/bootLoader.o
 .text._sendBuf
                0x0000000008000154       0x24 BootLoader/bootLoader.o
 .text._sendByte
                0x0000000008000178       0x2c BootLoader/bootLoader.o
 .text._waitEndRx
                0x00000000080001a4       0x48 BootLoader/bootLoader.o
 .text._getStartAddress.constprop.0
                0x00000000080001ec        0xc BootLoader/bootLoader.o
 .text._getChecksum.constprop.0
                0x00000000080001f8       0x20 BootLoader/bootLoader.o
 .text._cmd_Get
                0x0000000008000218       0x54 BootLoader/bootLoader.o
                0x0000000008000218                _cmd_Get
 .text._cmd_GetVersion
                0x000000000800026c       0x18 BootLoader/bootLoader.o
                0x000000000800026c                _cmd_GetVersion
 .text._cmd_GetID
                0x0000000008000284       0x2c BootLoader/bootLoader.o
                0x0000000008000284                _cmd_GetID
 .text._cmd_RM  0x00000000080002b0       0x68 BootLoader/bootLoader.o
                0x00000000080002b0                _cmd_RM
 .text._cmd_WM  0x0000000008000318       0x70 BootLoader/bootLoader.o
                0x0000000008000318                _cmd_WM
 .text._cmd_ERASE
                0x0000000008000388       0x88 BootLoader/bootLoader.o
                0x0000000008000388                _cmd_ERASE
 .text._cmd_NS_GetCheckSum
                0x0000000008000410       0xec BootLoader/bootLoader.o
                0x0000000008000410                _cmd_NS_GetCheckSum
 .text.I2C_IT_SlaveRxCpltCallback
                0x00000000080004fc       0x10 BootLoader/bootLoader.o
                0x00000000080004fc                I2C_IT_SlaveRxCpltCallback
 .text.BOOT_Init
                0x000000000800050c       0x48 BootLoader/bootLoader.o
                0x000000000800050c                BOOT_Init
 .text.BOOT_Indication
                0x0000000008000554       0x28 BootLoader/bootLoader.o
                0x0000000008000554                BOOT_Indication
 .text.BOOT_DeinitAll
                0x000000000800057c       0x54 BootLoader/bootLoader.o
                0x000000000800057c                BOOT_DeinitAll
 .text.BOOT_AppAvailableCheck
                0x00000000080005d0       0x18 BootLoader/bootLoader.o
                0x00000000080005d0                BOOT_AppAvailableCheck
 .text.BOOT_GetStateI2C
                0x00000000080005e8        0xc BootLoader/bootLoader.o
                0x00000000080005e8                BOOT_GetStateI2C
 .text.BOOT_GoToApp
                0x00000000080005f4       0x38 BootLoader/bootLoader.o
                0x00000000080005f4                BOOT_GoToApp
 .text._cmd_GO  0x000000000800062c       0x60 BootLoader/bootLoader.o
                0x000000000800062c                _cmd_GO
 .text.BOOT_Loop
                0x000000000800068c       0x94 BootLoader/bootLoader.o
                0x000000000800068c                BOOT_Loop
 .text.SharedMemory_Init
                0x0000000008000720       0x30 BootLoader/sharedMemory.o
                0x0000000008000720                SharedMemory_Init
 .text.SharedMemory_GetFlags
                0x0000000008000750        0xc BootLoader/sharedMemory.o
                0x0000000008000750                SharedMemory_GetFlags
 .text.SharedMemory_ClearFlag
                0x000000000800075c       0x10 BootLoader/sharedMemory.o
                0x000000000800075c                SharedMemory_ClearFlag
 .text.DELAY_Init
                0x000000000800076c       0x24 My/Application/Delay.o
                0x000000000800076c                DELAY_Init
 .text.DELAY_microSecCount
                0x0000000008000790       0x10 My/Application/Delay.o
                0x0000000008000790                DELAY_microSecCount
 .text.DELAY_microS
                0x00000000080007a0       0x20 My/Application/Delay.o
                0x00000000080007a0                DELAY_microS
 .text.DELAY_milliS
                0x00000000080007c0        0xa My/Application/Delay.o
                0x00000000080007c0                DELAY_milliS
 *fill*         0x00000000080007ca        0x2 
 .text.SystemInit
                0x00000000080007cc       0x4c My/CMSIS/system_stm32f1xx.o
                0x00000000080007cc                SystemInit
 .text.startup.main
                0x0000000008000818       0x6c My/Main/main.o
                0x0000000008000818                main
 .text.CRC_Init
                0x0000000008000884       0x10 My/STM32_Perif/crc_ST.o
                0x0000000008000884                CRC_Init
 .text._flash_Ready
                0x0000000008000894       0x10 My/STM32_Perif/flash_ST.o
 .text._flash_CheckEOP
                0x00000000080008a4       0x1c My/STM32_Perif/flash_ST.o
 .text.STM32_Flash_Lock
                0x00000000080008c0       0x10 My/STM32_Perif/flash_ST.o
                0x00000000080008c0                STM32_Flash_Lock
 .text.STM32_Flash_Unlock
                0x00000000080008d0       0x18 My/STM32_Perif/flash_ST.o
                0x00000000080008d0                STM32_Flash_Unlock
 .text.STM32_Flash_ErasePage
                0x00000000080008e8       0x3c My/STM32_Perif/flash_ST.o
                0x00000000080008e8                STM32_Flash_ErasePage
 .text.STM32_Flash_WriteBuf
                0x0000000008000924       0x44 My/STM32_Perif/flash_ST.o
                0x0000000008000924                STM32_Flash_WriteBuf
 .text.STM32_Flash_ReadWord
                0x0000000008000968        0x4 My/STM32_Perif/flash_ST.o
                0x0000000008000968                STM32_Flash_ReadWord
 .text.STM32_Flash_ReadBufU8
                0x000000000800096c       0x12 My/STM32_Perif/flash_ST.o
                0x000000000800096c                STM32_Flash_ReadBufU8
 *fill*         0x000000000800097e        0x2 
 .text.STM32_Flash_GetReadOutProtectionStatus
                0x0000000008000980       0x10 My/STM32_Perif/flash_ST.o
                0x0000000008000980                STM32_Flash_GetReadOutProtectionStatus
 .text._gpio_PortXClockEnable
                0x0000000008000990       0x48 My/STM32_Perif/gpio_ST.o
 .text.GPIO_InitForOutputPushPull
                0x00000000080009d8       0x4c My/STM32_Perif/gpio_ST.o
                0x00000000080009d8                GPIO_InitForOutputPushPull
 .text.GPIO_Init
                0x0000000008000a24       0x1c My/STM32_Perif/gpio_ST.o
                0x0000000008000a24                GPIO_Init
 .text._i2c_GPIO_Init
                0x0000000008000a40       0x5c My/STM32_Perif/i2c_ST.o
 .text._i2c_ClockEnable
                0x0000000008000a9c       0x1c My/STM32_Perif/i2c_ST.o
 .text._i2c_SetSpeed
                0x0000000008000ab8       0x48 My/STM32_Perif/i2c_ST.o
 .text.NVIC_EncodePriority.constprop.0
                0x0000000008000b00       0x2e My/STM32_Perif/i2c_ST.o
 .text.I2C_Master_Init
                0x0000000008000b2e       0x50 My/STM32_Perif/i2c_ST.o
                0x0000000008000b2e                I2C_Master_Init
 .text.I2C_Slave_Init
                0x0000000008000b7e       0x5c My/STM32_Perif/i2c_ST.o
                0x0000000008000b7e                I2C_Slave_Init
 .text.I2C_IT_InterruptDisable
                0x0000000008000bda        0xc My/STM32_Perif/i2c_ST.o
                0x0000000008000bda                I2C_IT_InterruptDisable
 .text.I2C_IT_InterruptEnable
                0x0000000008000be6        0xc My/STM32_Perif/i2c_ST.o
                0x0000000008000be6                I2C_IT_InterruptEnable
 *fill*         0x0000000008000bf2        0x2 
 .text.I2C_IT_Init
                0x0000000008000bf4       0xc8 My/STM32_Perif/i2c_ST.o
                0x0000000008000bf4                I2C_IT_Init
 .text.I2C_IT_SetpBuf
                0x0000000008000cbc        0x4 My/STM32_Perif/i2c_ST.o
                0x0000000008000cbc                I2C_IT_SetpBuf
 .text.I2C_IT_SetDataSize
                0x0000000008000cc0        0x8 My/STM32_Perif/i2c_ST.o
                0x0000000008000cc0                I2C_IT_SetDataSize
 .text.I2C_IT_SlaveTxCpltCallback
                0x0000000008000cc8        0x2 My/STM32_Perif/i2c_ST.o
                0x0000000008000cc8                I2C_IT_SlaveTxCpltCallback
 .text.I2C_IT_Error
                0x0000000008000cca       0x8c My/STM32_Perif/i2c_ST.o
 *fill*         0x0000000008000d56        0x2 
 .text.I2C_IT_EV_Handler
                0x0000000008000d58      0x100 My/STM32_Perif/i2c_ST.o
                0x0000000008000d58                I2C_IT_EV_Handler
 .text.I2C_IT_ER_Handler
                0x0000000008000e58       0x1c My/STM32_Perif/i2c_ST.o
                0x0000000008000e58                I2C_IT_ER_Handler
 .text.SysTick_Handler
                0x0000000008000e74        0x2 My/STM32_Perif/stm32f10x_it.o
                0x0000000008000e74                SysTick_Handler
 .text.WWDG_IRQHandler
                0x0000000008000e76        0x2 My/STM32_Perif/stm32f10x_it.o
                0x0000000008000e76                WWDG_IRQHandler
 .text.PVD_IRQHandler
                0x0000000008000e78        0x2 My/STM32_Perif/stm32f10x_it.o
                0x0000000008000e78                PVD_IRQHandler
 .text.TAMPER_IRQHandler
                0x0000000008000e7a        0x2 My/STM32_Perif/stm32f10x_it.o
                0x0000000008000e7a                TAMPER_IRQHandler
 .text.RTC_IRQHandler
                0x0000000008000e7c        0x2 My/STM32_Perif/stm32f10x_it.o
                0x0000000008000e7c                RTC_IRQHandler
 .text.FLASH_IRQHandler
                0x0000000008000e7e        0x2 My/STM32_Perif/stm32f10x_it.o
                0x0000000008000e7e                FLASH_IRQHandler
 .text.RCC_IRQHandler
                0x0000000008000e80        0x2 My/STM32_Perif/stm32f10x_it.o
                0x0000000008000e80                RCC_IRQHandler
 .text.EXTI0_IRQHandler
                0x0000000008000e82        0x2 My/STM32_Perif/stm32f10x_it.o
                0x0000000008000e82                EXTI0_IRQHandler
 .text.EXTI1_IRQHandler
                0x0000000008000e84        0x2 My/STM32_Perif/stm32f10x_it.o
                0x0000000008000e84                EXTI1_IRQHandler
 .text.EXTI2_IRQHandler
                0x0000000008000e86        0x2 My/STM32_Perif/stm32f10x_it.o
                0x0000000008000e86                EXTI2_IRQHandler
 .text.EXTI3_IRQHandler
                0x0000000008000e88        0x2 My/STM32_Perif/stm32f10x_it.o
                0x0000000008000e88                EXTI3_IRQHandler
 .text.EXTI4_IRQHandler
                0x0000000008000e8a        0x2 My/STM32_Perif/stm32f10x_it.o
                0x0000000008000e8a                EXTI4_IRQHandler
 .text.DMA1_Channel1_IRQHandler
                0x0000000008000e8c        0x2 My/STM32_Perif/stm32f10x_it.o
                0x0000000008000e8c                DMA1_Channel1_IRQHandler
 .text.DMA1_Channel2_IRQHandler
                0x0000000008000e8e        0x2 My/STM32_Perif/stm32f10x_it.o
                0x0000000008000e8e                DMA1_Channel2_IRQHandler
 .text.DMA1_Channel3_IRQHandler
                0x0000000008000e90        0x2 My/STM32_Perif/stm32f10x_it.o
                0x0000000008000e90                DMA1_Channel3_IRQHandler
 .text.DMA1_Channel4_IRQHandler
                0x0000000008000e92        0x2 My/STM32_Perif/stm32f10x_it.o
                0x0000000008000e92                DMA1_Channel4_IRQHandler
 .text.DMA1_Channel5_IRQHandler
                0x0000000008000e94        0x2 My/STM32_Perif/stm32f10x_it.o
                0x0000000008000e94                DMA1_Channel5_IRQHandler
 .text.DMA1_Channel6_IRQHandler
                0x0000000008000e96        0x2 My/STM32_Perif/stm32f10x_it.o
                0x0000000008000e96                DMA1_Channel6_IRQHandler
 .text.DMA1_Channel7_IRQHandler
                0x0000000008000e98        0x2 My/STM32_Perif/stm32f10x_it.o
                0x0000000008000e98                DMA1_Channel7_IRQHandler
 .text.ADC1_2_IRQHandler
                0x0000000008000e9a        0x2 My/STM32_Perif/stm32f10x_it.o
                0x0000000008000e9a                ADC1_2_IRQHandler
 .text.USB_HP_CAN_TX_IRQHandler
                0x0000000008000e9c        0x2 My/STM32_Perif/stm32f10x_it.o
                0x0000000008000e9c                USB_HP_CAN_TX_IRQHandler
 .text.USB_LP_CAN_RX0_IRQHandler
                0x0000000008000e9e        0x2 My/STM32_Perif/stm32f10x_it.o
                0x0000000008000e9e                USB_LP_CAN_RX0_IRQHandler
 .text.CAN_RX1_IRQHandler
                0x0000000008000ea0        0x2 My/STM32_Perif/stm32f10x_it.o
                0x0000000008000ea0                CAN_RX1_IRQHandler
 .text.CAN_SCE_IRQHandler
                0x0000000008000ea2        0x2 My/STM32_Perif/stm32f10x_it.o
                0x0000000008000ea2                CAN_SCE_IRQHandler
 .text.EXTI9_5_IRQHandler
                0x0000000008000ea4        0x2 My/STM32_Perif/stm32f10x_it.o
                0x0000000008000ea4                EXTI9_5_IRQHandler
 .text.TIM1_BRK_IRQHandler
                0x0000000008000ea6        0x2 My/STM32_Perif/stm32f10x_it.o
                0x0000000008000ea6                TIM1_BRK_IRQHandler
 .text.TIM1_UP_IRQHandler
                0x0000000008000ea8        0x2 My/STM32_Perif/stm32f10x_it.o
                0x0000000008000ea8                TIM1_UP_IRQHandler
 .text.TIM1_TRG_COM_IRQHandler
                0x0000000008000eaa        0x2 My/STM32_Perif/stm32f10x_it.o
                0x0000000008000eaa                TIM1_TRG_COM_IRQHandler
 .text.TIM1_CC_IRQHandler
                0x0000000008000eac        0x2 My/STM32_Perif/stm32f10x_it.o
                0x0000000008000eac                TIM1_CC_IRQHandler
 .text.TIM2_IRQHandler
                0x0000000008000eae        0x2 My/STM32_Perif/stm32f10x_it.o
                0x0000000008000eae                TIM2_IRQHandler
 .text.TIM3_IRQHandler
                0x0000000008000eb0        0x2 My/STM32_Perif/stm32f10x_it.o
                0x0000000008000eb0                TIM3_IRQHandler
 .text.TIM4_IRQHandler
                0x0000000008000eb2        0x2 My/STM32_Perif/stm32f10x_it.o
                0x0000000008000eb2                TIM4_IRQHandler
 .text.I2C1_EV_IRQHandler
                0x0000000008000eb4        0xc My/STM32_Perif/stm32f10x_it.o
                0x0000000008000eb4                I2C1_EV_IRQHandler
 .text.I2C1_ER_IRQHandler
                0x0000000008000ec0        0xc My/STM32_Perif/stm32f10x_it.o
                0x0000000008000ec0                I2C1_ER_IRQHandler
 .text.I2C2_EV_IRQHandler
                0x0000000008000ecc        0xc My/STM32_Perif/stm32f10x_it.o
                0x0000000008000ecc                I2C2_EV_IRQHandler
 .text.I2C2_ER_IRQHandler
                0x0000000008000ed8        0xc My/STM32_Perif/stm32f10x_it.o
                0x0000000008000ed8                I2C2_ER_IRQHandler
 .text.SPI1_IRQHandler
                0x0000000008000ee4        0x2 My/STM32_Perif/stm32f10x_it.o
                0x0000000008000ee4                SPI1_IRQHandler
 .text.SPI2_IRQHandler
                0x0000000008000ee6        0x2 My/STM32_Perif/stm32f10x_it.o
                0x0000000008000ee6                SPI2_IRQHandler
 .text.USART1_IRQHandler
                0x0000000008000ee8        0x2 My/STM32_Perif/stm32f10x_it.o
                0x0000000008000ee8                USART1_IRQHandler
 .text.USART2_IRQHandler
                0x0000000008000eea        0x2 My/STM32_Perif/stm32f10x_it.o
                0x0000000008000eea                USART2_IRQHandler
 .text.USART3_IRQHandler
                0x0000000008000eec        0x2 My/STM32_Perif/stm32f10x_it.o
                0x0000000008000eec                USART3_IRQHandler
 .text.EXTI15_10_IRQHandler
                0x0000000008000eee        0x2 My/STM32_Perif/stm32f10x_it.o
                0x0000000008000eee                EXTI15_10_IRQHandler
 .text.RTCAlarm_IRQHandler
                0x0000000008000ef0        0x2 My/STM32_Perif/stm32f10x_it.o
                0x0000000008000ef0                RTCAlarm_IRQHandler
 .text.TIM8_BRK_IRQHandler
                0x0000000008000ef2        0x2 My/STM32_Perif/stm32f10x_it.o
                0x0000000008000ef2                TIM8_BRK_IRQHandler
 .text.TIM8_UP_IRQHandler
                0x0000000008000ef4        0x2 My/STM32_Perif/stm32f10x_it.o
                0x0000000008000ef4                TIM8_UP_IRQHandler
 .text.TIM8_TRG_COM_IRQHandler
                0x0000000008000ef6        0x2 My/STM32_Perif/stm32f10x_it.o
                0x0000000008000ef6                TIM8_TRG_COM_IRQHandler
 .text.TIM8_CC_IRQHandler
                0x0000000008000ef8        0x2 My/STM32_Perif/stm32f10x_it.o
                0x0000000008000ef8                TIM8_CC_IRQHandler
 .text.ADC3_IRQHandler
                0x0000000008000efa        0x2 My/STM32_Perif/stm32f10x_it.o
                0x0000000008000efa                ADC3_IRQHandler
 .text.FSMC_IRQHandler
                0x0000000008000efc        0x2 My/STM32_Perif/stm32f10x_it.o
                0x0000000008000efc                FSMC_IRQHandler
 .text.SDIO_IRQHandler
                0x0000000008000efe        0x2 My/STM32_Perif/stm32f10x_it.o
                0x0000000008000efe                SDIO_IRQHandler
 .text.TIM5_IRQHandler
                0x0000000008000f00        0x2 My/STM32_Perif/stm32f10x_it.o
                0x0000000008000f00                TIM5_IRQHandler
 .text.SPI3_IRQHandler
                0x0000000008000f02        0x2 My/STM32_Perif/stm32f10x_it.o
                0x0000000008000f02                SPI3_IRQHandler
 .text.UART4_IRQHandler
                0x0000000008000f04        0x2 My/STM32_Perif/stm32f10x_it.o
                0x0000000008000f04                UART4_IRQHandler
 .text.UART5_IRQHandler
                0x0000000008000f06        0x2 My/STM32_Perif/stm32f10x_it.o
                0x0000000008000f06                UART5_IRQHandler
 .text.TIM6_IRQHandler
                0x0000000008000f08        0x2 My/STM32_Perif/stm32f10x_it.o
                0x0000000008000f08                TIM6_IRQHandler
 .text.TIM7_IRQHandler
                0x0000000008000f0a        0x2 My/STM32_Perif/stm32f10x_it.o
                0x0000000008000f0a                TIM7_IRQHandler
 .text.DMA2_Channel1_IRQHandler
                0x0000000008000f0c        0x2 My/STM32_Perif/stm32f10x_it.o
                0x0000000008000f0c                DMA2_Channel1_IRQHandler
 .text.DMA2_Channel2_IRQHandler
                0x0000000008000f0e        0x2 My/STM32_Perif/stm32f10x_it.o
                0x0000000008000f0e                DMA2_Channel2_IRQHandler
 .text.DMA2_Channel3_IRQHandler
                0x0000000008000f10        0x2 My/STM32_Perif/stm32f10x_it.o
                0x0000000008000f10                DMA2_Channel3_IRQHandler
 .text.DMA2_Channel4_5_IRQHandler
                0x0000000008000f12        0x2 My/STM32_Perif/stm32f10x_it.o
                0x0000000008000f12                DMA2_Channel4_5_IRQHandler
 .text.STM32_Clock_Init
                0x0000000008000f14       0xc0 My/STM32_Perif/sys_ST.o
                0x0000000008000f14                STM32_Clock_Init
 .text.Reset_Handler
                0x0000000008000fd4       0x4c My/Startup/startup_stm32f103c8tx.o
                0x0000000008000fd4                Reset_Handler
 .text.Default_Handler
                0x0000000008001020        0x2 My/Startup/startup_stm32f103c8tx.o
                0x0000000008001020                DebugMon_Handler
                0x0000000008001020                HardFault_Handler
                0x0000000008001020                PendSV_Handler
                0x0000000008001020                NMI_Handler
                0x0000000008001020                UsageFault_Handler
                0x0000000008001020                Default_Handler
                0x0000000008001020                MemManage_Handler
                0x0000000008001020                SVC_Handler
                0x0000000008001020                BusFault_Handler
 *(.glue_7)
 .glue_7        0x0000000008001022        0x0 linker stubs
 *(.glue_7t)
 .glue_7t       0x0000000008001022        0x0 linker stubs
 *(.eh_frame)
 *(.init)
 *(.fini)
                0x0000000008001024                . = ALIGN (0x4)
 *fill*         0x0000000008001022        0x2 
                0x0000000008001024                _etext = .

.vfp11_veneer   0x0000000008001024        0x0
 .vfp11_veneer  0x0000000008001024        0x0 linker stubs

.v4_bx          0x0000000008001024        0x0
 .v4_bx         0x0000000008001024        0x0 linker stubs

.iplt           0x0000000008001024        0x0
 .iplt          0x0000000008001024        0x0 BootLoader/bootLoader.o

.rel.dyn        0x0000000008001024        0x0
 .rel.iplt      0x0000000008001024        0x0 BootLoader/bootLoader.o

.rodata         0x0000000008001024        0x0
                0x0000000008001024                . = ALIGN (0x4)
 *(.rodata)
 *(.rodata*)
                0x0000000008001024                . = ALIGN (0x4)

.ARM.extab      0x0000000008001024        0x0
                0x0000000008001024                . = ALIGN (0x4)
 *(.ARM.extab* .gnu.linkonce.armextab.*)
                0x0000000008001024                . = ALIGN (0x4)

.ARM            0x0000000008001024        0x0
                0x0000000008001024                . = ALIGN (0x4)
                0x0000000008001024                __exidx_start = .
 *(.ARM.exidx*)
                0x0000000008001024                __exidx_end = .
                0x0000000008001024                . = ALIGN (0x4)

.preinit_array  0x0000000008001024        0x0
                0x0000000008001024                . = ALIGN (0x4)
                [!provide]                        PROVIDE (__preinit_array_start = .)
 *(.preinit_array*)
                [!provide]                        PROVIDE (__preinit_array_end = .)
                0x0000000008001024                . = ALIGN (0x4)

.init_array     0x0000000008001024        0x0
                0x0000000008001024                . = ALIGN (0x4)
                [!provide]                        PROVIDE (__init_array_start = .)
 *(SORT_BY_NAME(.init_array.*))
 *(.init_array*)
                [!provide]                        PROVIDE (__init_array_end = .)
                0x0000000008001024                . = ALIGN (0x4)

.fini_array     0x0000000008001024        0x0
                0x0000000008001024                . = ALIGN (0x4)
                [!provide]                        PROVIDE (__fini_array_start = .)
 *(SORT_BY_NAME(.fini_array.*))
 *(.fini_array*)
                [!provide]                        PROVIDE (__fini_array_end = .)
                0x0000000008001024                . = ALIGN (0x4)
                0x0000000008001024                _sidata = LOADADDR (.data)

.data           0x0000000020000100        0x0 load address 0x0000000008001024
                0x0000000020000100                . = ALIGN (0x4)
                0x0000000020000100                _sdata = .
 *(.data)
 *(.data*)
 *(.RamFunc)
 *(.RamFunc*)
                0x0000000020000100                . = ALIGN (0x4)
                0x0000000020000100                _edata = .

.igot.plt       0x0000000020000100        0x0 load address 0x0000000008001024
 .igot.plt      0x0000000020000100        0x0 BootLoader/bootLoader.o
                0x0000000020000100                . = ALIGN (0x4)

.bss            0x0000000020000100      0x438 load address 0x0000000008001024
                0x0000000020000100                _sbss = .
                0x0000000020000100                __bss_start__ = _sbss
 *(.bss)
 *(.bss*)
 .bss.I2c       0x0000000020000100       0x20 BootLoader/bootLoader.o
 .bss.bootBuf   0x0000000020000120      0x410 BootLoader/bootLoader.o
 .bss.i2c1_IT_Define
                0x0000000020000530        0x4 My/STM32_Perif/i2c_ST.o
 .bss.i2c2_IT_Define
                0x0000000020000534        0x4 My/STM32_Perif/i2c_ST.o
 *(COMMON)
                0x0000000020000538                . = ALIGN (0x4)
                0x0000000020000538                _ebss = .
                0x0000000020000538                __bss_end__ = _ebss

._user_heap_stack
                0x0000000020000538      0x400 load address 0x0000000008001024
                0x0000000020000538                . = ALIGN (0x8)
                [!provide]                        PROVIDE (end = .)
                [!provide]                        PROVIDE (_end = .)
                0x0000000020000538                . = (. + _Min_Heap_Size)
                0x0000000020000938                . = (. + _Min_Stack_Size)
 *fill*         0x0000000020000538      0x400 
                0x0000000020000938                . = ALIGN (0x8)
OUTPUT(f103c8t6_BootLoader.elf elf32-littlearm)
LOAD linker stubs

.comment        0x0000000000000000       0x53
 .comment       0x0000000000000000       0x53 BootLoader/bootLoader.o
                                         0x54 (size before relaxing)
 .comment       0x0000000000000053       0x54 BootLoader/sharedMemory.o
 .comment       0x0000000000000053       0x54 My/Application/Delay.o
 .comment       0x0000000000000053       0x54 My/CMSIS/system_stm32f1xx.o
 .comment       0x0000000000000053       0x54 My/Main/main.o
 .comment       0x0000000000000053       0x54 My/STM32_Perif/crc_ST.o
 .comment       0x0000000000000053       0x54 My/STM32_Perif/flash_ST.o
 .comment       0x0000000000000053       0x54 My/STM32_Perif/gpio_ST.o
 .comment       0x0000000000000053       0x54 My/STM32_Perif/i2c_ST.o
 .comment       0x0000000000000053       0x54 My/STM32_Perif/stm32f10x_it.o
 .comment       0x0000000000000053       0x54 My/STM32_Perif/sys_ST.o

.ARM.attributes
                0x0000000000000000       0x2b
 .ARM.attributes
                0x0000000000000000       0x2d BootLoader/bootLoader.o
 .ARM.attributes
                0x000000000000002d       0x2d BootLoader/sharedMemory.o
 .ARM.attributes
                0x000000000000005a       0x2d My/Application/Delay.o
 .ARM.attributes
                0x0000000000000087       0x2d My/CMSIS/system_stm32f1xx.o
 .ARM.attributes
                0x00000000000000b4       0x2d My/Main/main.o
 .ARM.attributes
                0x00000000000000e1       0x2d My/STM32_Perif/crc_ST.o
 .ARM.attributes
                0x000000000000010e       0x2d My/STM32_Perif/flash_ST.o
 .ARM.attributes
                0x000000000000013b       0x2d My/STM32_Perif/gpio_ST.o
 .ARM.attributes
                0x0000000000000168       0x2d My/STM32_Perif/i2c_ST.o
 .ARM.attributes
                0x0000000000000195       0x2d My/STM32_Perif/stm32f10x_it.o
 .ARM.attributes
                0x00000000000001c2       0x2d My/STM32_Perif/sys_ST.o
 .ARM.attributes
                0x00000000000001ef       0x21 My/Startup/startup_stm32f103c8tx.o
