Archive member included to satisfy reference by file (symbol)

c:/st/stm32cubeide_1.5.0/stm32cubeide/plugins/com.st.stm32cube.ide.mcu.externaltools.gnu-tools-for-stm32.9-2020-q2-update.win32_1.5.0.202011040924/tools/bin/../lib/gcc/arm-none-eabi/9.3.1/../../../../arm-none-eabi/lib/thumb/v7-m/nofp\libc_nano.a(lib_a-exit.o)
                              c:/st/stm32cubeide_1.5.0/stm32cubeide/plugins/com.st.stm32cube.ide.mcu.externaltools.gnu-tools-for-stm32.9-2020-q2-update.win32_1.5.0.202011040924/tools/bin/../lib/gcc/arm-none-eabi/9.3.1/../../../../arm-none-eabi/lib/thumb/v7-m/nofp/crt0.o (exit)
c:/st/stm32cubeide_1.5.0/stm32cubeide/plugins/com.st.stm32cube.ide.mcu.externaltools.gnu-tools-for-stm32.9-2020-q2-update.win32_1.5.0.202011040924/tools/bin/../lib/gcc/arm-none-eabi/9.3.1/../../../../arm-none-eabi/lib/thumb/v7-m/nofp\libc_nano.a(lib_a-impure.o)
                              c:/st/stm32cubeide_1.5.0/stm32cubeide/plugins/com.st.stm32cube.ide.mcu.externaltools.gnu-tools-for-stm32.9-2020-q2-update.win32_1.5.0.202011040924/tools/bin/../lib/gcc/arm-none-eabi/9.3.1/../../../../arm-none-eabi/lib/thumb/v7-m/nofp\libc_nano.a(lib_a-exit.o) (_global_impure_ptr)
c:/st/stm32cubeide_1.5.0/stm32cubeide/plugins/com.st.stm32cube.ide.mcu.externaltools.gnu-tools-for-stm32.9-2020-q2-update.win32_1.5.0.202011040924/tools/bin/../lib/gcc/arm-none-eabi/9.3.1/../../../../arm-none-eabi/lib/thumb/v7-m/nofp\libc_nano.a(lib_a-init.o)
                              c:/st/stm32cubeide_1.5.0/stm32cubeide/plugins/com.st.stm32cube.ide.mcu.externaltools.gnu-tools-for-stm32.9-2020-q2-update.win32_1.5.0.202011040924/tools/bin/../lib/gcc/arm-none-eabi/9.3.1/../../../../arm-none-eabi/lib/thumb/v7-m/nofp/crt0.o (__libc_init_array)
c:/st/stm32cubeide_1.5.0/stm32cubeide/plugins/com.st.stm32cube.ide.mcu.externaltools.gnu-tools-for-stm32.9-2020-q2-update.win32_1.5.0.202011040924/tools/bin/../lib/gcc/arm-none-eabi/9.3.1/../../../../arm-none-eabi/lib/thumb/v7-m/nofp\libc_nano.a(lib_a-memset.o)
                              c:/st/stm32cubeide_1.5.0/stm32cubeide/plugins/com.st.stm32cube.ide.mcu.externaltools.gnu-tools-for-stm32.9-2020-q2-update.win32_1.5.0.202011040924/tools/bin/../lib/gcc/arm-none-eabi/9.3.1/../../../../arm-none-eabi/lib/thumb/v7-m/nofp/crt0.o (memset)
c:/st/stm32cubeide_1.5.0/stm32cubeide/plugins/com.st.stm32cube.ide.mcu.externaltools.gnu-tools-for-stm32.9-2020-q2-update.win32_1.5.0.202011040924/tools/bin/../lib/gcc/arm-none-eabi/9.3.1/../../../../arm-none-eabi/lib/thumb/v7-m/nofp\libnosys.a(_exit.o)
                              c:/st/stm32cubeide_1.5.0/stm32cubeide/plugins/com.st.stm32cube.ide.mcu.externaltools.gnu-tools-for-stm32.9-2020-q2-update.win32_1.5.0.202011040924/tools/bin/../lib/gcc/arm-none-eabi/9.3.1/../../../../arm-none-eabi/lib/thumb/v7-m/nofp\libc_nano.a(lib_a-exit.o) (_exit)

Discarded input sections

 .text          0x0000000000000000        0x0 c:/st/stm32cubeide_1.5.0/stm32cubeide/plugins/com.st.stm32cube.ide.mcu.externaltools.gnu-tools-for-stm32.9-2020-q2-update.win32_1.5.0.202011040924/tools/bin/../lib/gcc/arm-none-eabi/9.3.1/thumb/v7-m/nofp/crti.o
 .data          0x0000000000000000        0x0 c:/st/stm32cubeide_1.5.0/stm32cubeide/plugins/com.st.stm32cube.ide.mcu.externaltools.gnu-tools-for-stm32.9-2020-q2-update.win32_1.5.0.202011040924/tools/bin/../lib/gcc/arm-none-eabi/9.3.1/thumb/v7-m/nofp/crti.o
 .bss           0x0000000000000000        0x0 c:/st/stm32cubeide_1.5.0/stm32cubeide/plugins/com.st.stm32cube.ide.mcu.externaltools.gnu-tools-for-stm32.9-2020-q2-update.win32_1.5.0.202011040924/tools/bin/../lib/gcc/arm-none-eabi/9.3.1/thumb/v7-m/nofp/crti.o
 .data          0x0000000000000000        0x4 c:/st/stm32cubeide_1.5.0/stm32cubeide/plugins/com.st.stm32cube.ide.mcu.externaltools.gnu-tools-for-stm32.9-2020-q2-update.win32_1.5.0.202011040924/tools/bin/../lib/gcc/arm-none-eabi/9.3.1/thumb/v7-m/nofp/crtbegin.o
 .text          0x0000000000000000       0x7c c:/st/stm32cubeide_1.5.0/stm32cubeide/plugins/com.st.stm32cube.ide.mcu.externaltools.gnu-tools-for-stm32.9-2020-q2-update.win32_1.5.0.202011040924/tools/bin/../lib/gcc/arm-none-eabi/9.3.1/../../../../arm-none-eabi/lib/thumb/v7-m/nofp/crt0.o
 .data          0x0000000000000000        0x0 c:/st/stm32cubeide_1.5.0/stm32cubeide/plugins/com.st.stm32cube.ide.mcu.externaltools.gnu-tools-for-stm32.9-2020-q2-update.win32_1.5.0.202011040924/tools/bin/../lib/gcc/arm-none-eabi/9.3.1/../../../../arm-none-eabi/lib/thumb/v7-m/nofp/crt0.o
 .bss           0x0000000000000000        0x0 c:/st/stm32cubeide_1.5.0/stm32cubeide/plugins/com.st.stm32cube.ide.mcu.externaltools.gnu-tools-for-stm32.9-2020-q2-update.win32_1.5.0.202011040924/tools/bin/../lib/gcc/arm-none-eabi/9.3.1/../../../../arm-none-eabi/lib/thumb/v7-m/nofp/crt0.o
 .ARM.extab     0x0000000000000000        0x0 c:/st/stm32cubeide_1.5.0/stm32cubeide/plugins/com.st.stm32cube.ide.mcu.externaltools.gnu-tools-for-stm32.9-2020-q2-update.win32_1.5.0.202011040924/tools/bin/../lib/gcc/arm-none-eabi/9.3.1/../../../../arm-none-eabi/lib/thumb/v7-m/nofp/crt0.o
 .ARM.exidx     0x0000000000000000       0x10 c:/st/stm32cubeide_1.5.0/stm32cubeide/plugins/com.st.stm32cube.ide.mcu.externaltools.gnu-tools-for-stm32.9-2020-q2-update.win32_1.5.0.202011040924/tools/bin/../lib/gcc/arm-none-eabi/9.3.1/../../../../arm-none-eabi/lib/thumb/v7-m/nofp/crt0.o
 .ARM.attributes
                0x0000000000000000       0x1b c:/st/stm32cubeide_1.5.0/stm32cubeide/plugins/com.st.stm32cube.ide.mcu.externaltools.gnu-tools-for-stm32.9-2020-q2-update.win32_1.5.0.202011040924/tools/bin/../lib/gcc/arm-none-eabi/9.3.1/../../../../arm-none-eabi/lib/thumb/v7-m/nofp/crt0.o
 .text          0x0000000000000000        0x0 BootLoader/bootLoader.o
 .data          0x0000000000000000        0x0 BootLoader/bootLoader.o
 .bss           0x0000000000000000        0x0 BootLoader/bootLoader.o
 .text._cmd_RP  0x0000000000000000       0x36 BootLoader/bootLoader.o
 .text._cmd_RUP
                0x0000000000000000       0x24 BootLoader/bootLoader.o
 .text.BOOT_GetAppSize
                0x0000000000000000       0x2c BootLoader/bootLoader.o
 .text.BOOT_SetAppLaunch
                0x0000000000000000        0x2 BootLoader/bootLoader.o
 .text.BOOT_GetAppLaunch
                0x0000000000000000        0x2 BootLoader/bootLoader.o
 .text.BOOT_CalcCrc
                0x0000000000000000        0x4 BootLoader/bootLoader.o
 .text.BOOT_ReadAppCrc
                0x0000000000000000        0x4 BootLoader/bootLoader.o
 .text.BOOT_CalcAndWriteAppCrc
                0x0000000000000000       0x18 BootLoader/bootLoader.o
 .text.BOOT_ErasePageAppState
                0x0000000000000000        0x2 BootLoader/bootLoader.o
 .text          0x0000000000000000        0x0 My/Application/Crc.o
 .data          0x0000000000000000        0x0 My/Application/Crc.o
 .bss           0x0000000000000000        0x0 My/Application/Crc.o
 .text.CRC16_FastCalculate
                0x0000000000000000       0x2c My/Application/Crc.o
 .text.CRC8_Calculate
                0x0000000000000000       0x2a My/Application/Crc.o
 .text.CRC8_FastCalculate
                0x0000000000000000       0x20 My/Application/Crc.o
 .text.CRC8_ForEachByte
                0x0000000000000000        0xc My/Application/Crc.o
 .text.CRC8_OneWire
                0x0000000000000000       0x32 My/Application/Crc.o
 .text.CRC8_TableOneWire
                0x0000000000000000       0x20 My/Application/Crc.o
 .text.CRC_Calculate
                0x0000000000000000        0x4 My/Application/Crc.o
 .data.Crc16Table
                0x0000000000000000      0x200 My/Application/Crc.o
 .rodata.Crc8Table
                0x0000000000000000      0x100 My/Application/Crc.o
 .rodata.Crc8Table_OneWire
                0x0000000000000000      0x100 My/Application/Crc.o
 .comment       0x0000000000000000       0x54 My/Application/Crc.o
 .ARM.attributes
                0x0000000000000000       0x2d My/Application/Crc.o
 .text          0x0000000000000000        0x0 My/Application/Delay.o
 .data          0x0000000000000000        0x0 My/Application/Delay.o
 .bss           0x0000000000000000        0x0 My/Application/Delay.o
 .text.msDelay_Loop
                0x0000000000000000       0x10 My/Application/Delay.o
 .text.msDelay  0x0000000000000000       0x20 My/Application/Delay.o
 .bss.msCounter
                0x0000000000000000        0x4 My/Application/Delay.o
 .text          0x0000000000000000        0x0 My/CMSIS/system_stm32f1xx.o
 .data          0x0000000000000000        0x0 My/CMSIS/system_stm32f1xx.o
 .bss           0x0000000000000000        0x0 My/CMSIS/system_stm32f1xx.o
 .text.SystemCoreClockUpdate
                0x0000000000000000       0x58 My/CMSIS/system_stm32f1xx.o
 .data.SystemCoreClock
                0x0000000000000000        0x4 My/CMSIS/system_stm32f1xx.o
 .rodata.AHBPrescTable
                0x0000000000000000       0x10 My/CMSIS/system_stm32f1xx.o
 .rodata.APBPrescTable
                0x0000000000000000        0x8 My/CMSIS/system_stm32f1xx.o
 .text          0x0000000000000000        0x0 My/Main/main.o
 .data          0x0000000000000000        0x0 My/Main/main.o
 .bss           0x0000000000000000        0x0 My/Main/main.o
 .data.applLaunch
                0x0000000000000000        0x4 My/Main/main.o
 .rodata.appMetadata
                0x0000000000000000        0x4 My/Main/main.o
 .text          0x0000000000000000        0x0 My/STM32_Perif/adc_ST.o
 .data          0x0000000000000000        0x0 My/STM32_Perif/adc_ST.o
 .bss           0x0000000000000000        0x0 My/STM32_Perif/adc_ST.o
 .text.ADC_Init
                0x0000000000000000       0x70 My/STM32_Perif/adc_ST.o
 .text.ADC_Loop
                0x0000000000000000        0x2 My/STM32_Perif/adc_ST.o
 .text.ADC_GetMeas
                0x0000000000000000       0x28 My/STM32_Perif/adc_ST.o
 .text.ADC_GetRegDR
                0x0000000000000000        0x6 My/STM32_Perif/adc_ST.o
 .text.ADC_GetRegJDRx
                0x0000000000000000       0x26 My/STM32_Perif/adc_ST.o
 .comment       0x0000000000000000       0x54 My/STM32_Perif/adc_ST.o
 .ARM.attributes
                0x0000000000000000       0x2d My/STM32_Perif/adc_ST.o
 .text          0x0000000000000000        0x0 My/STM32_Perif/crc_ST.o
 .data          0x0000000000000000        0x0 My/STM32_Perif/crc_ST.o
 .bss           0x0000000000000000        0x0 My/STM32_Perif/crc_ST.o
 .text.CRC_CalcCrc
                0x0000000000000000       0x24 My/STM32_Perif/crc_ST.o
 .text          0x0000000000000000        0x0 My/STM32_Perif/dma_ST.o
 .data          0x0000000000000000        0x0 My/STM32_Perif/dma_ST.o
 .bss           0x0000000000000000        0x0 My/STM32_Perif/dma_ST.o
 .text.DMA1ChX_Init
                0x0000000000000000       0x30 My/STM32_Perif/dma_ST.o
 .comment       0x0000000000000000       0x54 My/STM32_Perif/dma_ST.o
 .ARM.attributes
                0x0000000000000000       0x2d My/STM32_Perif/dma_ST.o
 .text          0x0000000000000000        0x0 My/STM32_Perif/flash_ST.o
 .data          0x0000000000000000        0x0 My/STM32_Perif/flash_ST.o
 .bss           0x0000000000000000        0x0 My/STM32_Perif/flash_ST.o
 .text.STM32_Flash_WriteWord
                0x0000000000000000       0x44 My/STM32_Perif/flash_ST.o
 .text.STM32_Flash_WriteHalfWord
                0x0000000000000000       0x34 My/STM32_Perif/flash_ST.o
 .text.STM32_Flash_ReadBufU32
                0x0000000000000000       0x16 My/STM32_Perif/flash_ST.o
 .text.STM32_Flash_ReadOutProtection
                0x0000000000000000       0x68 My/STM32_Perif/flash_ST.o
 .text.STM32_Flash_GetWriteProtectionOptionByte
                0x0000000000000000        0xc My/STM32_Perif/flash_ST.o
 .text.STM32_Flash_EnableWriteProtection
                0x0000000000000000        0x4 My/STM32_Perif/flash_ST.o
 .text          0x0000000000000000        0x0 My/STM32_Perif/gpio_ST.o
 .data          0x0000000000000000        0x0 My/STM32_Perif/gpio_ST.o
 .bss           0x0000000000000000        0x0 My/STM32_Perif/gpio_ST.o
 .text.GPIO_InitForOutputOpenDrain
                0x0000000000000000       0x58 My/STM32_Perif/gpio_ST.o
 .text.GPIO_InitForInputPullUp
                0x0000000000000000       0x6c My/STM32_Perif/gpio_ST.o
 .text.GPIO_InitForInputPullDown
                0x0000000000000000       0x6e My/STM32_Perif/gpio_ST.o
 .text.GPIO_InitForFloatingInput
                0x0000000000000000       0x64 My/STM32_Perif/gpio_ST.o
 .text.GPIO_CheckLoop
                0x0000000000000000       0xac My/STM32_Perif/gpio_ST.o
 .text.GPIO_GetPortState
                0x0000000000000000       0x40 My/STM32_Perif/gpio_ST.o
 .text.GPIO_GetPinState
                0x0000000000000000       0x50 My/STM32_Perif/gpio_ST.o
 .bss.GpioAIDRtemp.5019
                0x0000000000000000        0xc My/STM32_Perif/gpio_ST.o
 .bss.GpioAState
                0x0000000000000000        0x2 My/STM32_Perif/gpio_ST.o
 .bss.GpioBIDRtemp.5020
                0x0000000000000000        0xc My/STM32_Perif/gpio_ST.o
 .bss.GpioBState
                0x0000000000000000        0x2 My/STM32_Perif/gpio_ST.o
 .bss.GpioCIDRtemp.5021
                0x0000000000000000        0xc My/STM32_Perif/gpio_ST.o
 .bss.GpioCState
                0x0000000000000000        0x2 My/STM32_Perif/gpio_ST.o
 .bss.cycle.5018
                0x0000000000000000        0x4 My/STM32_Perif/gpio_ST.o
 .bss.msCount.5017
                0x0000000000000000        0x4 My/STM32_Perif/gpio_ST.o
 .text          0x0000000000000000        0x0 My/STM32_Perif/i2c_ST.o
 .data          0x0000000000000000        0x0 My/STM32_Perif/i2c_ST.o
 .bss           0x0000000000000000        0x0 My/STM32_Perif/i2c_ST.o
 .text.I2C_Master_GetNacCount
                0x0000000000000000        0x4 My/STM32_Perif/i2c_ST.o
 .text.I2C_Master_CheckSlave
                0x0000000000000000       0x18 My/STM32_Perif/i2c_ST.o
 .text.I2C_Master_Write
                0x0000000000000000       0x36 My/STM32_Perif/i2c_ST.o
 .text.I2C_Master_Read
                0x0000000000000000       0x54 My/STM32_Perif/i2c_ST.o
 .text.I2C_IT_DeInit
                0x0000000000000000       0x50 My/STM32_Perif/i2c_ST.o
 .text.I2C_IT_GetDataCount
                0x0000000000000000        0x4 My/STM32_Perif/i2c_ST.o
 .text.I2C_IT_SlaveTxCpltCallback
                0x0000000000000000        0x2 My/STM32_Perif/i2c_ST.o
 .text.I2C_IT_SlaveRxCpltCallback
                0x0000000000000000        0x2 My/STM32_Perif/i2c_ST.o
 .text          0x0000000000000000        0x0 My/STM32_Perif/iwdg_ST.o
 .data          0x0000000000000000        0x0 My/STM32_Perif/iwdg_ST.o
 .bss           0x0000000000000000        0x0 My/STM32_Perif/iwdg_ST.o
 .text          0x0000000000000000        0x0 My/STM32_Perif/rtc_ST.o
 .data          0x0000000000000000        0x0 My/STM32_Perif/rtc_ST.o
 .bss           0x0000000000000000        0x0 My/STM32_Perif/rtc_ST.o
 .text.RTC_Init
                0x0000000000000000       0x9c My/STM32_Perif/rtc_ST.o
 .text.RTC_GetCounter
                0x0000000000000000       0x10 My/STM32_Perif/rtc_ST.o
 .text.RTC_SetCounter
                0x0000000000000000       0x20 My/STM32_Perif/rtc_ST.o
 .text.RTC_IT_Handler
                0x0000000000000000       0x34 My/STM32_Perif/rtc_ST.o
 .comment       0x0000000000000000       0x54 My/STM32_Perif/rtc_ST.o
 .ARM.attributes
                0x0000000000000000       0x2d My/STM32_Perif/rtc_ST.o
 .text          0x0000000000000000        0x0 My/STM32_Perif/spi_ST.o
 .data          0x0000000000000000        0x0 My/STM32_Perif/spi_ST.o
 .bss           0x0000000000000000        0x0 My/STM32_Perif/spi_ST.o
 .text._spi_GPIO_Init
                0x0000000000000000       0x88 My/STM32_Perif/spi_ST.o
 .text.SPI_Init
                0x0000000000000000       0x48 My/STM32_Perif/spi_ST.o
 .text.SPI_RxByte
                0x0000000000000000       0x18 My/STM32_Perif/spi_ST.o
 .text.SPI_TxRxByte
                0x0000000000000000       0x16 My/STM32_Perif/spi_ST.o
 .text.SPI_Rx3Byte
                0x0000000000000000       0x48 My/STM32_Perif/spi_ST.o
 .comment       0x0000000000000000       0x54 My/STM32_Perif/spi_ST.o
 .ARM.attributes
                0x0000000000000000       0x2d My/STM32_Perif/spi_ST.o
 .text          0x0000000000000000        0x0 My/STM32_Perif/stm32f10x_it.o
 .data          0x0000000000000000        0x0 My/STM32_Perif/stm32f10x_it.o
 .bss           0x0000000000000000        0x0 My/STM32_Perif/stm32f10x_it.o
 .text.NMIException
                0x0000000000000000       0x24 My/STM32_Perif/stm32f10x_it.o
 .text.HardFaultException
                0x0000000000000000        0x6 My/STM32_Perif/stm32f10x_it.o
 .text.MemManageException
                0x0000000000000000        0x6 My/STM32_Perif/stm32f10x_it.o
 .text.BusFaultException
                0x0000000000000000        0x6 My/STM32_Perif/stm32f10x_it.o
 .text.UsageFaultException
                0x0000000000000000        0x6 My/STM32_Perif/stm32f10x_it.o
 .text.DebugMonitor
                0x0000000000000000        0x6 My/STM32_Perif/stm32f10x_it.o
 .text.SVCHandler
                0x0000000000000000        0x6 My/STM32_Perif/stm32f10x_it.o
 .text.PendSVC  0x0000000000000000        0x6 My/STM32_Perif/stm32f10x_it.o
 .text.USBWakeUp_IRQHandler
                0x0000000000000000        0x2 My/STM32_Perif/stm32f10x_it.o
 .text          0x0000000000000000        0x0 My/STM32_Perif/sys_ST.o
 .data          0x0000000000000000        0x0 My/STM32_Perif/sys_ST.o
 .bss           0x0000000000000000        0x0 My/STM32_Perif/sys_ST.o
 .text          0x0000000000000000        0x0 My/STM32_Perif/sys_tick_ST.o
 .data          0x0000000000000000        0x0 My/STM32_Perif/sys_tick_ST.o
 .bss           0x0000000000000000        0x0 My/STM32_Perif/sys_tick_ST.o
 .text.SYS_TICK_Init
                0x0000000000000000       0x18 My/STM32_Perif/sys_tick_ST.o
 .text.SYS_TICK_Control
                0x0000000000000000       0x18 My/STM32_Perif/sys_tick_ST.o
 .comment       0x0000000000000000       0x54 My/STM32_Perif/sys_tick_ST.o
 .ARM.attributes
                0x0000000000000000       0x2d My/STM32_Perif/sys_tick_ST.o
 .text          0x0000000000000000        0x0 My/STM32_Perif/timers_ST.o
 .data          0x0000000000000000        0x0 My/STM32_Perif/timers_ST.o
 .bss           0x0000000000000000        0x0 My/STM32_Perif/timers_ST.o
 .text.TIM3_InitForPWM
                0x0000000000000000       0x6c My/STM32_Perif/timers_ST.o
 .text.TIM1_Init
                0x0000000000000000       0x3c My/STM32_Perif/timers_ST.o
 .text.TIM2_Init
                0x0000000000000000       0x60 My/STM32_Perif/timers_ST.o
 .text.TIMx_Enable
                0x0000000000000000        0xa My/STM32_Perif/timers_ST.o
 .text.TIMx_Disable
                0x0000000000000000        0xa My/STM32_Perif/timers_ST.o
 .comment       0x0000000000000000       0x54 My/STM32_Perif/timers_ST.o
 .ARM.attributes
                0x0000000000000000       0x2d My/STM32_Perif/timers_ST.o
 .text          0x0000000000000000        0x0 My/STM32_Perif/uart_ST.o
 .data          0x0000000000000000        0x0 My/STM32_Perif/uart_ST.o
 .bss           0x0000000000000000        0x0 My/STM32_Perif/uart_ST.o
 .text.USARTx_SendBuff
                0x0000000000000000       0x18 My/STM32_Perif/uart_ST.o
 .text.RING_BUFF_FlushRxBuf
                0x0000000000000000       0x1c My/STM32_Perif/uart_ST.o
 .text.USARTx_Init
                0x0000000000000000      0x118 My/STM32_Perif/uart_ST.o
 .text.RING_BUFF_Init
                0x0000000000000000        0x4 My/STM32_Perif/uart_ST.o
 .text.RING_BUFF_GetRxCount
                0x0000000000000000        0xc My/STM32_Perif/uart_ST.o
 .text.RING_BUFF_GetByte
                0x0000000000000000       0x34 My/STM32_Perif/uart_ST.o
 .text.RING_BUFF_PutByteToRxBuff
                0x0000000000000000       0x34 My/STM32_Perif/uart_ST.o
 .text.USARTx_IT_Handler
                0x0000000000000000       0x42 My/STM32_Perif/uart_ST.o
 .text.RING_BUFF_CopyRxBuff
                0x0000000000000000       0x20 My/STM32_Perif/uart_ST.o
 .text.DMAxChxInitForTx
                0x0000000000000000       0x14 My/STM32_Perif/uart_ST.o
 .text.USART_DMA_Init
                0x0000000000000000       0x7c My/STM32_Perif/uart_ST.o
 .text.DMAxChxStartTx
                0x0000000000000000       0x16 My/STM32_Perif/uart_ST.o
 .text.DMA1_Chx_IT_Handler
                0x0000000000000000       0x28 My/STM32_Perif/uart_ST.o
 .text.DMA1_Channel4_Handler
                0x0000000000000000       0x34 My/STM32_Perif/uart_ST.o
 .bss.ringRxBuf
                0x0000000000000000       0x20 My/STM32_Perif/uart_ST.o
 .bss.ringRxBufHead
                0x0000000000000000        0x4 My/STM32_Perif/uart_ST.o
 .bss.ringRxBufTail
                0x0000000000000000        0x4 My/STM32_Perif/uart_ST.o
 .bss.ringRxCount
                0x0000000000000000        0x4 My/STM32_Perif/uart_ST.o
 .comment       0x0000000000000000       0x54 My/STM32_Perif/uart_ST.o
 .ARM.attributes
                0x0000000000000000       0x2d My/STM32_Perif/uart_ST.o
 .text          0x0000000000000000       0x14 My/Startup/startup_stm32f103c8tx.o
 .data          0x0000000000000000        0x0 My/Startup/startup_stm32f103c8tx.o
 .bss           0x0000000000000000        0x0 My/Startup/startup_stm32f103c8tx.o
 .text          0x0000000000000000        0x0 c:/st/stm32cubeide_1.5.0/stm32cubeide/plugins/com.st.stm32cube.ide.mcu.externaltools.gnu-tools-for-stm32.9-2020-q2-update.win32_1.5.0.202011040924/tools/bin/../lib/gcc/arm-none-eabi/9.3.1/../../../../arm-none-eabi/lib/thumb/v7-m/nofp\libc_nano.a(lib_a-exit.o)
 .data          0x0000000000000000        0x0 c:/st/stm32cubeide_1.5.0/stm32cubeide/plugins/com.st.stm32cube.ide.mcu.externaltools.gnu-tools-for-stm32.9-2020-q2-update.win32_1.5.0.202011040924/tools/bin/../lib/gcc/arm-none-eabi/9.3.1/../../../../arm-none-eabi/lib/thumb/v7-m/nofp\libc_nano.a(lib_a-exit.o)
 .bss           0x0000000000000000        0x0 c:/st/stm32cubeide_1.5.0/stm32cubeide/plugins/com.st.stm32cube.ide.mcu.externaltools.gnu-tools-for-stm32.9-2020-q2-update.win32_1.5.0.202011040924/tools/bin/../lib/gcc/arm-none-eabi/9.3.1/../../../../arm-none-eabi/lib/thumb/v7-m/nofp\libc_nano.a(lib_a-exit.o)
 .text.exit     0x0000000000000000       0x28 c:/st/stm32cubeide_1.5.0/stm32cubeide/plugins/com.st.stm32cube.ide.mcu.externaltools.gnu-tools-for-stm32.9-2020-q2-update.win32_1.5.0.202011040924/tools/bin/../lib/gcc/arm-none-eabi/9.3.1/../../../../arm-none-eabi/lib/thumb/v7-m/nofp\libc_nano.a(lib_a-exit.o)
 .debug_frame   0x0000000000000000       0x28 c:/st/stm32cubeide_1.5.0/stm32cubeide/plugins/com.st.stm32cube.ide.mcu.externaltools.gnu-tools-for-stm32.9-2020-q2-update.win32_1.5.0.202011040924/tools/bin/../lib/gcc/arm-none-eabi/9.3.1/../../../../arm-none-eabi/lib/thumb/v7-m/nofp\libc_nano.a(lib_a-exit.o)
 .ARM.attributes
                0x0000000000000000       0x2d c:/st/stm32cubeide_1.5.0/stm32cubeide/plugins/com.st.stm32cube.ide.mcu.externaltools.gnu-tools-for-stm32.9-2020-q2-update.win32_1.5.0.202011040924/tools/bin/../lib/gcc/arm-none-eabi/9.3.1/../../../../arm-none-eabi/lib/thumb/v7-m/nofp\libc_nano.a(lib_a-exit.o)
 .text          0x0000000000000000        0x0 c:/st/stm32cubeide_1.5.0/stm32cubeide/plugins/com.st.stm32cube.ide.mcu.externaltools.gnu-tools-for-stm32.9-2020-q2-update.win32_1.5.0.202011040924/tools/bin/../lib/gcc/arm-none-eabi/9.3.1/../../../../arm-none-eabi/lib/thumb/v7-m/nofp\libc_nano.a(lib_a-impure.o)
 .data          0x0000000000000000        0x0 c:/st/stm32cubeide_1.5.0/stm32cubeide/plugins/com.st.stm32cube.ide.mcu.externaltools.gnu-tools-for-stm32.9-2020-q2-update.win32_1.5.0.202011040924/tools/bin/../lib/gcc/arm-none-eabi/9.3.1/../../../../arm-none-eabi/lib/thumb/v7-m/nofp\libc_nano.a(lib_a-impure.o)
 .bss           0x0000000000000000        0x0 c:/st/stm32cubeide_1.5.0/stm32cubeide/plugins/com.st.stm32cube.ide.mcu.externaltools.gnu-tools-for-stm32.9-2020-q2-update.win32_1.5.0.202011040924/tools/bin/../lib/gcc/arm-none-eabi/9.3.1/../../../../arm-none-eabi/lib/thumb/v7-m/nofp\libc_nano.a(lib_a-impure.o)
 .data._impure_ptr
                0x0000000000000000        0x4 c:/st/stm32cubeide_1.5.0/stm32cubeide/plugins/com.st.stm32cube.ide.mcu.externaltools.gnu-tools-for-stm32.9-2020-q2-update.win32_1.5.0.202011040924/tools/bin/../lib/gcc/arm-none-eabi/9.3.1/../../../../arm-none-eabi/lib/thumb/v7-m/nofp\libc_nano.a(lib_a-impure.o)
 .data.impure_data
                0x0000000000000000       0x60 c:/st/stm32cubeide_1.5.0/stm32cubeide/plugins/com.st.stm32cube.ide.mcu.externaltools.gnu-tools-for-stm32.9-2020-q2-update.win32_1.5.0.202011040924/tools/bin/../lib/gcc/arm-none-eabi/9.3.1/../../../../arm-none-eabi/lib/thumb/v7-m/nofp\libc_nano.a(lib_a-impure.o)
 .rodata._global_impure_ptr
                0x0000000000000000        0x4 c:/st/stm32cubeide_1.5.0/stm32cubeide/plugins/com.st.stm32cube.ide.mcu.externaltools.gnu-tools-for-stm32.9-2020-q2-update.win32_1.5.0.202011040924/tools/bin/../lib/gcc/arm-none-eabi/9.3.1/../../../../arm-none-eabi/lib/thumb/v7-m/nofp\libc_nano.a(lib_a-impure.o)
 .ARM.attributes
                0x0000000000000000       0x2d c:/st/stm32cubeide_1.5.0/stm32cubeide/plugins/com.st.stm32cube.ide.mcu.externaltools.gnu-tools-for-stm32.9-2020-q2-update.win32_1.5.0.202011040924/tools/bin/../lib/gcc/arm-none-eabi/9.3.1/../../../../arm-none-eabi/lib/thumb/v7-m/nofp\libc_nano.a(lib_a-impure.o)
 .text          0x0000000000000000        0x0 c:/st/stm32cubeide_1.5.0/stm32cubeide/plugins/com.st.stm32cube.ide.mcu.externaltools.gnu-tools-for-stm32.9-2020-q2-update.win32_1.5.0.202011040924/tools/bin/../lib/gcc/arm-none-eabi/9.3.1/../../../../arm-none-eabi/lib/thumb/v7-m/nofp\libc_nano.a(lib_a-init.o)
 .data          0x0000000000000000        0x0 c:/st/stm32cubeide_1.5.0/stm32cubeide/plugins/com.st.stm32cube.ide.mcu.externaltools.gnu-tools-for-stm32.9-2020-q2-update.win32_1.5.0.202011040924/tools/bin/../lib/gcc/arm-none-eabi/9.3.1/../../../../arm-none-eabi/lib/thumb/v7-m/nofp\libc_nano.a(lib_a-init.o)
 .bss           0x0000000000000000        0x0 c:/st/stm32cubeide_1.5.0/stm32cubeide/plugins/com.st.stm32cube.ide.mcu.externaltools.gnu-tools-for-stm32.9-2020-q2-update.win32_1.5.0.202011040924/tools/bin/../lib/gcc/arm-none-eabi/9.3.1/../../../../arm-none-eabi/lib/thumb/v7-m/nofp\libc_nano.a(lib_a-init.o)
 .text          0x0000000000000000        0x0 c:/st/stm32cubeide_1.5.0/stm32cubeide/plugins/com.st.stm32cube.ide.mcu.externaltools.gnu-tools-for-stm32.9-2020-q2-update.win32_1.5.0.202011040924/tools/bin/../lib/gcc/arm-none-eabi/9.3.1/../../../../arm-none-eabi/lib/thumb/v7-m/nofp\libc_nano.a(lib_a-memset.o)
 .data          0x0000000000000000        0x0 c:/st/stm32cubeide_1.5.0/stm32cubeide/plugins/com.st.stm32cube.ide.mcu.externaltools.gnu-tools-for-stm32.9-2020-q2-update.win32_1.5.0.202011040924/tools/bin/../lib/gcc/arm-none-eabi/9.3.1/../../../../arm-none-eabi/lib/thumb/v7-m/nofp\libc_nano.a(lib_a-memset.o)
 .bss           0x0000000000000000        0x0 c:/st/stm32cubeide_1.5.0/stm32cubeide/plugins/com.st.stm32cube.ide.mcu.externaltools.gnu-tools-for-stm32.9-2020-q2-update.win32_1.5.0.202011040924/tools/bin/../lib/gcc/arm-none-eabi/9.3.1/../../../../arm-none-eabi/lib/thumb/v7-m/nofp\libc_nano.a(lib_a-memset.o)
 .text.memset   0x0000000000000000       0x10 c:/st/stm32cubeide_1.5.0/stm32cubeide/plugins/com.st.stm32cube.ide.mcu.externaltools.gnu-tools-for-stm32.9-2020-q2-update.win32_1.5.0.202011040924/tools/bin/../lib/gcc/arm-none-eabi/9.3.1/../../../../arm-none-eabi/lib/thumb/v7-m/nofp\libc_nano.a(lib_a-memset.o)
 .debug_frame   0x0000000000000000       0x20 c:/st/stm32cubeide_1.5.0/stm32cubeide/plugins/com.st.stm32cube.ide.mcu.externaltools.gnu-tools-for-stm32.9-2020-q2-update.win32_1.5.0.202011040924/tools/bin/../lib/gcc/arm-none-eabi/9.3.1/../../../../arm-none-eabi/lib/thumb/v7-m/nofp\libc_nano.a(lib_a-memset.o)
 .ARM.attributes
                0x0000000000000000       0x2d c:/st/stm32cubeide_1.5.0/stm32cubeide/plugins/com.st.stm32cube.ide.mcu.externaltools.gnu-tools-for-stm32.9-2020-q2-update.win32_1.5.0.202011040924/tools/bin/../lib/gcc/arm-none-eabi/9.3.1/../../../../arm-none-eabi/lib/thumb/v7-m/nofp\libc_nano.a(lib_a-memset.o)
 .text          0x0000000000000000        0x0 c:/st/stm32cubeide_1.5.0/stm32cubeide/plugins/com.st.stm32cube.ide.mcu.externaltools.gnu-tools-for-stm32.9-2020-q2-update.win32_1.5.0.202011040924/tools/bin/../lib/gcc/arm-none-eabi/9.3.1/../../../../arm-none-eabi/lib/thumb/v7-m/nofp\libnosys.a(_exit.o)
 .data          0x0000000000000000        0x0 c:/st/stm32cubeide_1.5.0/stm32cubeide/plugins/com.st.stm32cube.ide.mcu.externaltools.gnu-tools-for-stm32.9-2020-q2-update.win32_1.5.0.202011040924/tools/bin/../lib/gcc/arm-none-eabi/9.3.1/../../../../arm-none-eabi/lib/thumb/v7-m/nofp\libnosys.a(_exit.o)
 .bss           0x0000000000000000        0x0 c:/st/stm32cubeide_1.5.0/stm32cubeide/plugins/com.st.stm32cube.ide.mcu.externaltools.gnu-tools-for-stm32.9-2020-q2-update.win32_1.5.0.202011040924/tools/bin/../lib/gcc/arm-none-eabi/9.3.1/../../../../arm-none-eabi/lib/thumb/v7-m/nofp\libnosys.a(_exit.o)
 .text._exit    0x0000000000000000        0x2 c:/st/stm32cubeide_1.5.0/stm32cubeide/plugins/com.st.stm32cube.ide.mcu.externaltools.gnu-tools-for-stm32.9-2020-q2-update.win32_1.5.0.202011040924/tools/bin/../lib/gcc/arm-none-eabi/9.3.1/../../../../arm-none-eabi/lib/thumb/v7-m/nofp\libnosys.a(_exit.o)
 .debug_frame   0x0000000000000000       0x20 c:/st/stm32cubeide_1.5.0/stm32cubeide/plugins/com.st.stm32cube.ide.mcu.externaltools.gnu-tools-for-stm32.9-2020-q2-update.win32_1.5.0.202011040924/tools/bin/../lib/gcc/arm-none-eabi/9.3.1/../../../../arm-none-eabi/lib/thumb/v7-m/nofp\libnosys.a(_exit.o)
 .ARM.attributes
                0x0000000000000000       0x2d c:/st/stm32cubeide_1.5.0/stm32cubeide/plugins/com.st.stm32cube.ide.mcu.externaltools.gnu-tools-for-stm32.9-2020-q2-update.win32_1.5.0.202011040924/tools/bin/../lib/gcc/arm-none-eabi/9.3.1/../../../../arm-none-eabi/lib/thumb/v7-m/nofp\libnosys.a(_exit.o)
 .text          0x0000000000000000        0x0 c:/st/stm32cubeide_1.5.0/stm32cubeide/plugins/com.st.stm32cube.ide.mcu.externaltools.gnu-tools-for-stm32.9-2020-q2-update.win32_1.5.0.202011040924/tools/bin/../lib/gcc/arm-none-eabi/9.3.1/thumb/v7-m/nofp/crtend.o
 .data          0x0000000000000000        0x0 c:/st/stm32cubeide_1.5.0/stm32cubeide/plugins/com.st.stm32cube.ide.mcu.externaltools.gnu-tools-for-stm32.9-2020-q2-update.win32_1.5.0.202011040924/tools/bin/../lib/gcc/arm-none-eabi/9.3.1/thumb/v7-m/nofp/crtend.o
 .bss           0x0000000000000000        0x0 c:/st/stm32cubeide_1.5.0/stm32cubeide/plugins/com.st.stm32cube.ide.mcu.externaltools.gnu-tools-for-stm32.9-2020-q2-update.win32_1.5.0.202011040924/tools/bin/../lib/gcc/arm-none-eabi/9.3.1/thumb/v7-m/nofp/crtend.o
 .eh_frame      0x0000000000000000        0x4 c:/st/stm32cubeide_1.5.0/stm32cubeide/plugins/com.st.stm32cube.ide.mcu.externaltools.gnu-tools-for-stm32.9-2020-q2-update.win32_1.5.0.202011040924/tools/bin/../lib/gcc/arm-none-eabi/9.3.1/thumb/v7-m/nofp/crtend.o
 .ARM.attributes
                0x0000000000000000       0x2d c:/st/stm32cubeide_1.5.0/stm32cubeide/plugins/com.st.stm32cube.ide.mcu.externaltools.gnu-tools-for-stm32.9-2020-q2-update.win32_1.5.0.202011040924/tools/bin/../lib/gcc/arm-none-eabi/9.3.1/thumb/v7-m/nofp/crtend.o
 .text          0x0000000000000000        0x0 c:/st/stm32cubeide_1.5.0/stm32cubeide/plugins/com.st.stm32cube.ide.mcu.externaltools.gnu-tools-for-stm32.9-2020-q2-update.win32_1.5.0.202011040924/tools/bin/../lib/gcc/arm-none-eabi/9.3.1/thumb/v7-m/nofp/crtn.o
 .data          0x0000000000000000        0x0 c:/st/stm32cubeide_1.5.0/stm32cubeide/plugins/com.st.stm32cube.ide.mcu.externaltools.gnu-tools-for-stm32.9-2020-q2-update.win32_1.5.0.202011040924/tools/bin/../lib/gcc/arm-none-eabi/9.3.1/thumb/v7-m/nofp/crtn.o
 .bss           0x0000000000000000        0x0 c:/st/stm32cubeide_1.5.0/stm32cubeide/plugins/com.st.stm32cube.ide.mcu.externaltools.gnu-tools-for-stm32.9-2020-q2-update.win32_1.5.0.202011040924/tools/bin/../lib/gcc/arm-none-eabi/9.3.1/thumb/v7-m/nofp/crtn.o

Memory Configuration

Name             Origin             Length             Attributes
RAM              0x0000000020000000 0x0000000000005000 xrw
FLASH            0x0000000008000000 0x0000000000002800 xr
*default*        0x0000000000000000 0xffffffffffffffff

Linker script and memory map

LOAD c:/st/stm32cubeide_1.5.0/stm32cubeide/plugins/com.st.stm32cube.ide.mcu.externaltools.gnu-tools-for-stm32.9-2020-q2-update.win32_1.5.0.202011040924/tools/bin/../lib/gcc/arm-none-eabi/9.3.1/thumb/v7-m/nofp/crti.o
LOAD c:/st/stm32cubeide_1.5.0/stm32cubeide/plugins/com.st.stm32cube.ide.mcu.externaltools.gnu-tools-for-stm32.9-2020-q2-update.win32_1.5.0.202011040924/tools/bin/../lib/gcc/arm-none-eabi/9.3.1/thumb/v7-m/nofp/crtbegin.o
LOAD c:/st/stm32cubeide_1.5.0/stm32cubeide/plugins/com.st.stm32cube.ide.mcu.externaltools.gnu-tools-for-stm32.9-2020-q2-update.win32_1.5.0.202011040924/tools/bin/../lib/gcc/arm-none-eabi/9.3.1/../../../../arm-none-eabi/lib/thumb/v7-m/nofp/crt0.o
LOAD BootLoader/bootLoader.o
LOAD My/Application/Crc.o
LOAD My/Application/Delay.o
LOAD My/CMSIS/system_stm32f1xx.o
LOAD My/Main/main.o
LOAD My/STM32_Perif/adc_ST.o
LOAD My/STM32_Perif/crc_ST.o
LOAD My/STM32_Perif/dma_ST.o
LOAD My/STM32_Perif/flash_ST.o
LOAD My/STM32_Perif/gpio_ST.o
LOAD My/STM32_Perif/i2c_ST.o
LOAD My/STM32_Perif/iwdg_ST.o
LOAD My/STM32_Perif/rtc_ST.o
LOAD My/STM32_Perif/spi_ST.o
LOAD My/STM32_Perif/stm32f10x_it.o
LOAD My/STM32_Perif/sys_ST.o
LOAD My/STM32_Perif/sys_tick_ST.o
LOAD My/STM32_Perif/timers_ST.o
LOAD My/STM32_Perif/uart_ST.o
LOAD My/Startup/startup_stm32f103c8tx.o
START GROUP
LOAD c:/st/stm32cubeide_1.5.0/stm32cubeide/plugins/com.st.stm32cube.ide.mcu.externaltools.gnu-tools-for-stm32.9-2020-q2-update.win32_1.5.0.202011040924/tools/bin/../lib/gcc/arm-none-eabi/9.3.1/../../../../arm-none-eabi/lib/thumb/v7-m/nofp\libc_nano.a
LOAD c:/st/stm32cubeide_1.5.0/stm32cubeide/plugins/com.st.stm32cube.ide.mcu.externaltools.gnu-tools-for-stm32.9-2020-q2-update.win32_1.5.0.202011040924/tools/bin/../lib/gcc/arm-none-eabi/9.3.1/../../../../arm-none-eabi/lib/thumb/v7-m/nofp\libm.a
END GROUP
START GROUP
LOAD c:/st/stm32cubeide_1.5.0/stm32cubeide/plugins/com.st.stm32cube.ide.mcu.externaltools.gnu-tools-for-stm32.9-2020-q2-update.win32_1.5.0.202011040924/tools/bin/../lib/gcc/arm-none-eabi/9.3.1/thumb/v7-m/nofp\libgcc.a
LOAD c:/st/stm32cubeide_1.5.0/stm32cubeide/plugins/com.st.stm32cube.ide.mcu.externaltools.gnu-tools-for-stm32.9-2020-q2-update.win32_1.5.0.202011040924/tools/bin/../lib/gcc/arm-none-eabi/9.3.1/../../../../arm-none-eabi/lib/thumb/v7-m/nofp\libc_nano.a
END GROUP
START GROUP
LOAD c:/st/stm32cubeide_1.5.0/stm32cubeide/plugins/com.st.stm32cube.ide.mcu.externaltools.gnu-tools-for-stm32.9-2020-q2-update.win32_1.5.0.202011040924/tools/bin/../lib/gcc/arm-none-eabi/9.3.1/thumb/v7-m/nofp\libgcc.a
LOAD c:/st/stm32cubeide_1.5.0/stm32cubeide/plugins/com.st.stm32cube.ide.mcu.externaltools.gnu-tools-for-stm32.9-2020-q2-update.win32_1.5.0.202011040924/tools/bin/../lib/gcc/arm-none-eabi/9.3.1/../../../../arm-none-eabi/lib/thumb/v7-m/nofp\libc_nano.a
LOAD c:/st/stm32cubeide_1.5.0/stm32cubeide/plugins/com.st.stm32cube.ide.mcu.externaltools.gnu-tools-for-stm32.9-2020-q2-update.win32_1.5.0.202011040924/tools/bin/../lib/gcc/arm-none-eabi/9.3.1/../../../../arm-none-eabi/lib/thumb/v7-m/nofp\libnosys.a
END GROUP
START GROUP
LOAD c:/st/stm32cubeide_1.5.0/stm32cubeide/plugins/com.st.stm32cube.ide.mcu.externaltools.gnu-tools-for-stm32.9-2020-q2-update.win32_1.5.0.202011040924/tools/bin/../lib/gcc/arm-none-eabi/9.3.1/thumb/v7-m/nofp\libgcc.a
LOAD c:/st/stm32cubeide_1.5.0/stm32cubeide/plugins/com.st.stm32cube.ide.mcu.externaltools.gnu-tools-for-stm32.9-2020-q2-update.win32_1.5.0.202011040924/tools/bin/../lib/gcc/arm-none-eabi/9.3.1/../../../../arm-none-eabi/lib/thumb/v7-m/nofp\libc_nano.a
LOAD c:/st/stm32cubeide_1.5.0/stm32cubeide/plugins/com.st.stm32cube.ide.mcu.externaltools.gnu-tools-for-stm32.9-2020-q2-update.win32_1.5.0.202011040924/tools/bin/../lib/gcc/arm-none-eabi/9.3.1/../../../../arm-none-eabi/lib/thumb/v7-m/nofp\libnosys.a
END GROUP
LOAD c:/st/stm32cubeide_1.5.0/stm32cubeide/plugins/com.st.stm32cube.ide.mcu.externaltools.gnu-tools-for-stm32.9-2020-q2-update.win32_1.5.0.202011040924/tools/bin/../lib/gcc/arm-none-eabi/9.3.1/thumb/v7-m/nofp/crtend.o
LOAD c:/st/stm32cubeide_1.5.0/stm32cubeide/plugins/com.st.stm32cube.ide.mcu.externaltools.gnu-tools-for-stm32.9-2020-q2-update.win32_1.5.0.202011040924/tools/bin/../lib/gcc/arm-none-eabi/9.3.1/thumb/v7-m/nofp/crtn.o
                0x0000000020005000                _estack = (ORIGIN (RAM) + LENGTH (RAM))
                0x0000000000000000                _Min_Heap_Size = 0x0
                0x0000000000000400                _Min_Stack_Size = 0x400

.isr_vector     0x0000000008000000      0x130
                0x0000000008000000                . = ALIGN (0x4)
 *(.isr_vector)
 .isr_vector    0x0000000008000000      0x130 My/Startup/startup_stm32f103c8tx.o
                0x0000000008000000                g_pfnVectors
                0x0000000008000130                . = ALIGN (0x4)

.text           0x0000000008000130      0xfa0
                0x0000000008000130                . = ALIGN (0x4)
 *(.text)
 .text          0x0000000008000130       0x40 c:/st/stm32cubeide_1.5.0/stm32cubeide/plugins/com.st.stm32cube.ide.mcu.externaltools.gnu-tools-for-stm32.9-2020-q2-update.win32_1.5.0.202011040924/tools/bin/../lib/gcc/arm-none-eabi/9.3.1/thumb/v7-m/nofp/crtbegin.o
 *(.text*)
 .text.__NVIC_SystemReset
                0x0000000008000170       0x24 BootLoader/bootLoader.o
 .text._sendBuf
                0x0000000008000194       0x24 BootLoader/bootLoader.o
 .text._sendByte
                0x00000000080001b8       0x2c BootLoader/bootLoader.o
 .text._waitEndRx
                0x00000000080001e4       0x4c BootLoader/bootLoader.o
 .text._getStartAddress.constprop.0
                0x0000000008000230        0xc BootLoader/bootLoader.o
 .text._getChecksum.constprop.0
                0x000000000800023c       0x20 BootLoader/bootLoader.o
 .text._cmd_Get
                0x000000000800025c       0x54 BootLoader/bootLoader.o
                0x000000000800025c                _cmd_Get
 .text._cmd_GetVersion
                0x00000000080002b0       0x18 BootLoader/bootLoader.o
                0x00000000080002b0                _cmd_GetVersion
 .text._cmd_GetID
                0x00000000080002c8       0x2c BootLoader/bootLoader.o
                0x00000000080002c8                _cmd_GetID
 .text._cmd_RM  0x00000000080002f4       0x68 BootLoader/bootLoader.o
                0x00000000080002f4                _cmd_RM
 .text._cmd_WM  0x000000000800035c       0x70 BootLoader/bootLoader.o
                0x000000000800035c                _cmd_WM
 .text._cmd_ERASE
                0x00000000080003cc       0x88 BootLoader/bootLoader.o
                0x00000000080003cc                _cmd_ERASE
 .text._cmd_NS_GetCheckSum
                0x0000000008000454       0xec BootLoader/bootLoader.o
                0x0000000008000454                _cmd_NS_GetCheckSum
 .text.I2C_IT_SlaveRxCpltCallback
                0x0000000008000540       0x10 BootLoader/bootLoader.o
                0x0000000008000540                I2C_IT_SlaveRxCpltCallback
 .text.I2C_IT_SlaveTxCpltCallback
                0x0000000008000550        0x2 BootLoader/bootLoader.o
                0x0000000008000550                I2C_IT_SlaveTxCpltCallback
 *fill*         0x0000000008000552        0x2 
 .text.BOOT_Init
                0x0000000008000554       0x48 BootLoader/bootLoader.o
                0x0000000008000554                BOOT_Init
 .text.BOOT_Indication
                0x000000000800059c       0x28 BootLoader/bootLoader.o
                0x000000000800059c                BOOT_Indication
 .text.BOOT_DeinitAll
                0x00000000080005c4       0x54 BootLoader/bootLoader.o
                0x00000000080005c4                BOOT_DeinitAll
 .text.BOOT_AppAvailableCheck
                0x0000000008000618       0x18 BootLoader/bootLoader.o
                0x0000000008000618                BOOT_AppAvailableCheck
 .text.BOOT_GetStateI2C
                0x0000000008000630        0xc BootLoader/bootLoader.o
                0x0000000008000630                BOOT_GetStateI2C
 .text.BOOT_GoToApp
                0x000000000800063c       0x3c BootLoader/bootLoader.o
                0x000000000800063c                BOOT_GoToApp
 .text._cmd_GO  0x0000000008000678       0x60 BootLoader/bootLoader.o
                0x0000000008000678                _cmd_GO
 .text.BOOT_Loop
                0x00000000080006d8       0x84 BootLoader/bootLoader.o
                0x00000000080006d8                BOOT_Loop
 .text.DELAY_Init
                0x000000000800075c       0x24 My/Application/Delay.o
                0x000000000800075c                DELAY_Init
 .text.DELAY_microSecCount
                0x0000000008000780       0x10 My/Application/Delay.o
                0x0000000008000780                DELAY_microSecCount
 .text.DELAY_microS
                0x0000000008000790       0x20 My/Application/Delay.o
                0x0000000008000790                DELAY_microS
 .text.DELAY_milliS
                0x00000000080007b0        0xa My/Application/Delay.o
                0x00000000080007b0                DELAY_milliS
 *fill*         0x00000000080007ba        0x2 
 .text.SystemInit
                0x00000000080007bc       0x4c My/CMSIS/system_stm32f1xx.o
                0x00000000080007bc                SystemInit
 .text.startup.main
                0x0000000008000808       0x64 My/Main/main.o
                0x0000000008000808                main
 .text.CRC_Init
                0x000000000800086c       0x10 My/STM32_Perif/crc_ST.o
                0x000000000800086c                CRC_Init
 .text._flash_Ready
                0x000000000800087c       0x10 My/STM32_Perif/flash_ST.o
 .text._flash_CheckEOP
                0x000000000800088c       0x1c My/STM32_Perif/flash_ST.o
 .text.STM32_Flash_Lock
                0x00000000080008a8       0x10 My/STM32_Perif/flash_ST.o
                0x00000000080008a8                STM32_Flash_Lock
 .text.STM32_Flash_Unlock
                0x00000000080008b8       0x18 My/STM32_Perif/flash_ST.o
                0x00000000080008b8                STM32_Flash_Unlock
 .text.STM32_Flash_ErasePage
                0x00000000080008d0       0x3c My/STM32_Perif/flash_ST.o
                0x00000000080008d0                STM32_Flash_ErasePage
 .text.STM32_Flash_WriteBuf
                0x000000000800090c       0x44 My/STM32_Perif/flash_ST.o
                0x000000000800090c                STM32_Flash_WriteBuf
 .text.STM32_Flash_ReadWord
                0x0000000008000950        0x4 My/STM32_Perif/flash_ST.o
                0x0000000008000950                STM32_Flash_ReadWord
 .text.STM32_Flash_ReadBufU8
                0x0000000008000954       0x12 My/STM32_Perif/flash_ST.o
                0x0000000008000954                STM32_Flash_ReadBufU8
 *fill*         0x0000000008000966        0x2 
 .text.STM32_Flash_GetReadOutProtectionStatus
                0x0000000008000968       0x10 My/STM32_Perif/flash_ST.o
                0x0000000008000968                STM32_Flash_GetReadOutProtectionStatus
 .text._gpio_PortXClockEnable
                0x0000000008000978       0x48 My/STM32_Perif/gpio_ST.o
 .text.GPIO_InitForOutputPushPull
                0x00000000080009c0       0x4c My/STM32_Perif/gpio_ST.o
                0x00000000080009c0                GPIO_InitForOutputPushPull
 .text.GPIO_Init
                0x0000000008000a0c       0x1c My/STM32_Perif/gpio_ST.o
                0x0000000008000a0c                GPIO_Init
 .text._i2c_GPIO_Init
                0x0000000008000a28       0x5c My/STM32_Perif/i2c_ST.o
 .text._i2c_ClockEnable
                0x0000000008000a84       0x1c My/STM32_Perif/i2c_ST.o
 .text._i2c_SetSpeed
                0x0000000008000aa0       0x48 My/STM32_Perif/i2c_ST.o
 .text.NVIC_EncodePriority.constprop.0
                0x0000000008000ae8       0x2e My/STM32_Perif/i2c_ST.o
 .text.I2C_Master_Init
                0x0000000008000b16       0x50 My/STM32_Perif/i2c_ST.o
                0x0000000008000b16                I2C_Master_Init
 .text.I2C_Slave_Init
                0x0000000008000b66       0x5c My/STM32_Perif/i2c_ST.o
                0x0000000008000b66                I2C_Slave_Init
 .text.I2C_IT_InterruptDisable
                0x0000000008000bc2        0xc My/STM32_Perif/i2c_ST.o
                0x0000000008000bc2                I2C_IT_InterruptDisable
 .text.I2C_IT_InterruptEnable
                0x0000000008000bce        0xc My/STM32_Perif/i2c_ST.o
                0x0000000008000bce                I2C_IT_InterruptEnable
 *fill*         0x0000000008000bda        0x2 
 .text.I2C_IT_Init
                0x0000000008000bdc       0xc8 My/STM32_Perif/i2c_ST.o
                0x0000000008000bdc                I2C_IT_Init
 .text.I2C_IT_SetpBuf
                0x0000000008000ca4        0x4 My/STM32_Perif/i2c_ST.o
                0x0000000008000ca4                I2C_IT_SetpBuf
 .text.I2C_IT_SetDataSize
                0x0000000008000ca8        0x8 My/STM32_Perif/i2c_ST.o
                0x0000000008000ca8                I2C_IT_SetDataSize
 .text.I2C_IT_Error
                0x0000000008000cb0       0x8c My/STM32_Perif/i2c_ST.o
 .text.I2C_IT_EV_Handler
                0x0000000008000d3c      0x100 My/STM32_Perif/i2c_ST.o
                0x0000000008000d3c                I2C_IT_EV_Handler
 .text.I2C_IT_ER_Handler
                0x0000000008000e3c       0x1c My/STM32_Perif/i2c_ST.o
                0x0000000008000e3c                I2C_IT_ER_Handler
 .text.IWDG_Init
                0x0000000008000e58       0x3c My/STM32_Perif/iwdg_ST.o
                0x0000000008000e58                IWDG_Init
 .text.IWDG_Reset
                0x0000000008000e94       0x10 My/STM32_Perif/iwdg_ST.o
                0x0000000008000e94                IWDG_Reset
 .text.IWDG_Stop
                0x0000000008000ea4       0x18 My/STM32_Perif/iwdg_ST.o
                0x0000000008000ea4                IWDG_Stop
 .text.SysTick_Handler
                0x0000000008000ebc        0x2 My/STM32_Perif/stm32f10x_it.o
                0x0000000008000ebc                SysTick_Handler
 .text.WWDG_IRQHandler
                0x0000000008000ebe        0x2 My/STM32_Perif/stm32f10x_it.o
                0x0000000008000ebe                WWDG_IRQHandler
 .text.PVD_IRQHandler
                0x0000000008000ec0        0x2 My/STM32_Perif/stm32f10x_it.o
                0x0000000008000ec0                PVD_IRQHandler
 .text.TAMPER_IRQHandler
                0x0000000008000ec2        0x2 My/STM32_Perif/stm32f10x_it.o
                0x0000000008000ec2                TAMPER_IRQHandler
 .text.RTC_IRQHandler
                0x0000000008000ec4        0x2 My/STM32_Perif/stm32f10x_it.o
                0x0000000008000ec4                RTC_IRQHandler
 .text.FLASH_IRQHandler
                0x0000000008000ec6        0x2 My/STM32_Perif/stm32f10x_it.o
                0x0000000008000ec6                FLASH_IRQHandler
 .text.RCC_IRQHandler
                0x0000000008000ec8        0x2 My/STM32_Perif/stm32f10x_it.o
                0x0000000008000ec8                RCC_IRQHandler
 .text.EXTI0_IRQHandler
                0x0000000008000eca        0x2 My/STM32_Perif/stm32f10x_it.o
                0x0000000008000eca                EXTI0_IRQHandler
 .text.EXTI1_IRQHandler
                0x0000000008000ecc        0x2 My/STM32_Perif/stm32f10x_it.o
                0x0000000008000ecc                EXTI1_IRQHandler
 .text.EXTI2_IRQHandler
                0x0000000008000ece        0x2 My/STM32_Perif/stm32f10x_it.o
                0x0000000008000ece                EXTI2_IRQHandler
 .text.EXTI3_IRQHandler
                0x0000000008000ed0        0x2 My/STM32_Perif/stm32f10x_it.o
                0x0000000008000ed0                EXTI3_IRQHandler
 .text.EXTI4_IRQHandler
                0x0000000008000ed2        0x2 My/STM32_Perif/stm32f10x_it.o
                0x0000000008000ed2                EXTI4_IRQHandler
 .text.DMA1_Channel1_IRQHandler
                0x0000000008000ed4        0x2 My/STM32_Perif/stm32f10x_it.o
                0x0000000008000ed4                DMA1_Channel1_IRQHandler
 .text.DMA1_Channel2_IRQHandler
                0x0000000008000ed6        0x2 My/STM32_Perif/stm32f10x_it.o
                0x0000000008000ed6                DMA1_Channel2_IRQHandler
 .text.DMA1_Channel3_IRQHandler
                0x0000000008000ed8        0x2 My/STM32_Perif/stm32f10x_it.o
                0x0000000008000ed8                DMA1_Channel3_IRQHandler
 .text.DMA1_Channel4_IRQHandler
                0x0000000008000eda        0x2 My/STM32_Perif/stm32f10x_it.o
                0x0000000008000eda                DMA1_Channel4_IRQHandler
 .text.DMA1_Channel5_IRQHandler
                0x0000000008000edc        0x2 My/STM32_Perif/stm32f10x_it.o
                0x0000000008000edc                DMA1_Channel5_IRQHandler
 .text.DMA1_Channel6_IRQHandler
                0x0000000008000ede        0x2 My/STM32_Perif/stm32f10x_it.o
                0x0000000008000ede                DMA1_Channel6_IRQHandler
 .text.DMA1_Channel7_IRQHandler
                0x0000000008000ee0        0x2 My/STM32_Perif/stm32f10x_it.o
                0x0000000008000ee0                DMA1_Channel7_IRQHandler
 .text.ADC1_2_IRQHandler
                0x0000000008000ee2        0x2 My/STM32_Perif/stm32f10x_it.o
                0x0000000008000ee2                ADC1_2_IRQHandler
 .text.USB_HP_CAN_TX_IRQHandler
                0x0000000008000ee4        0x2 My/STM32_Perif/stm32f10x_it.o
                0x0000000008000ee4                USB_HP_CAN_TX_IRQHandler
 .text.USB_LP_CAN_RX0_IRQHandler
                0x0000000008000ee6        0x2 My/STM32_Perif/stm32f10x_it.o
                0x0000000008000ee6                USB_LP_CAN_RX0_IRQHandler
 .text.CAN_RX1_IRQHandler
                0x0000000008000ee8        0x2 My/STM32_Perif/stm32f10x_it.o
                0x0000000008000ee8                CAN_RX1_IRQHandler
 .text.CAN_SCE_IRQHandler
                0x0000000008000eea        0x2 My/STM32_Perif/stm32f10x_it.o
                0x0000000008000eea                CAN_SCE_IRQHandler
 .text.EXTI9_5_IRQHandler
                0x0000000008000eec        0x2 My/STM32_Perif/stm32f10x_it.o
                0x0000000008000eec                EXTI9_5_IRQHandler
 .text.TIM1_BRK_IRQHandler
                0x0000000008000eee        0x2 My/STM32_Perif/stm32f10x_it.o
                0x0000000008000eee                TIM1_BRK_IRQHandler
 .text.TIM1_UP_IRQHandler
                0x0000000008000ef0        0x2 My/STM32_Perif/stm32f10x_it.o
                0x0000000008000ef0                TIM1_UP_IRQHandler
 .text.TIM1_TRG_COM_IRQHandler
                0x0000000008000ef2        0x2 My/STM32_Perif/stm32f10x_it.o
                0x0000000008000ef2                TIM1_TRG_COM_IRQHandler
 .text.TIM1_CC_IRQHandler
                0x0000000008000ef4        0x2 My/STM32_Perif/stm32f10x_it.o
                0x0000000008000ef4                TIM1_CC_IRQHandler
 .text.TIM2_IRQHandler
                0x0000000008000ef6        0x2 My/STM32_Perif/stm32f10x_it.o
                0x0000000008000ef6                TIM2_IRQHandler
 .text.TIM3_IRQHandler
                0x0000000008000ef8        0x2 My/STM32_Perif/stm32f10x_it.o
                0x0000000008000ef8                TIM3_IRQHandler
 .text.TIM4_IRQHandler
                0x0000000008000efa        0x2 My/STM32_Perif/stm32f10x_it.o
                0x0000000008000efa                TIM4_IRQHandler
 .text.I2C1_EV_IRQHandler
                0x0000000008000efc        0xc My/STM32_Perif/stm32f10x_it.o
                0x0000000008000efc                I2C1_EV_IRQHandler
 .text.I2C1_ER_IRQHandler
                0x0000000008000f08        0xc My/STM32_Perif/stm32f10x_it.o
                0x0000000008000f08                I2C1_ER_IRQHandler
 .text.I2C2_EV_IRQHandler
                0x0000000008000f14        0xc My/STM32_Perif/stm32f10x_it.o
                0x0000000008000f14                I2C2_EV_IRQHandler
 .text.I2C2_ER_IRQHandler
                0x0000000008000f20        0xc My/STM32_Perif/stm32f10x_it.o
                0x0000000008000f20                I2C2_ER_IRQHandler
 .text.SPI1_IRQHandler
                0x0000000008000f2c        0x2 My/STM32_Perif/stm32f10x_it.o
                0x0000000008000f2c                SPI1_IRQHandler
 .text.SPI2_IRQHandler
                0x0000000008000f2e        0x2 My/STM32_Perif/stm32f10x_it.o
                0x0000000008000f2e                SPI2_IRQHandler
 .text.USART1_IRQHandler
                0x0000000008000f30        0x2 My/STM32_Perif/stm32f10x_it.o
                0x0000000008000f30                USART1_IRQHandler
 .text.USART2_IRQHandler
                0x0000000008000f32        0x2 My/STM32_Perif/stm32f10x_it.o
                0x0000000008000f32                USART2_IRQHandler
 .text.USART3_IRQHandler
                0x0000000008000f34        0x2 My/STM32_Perif/stm32f10x_it.o
                0x0000000008000f34                USART3_IRQHandler
 .text.EXTI15_10_IRQHandler
                0x0000000008000f36        0x2 My/STM32_Perif/stm32f10x_it.o
                0x0000000008000f36                EXTI15_10_IRQHandler
 .text.RTCAlarm_IRQHandler
                0x0000000008000f38        0x2 My/STM32_Perif/stm32f10x_it.o
                0x0000000008000f38                RTCAlarm_IRQHandler
 .text.TIM8_BRK_IRQHandler
                0x0000000008000f3a        0x2 My/STM32_Perif/stm32f10x_it.o
                0x0000000008000f3a                TIM8_BRK_IRQHandler
 .text.TIM8_UP_IRQHandler
                0x0000000008000f3c        0x2 My/STM32_Perif/stm32f10x_it.o
                0x0000000008000f3c                TIM8_UP_IRQHandler
 .text.TIM8_TRG_COM_IRQHandler
                0x0000000008000f3e        0x2 My/STM32_Perif/stm32f10x_it.o
                0x0000000008000f3e                TIM8_TRG_COM_IRQHandler
 .text.TIM8_CC_IRQHandler
                0x0000000008000f40        0x2 My/STM32_Perif/stm32f10x_it.o
                0x0000000008000f40                TIM8_CC_IRQHandler
 .text.ADC3_IRQHandler
                0x0000000008000f42        0x2 My/STM32_Perif/stm32f10x_it.o
                0x0000000008000f42                ADC3_IRQHandler
 .text.FSMC_IRQHandler
                0x0000000008000f44        0x2 My/STM32_Perif/stm32f10x_it.o
                0x0000000008000f44                FSMC_IRQHandler
 .text.SDIO_IRQHandler
                0x0000000008000f46        0x2 My/STM32_Perif/stm32f10x_it.o
                0x0000000008000f46                SDIO_IRQHandler
 .text.TIM5_IRQHandler
                0x0000000008000f48        0x2 My/STM32_Perif/stm32f10x_it.o
                0x0000000008000f48                TIM5_IRQHandler
 .text.SPI3_IRQHandler
                0x0000000008000f4a        0x2 My/STM32_Perif/stm32f10x_it.o
                0x0000000008000f4a                SPI3_IRQHandler
 .text.UART4_IRQHandler
                0x0000000008000f4c        0x2 My/STM32_Perif/stm32f10x_it.o
                0x0000000008000f4c                UART4_IRQHandler
 .text.UART5_IRQHandler
                0x0000000008000f4e        0x2 My/STM32_Perif/stm32f10x_it.o
                0x0000000008000f4e                UART5_IRQHandler
 .text.TIM6_IRQHandler
                0x0000000008000f50        0x2 My/STM32_Perif/stm32f10x_it.o
                0x0000000008000f50                TIM6_IRQHandler
 .text.TIM7_IRQHandler
                0x0000000008000f52        0x2 My/STM32_Perif/stm32f10x_it.o
                0x0000000008000f52                TIM7_IRQHandler
 .text.DMA2_Channel1_IRQHandler
                0x0000000008000f54        0x2 My/STM32_Perif/stm32f10x_it.o
                0x0000000008000f54                DMA2_Channel1_IRQHandler
 .text.DMA2_Channel2_IRQHandler
                0x0000000008000f56        0x2 My/STM32_Perif/stm32f10x_it.o
                0x0000000008000f56                DMA2_Channel2_IRQHandler
 .text.DMA2_Channel3_IRQHandler
                0x0000000008000f58        0x2 My/STM32_Perif/stm32f10x_it.o
                0x0000000008000f58                DMA2_Channel3_IRQHandler
 .text.DMA2_Channel4_5_IRQHandler
                0x0000000008000f5a        0x2 My/STM32_Perif/stm32f10x_it.o
                0x0000000008000f5a                DMA2_Channel4_5_IRQHandler
 .text.STM32_Clock_Init
                0x0000000008000f5c       0xc0 My/STM32_Perif/sys_ST.o
                0x0000000008000f5c                STM32_Clock_Init
 .text.Reset_Handler
                0x000000000800101c       0x50 My/Startup/startup_stm32f103c8tx.o
                0x000000000800101c                Reset_Handler
 .text.Default_Handler
                0x000000000800106c        0x2 My/Startup/startup_stm32f103c8tx.o
                0x000000000800106c                DebugMon_Handler
                0x000000000800106c                HardFault_Handler
                0x000000000800106c                PendSV_Handler
                0x000000000800106c                NMI_Handler
                0x000000000800106c                UsageFault_Handler
                0x000000000800106c                Default_Handler
                0x000000000800106c                MemManage_Handler
                0x000000000800106c                SVC_Handler
                0x000000000800106c                BusFault_Handler
 *fill*         0x000000000800106e        0x2 
 .text.__libc_init_array
                0x0000000008001070       0x48 c:/st/stm32cubeide_1.5.0/stm32cubeide/plugins/com.st.stm32cube.ide.mcu.externaltools.gnu-tools-for-stm32.9-2020-q2-update.win32_1.5.0.202011040924/tools/bin/../lib/gcc/arm-none-eabi/9.3.1/../../../../arm-none-eabi/lib/thumb/v7-m/nofp\libc_nano.a(lib_a-init.o)
                0x0000000008001070                __libc_init_array
 *(.glue_7)
 .glue_7        0x00000000080010b8        0x0 linker stubs
 *(.glue_7t)
 .glue_7t       0x00000000080010b8        0x0 linker stubs
 *(.eh_frame)
 .eh_frame      0x00000000080010b8        0x0 c:/st/stm32cubeide_1.5.0/stm32cubeide/plugins/com.st.stm32cube.ide.mcu.externaltools.gnu-tools-for-stm32.9-2020-q2-update.win32_1.5.0.202011040924/tools/bin/../lib/gcc/arm-none-eabi/9.3.1/thumb/v7-m/nofp/crtbegin.o
 *(.init)
 .init          0x00000000080010b8        0x4 c:/st/stm32cubeide_1.5.0/stm32cubeide/plugins/com.st.stm32cube.ide.mcu.externaltools.gnu-tools-for-stm32.9-2020-q2-update.win32_1.5.0.202011040924/tools/bin/../lib/gcc/arm-none-eabi/9.3.1/thumb/v7-m/nofp/crti.o
                0x00000000080010b8                _init
 .init          0x00000000080010bc        0x8 c:/st/stm32cubeide_1.5.0/stm32cubeide/plugins/com.st.stm32cube.ide.mcu.externaltools.gnu-tools-for-stm32.9-2020-q2-update.win32_1.5.0.202011040924/tools/bin/../lib/gcc/arm-none-eabi/9.3.1/thumb/v7-m/nofp/crtn.o
 *(.fini)
 .fini          0x00000000080010c4        0x4 c:/st/stm32cubeide_1.5.0/stm32cubeide/plugins/com.st.stm32cube.ide.mcu.externaltools.gnu-tools-for-stm32.9-2020-q2-update.win32_1.5.0.202011040924/tools/bin/../lib/gcc/arm-none-eabi/9.3.1/thumb/v7-m/nofp/crti.o
                0x00000000080010c4                _fini
 .fini          0x00000000080010c8        0x8 c:/st/stm32cubeide_1.5.0/stm32cubeide/plugins/com.st.stm32cube.ide.mcu.externaltools.gnu-tools-for-stm32.9-2020-q2-update.win32_1.5.0.202011040924/tools/bin/../lib/gcc/arm-none-eabi/9.3.1/thumb/v7-m/nofp/crtn.o
                0x00000000080010d0                . = ALIGN (0x4)
                0x00000000080010d0                _etext = .

.vfp11_veneer   0x00000000080010d0        0x0
 .vfp11_veneer  0x00000000080010d0        0x0 linker stubs

.v4_bx          0x00000000080010d0        0x0
 .v4_bx         0x00000000080010d0        0x0 linker stubs

.iplt           0x00000000080010d0        0x0
 .iplt          0x00000000080010d0        0x0 c:/st/stm32cubeide_1.5.0/stm32cubeide/plugins/com.st.stm32cube.ide.mcu.externaltools.gnu-tools-for-stm32.9-2020-q2-update.win32_1.5.0.202011040924/tools/bin/../lib/gcc/arm-none-eabi/9.3.1/thumb/v7-m/nofp/crtbegin.o

.rel.dyn        0x00000000080010d0        0x0
 .rel.iplt      0x00000000080010d0        0x0 c:/st/stm32cubeide_1.5.0/stm32cubeide/plugins/com.st.stm32cube.ide.mcu.externaltools.gnu-tools-for-stm32.9-2020-q2-update.win32_1.5.0.202011040924/tools/bin/../lib/gcc/arm-none-eabi/9.3.1/thumb/v7-m/nofp/crtbegin.o

.rodata         0x00000000080010d0        0x0
                0x00000000080010d0                . = ALIGN (0x4)
 *(.rodata)
 *(.rodata*)
                0x00000000080010d0                . = ALIGN (0x4)

.ARM.extab      0x00000000080010d0        0x0
                0x00000000080010d0                . = ALIGN (0x4)
 *(.ARM.extab* .gnu.linkonce.armextab.*)
                0x00000000080010d0                . = ALIGN (0x4)

.ARM            0x00000000080010d0        0x0
                0x00000000080010d0                . = ALIGN (0x4)
                0x00000000080010d0                __exidx_start = .
 *(.ARM.exidx*)
                0x00000000080010d0                __exidx_end = .
                0x00000000080010d0                . = ALIGN (0x4)

.preinit_array  0x00000000080010d0        0x0
                0x00000000080010d0                . = ALIGN (0x4)
                0x00000000080010d0                PROVIDE (__preinit_array_start = .)
 *(.preinit_array*)
                0x00000000080010d0                PROVIDE (__preinit_array_end = .)
                0x00000000080010d0                . = ALIGN (0x4)

.init_array     0x00000000080010d0        0x4
                0x00000000080010d0                . = ALIGN (0x4)
                0x00000000080010d0                PROVIDE (__init_array_start = .)
 *(SORT_BY_NAME(.init_array.*))
 *(.init_array*)
 .init_array    0x00000000080010d0        0x4 c:/st/stm32cubeide_1.5.0/stm32cubeide/plugins/com.st.stm32cube.ide.mcu.externaltools.gnu-tools-for-stm32.9-2020-q2-update.win32_1.5.0.202011040924/tools/bin/../lib/gcc/arm-none-eabi/9.3.1/thumb/v7-m/nofp/crtbegin.o
                0x00000000080010d4                PROVIDE (__init_array_end = .)
                0x00000000080010d4                . = ALIGN (0x4)

.fini_array     0x00000000080010d4        0x4
                0x00000000080010d4                . = ALIGN (0x4)
                [!provide]                        PROVIDE (__fini_array_start = .)
 *(SORT_BY_NAME(.fini_array.*))
 *(.fini_array*)
 .fini_array    0x00000000080010d4        0x4 c:/st/stm32cubeide_1.5.0/stm32cubeide/plugins/com.st.stm32cube.ide.mcu.externaltools.gnu-tools-for-stm32.9-2020-q2-update.win32_1.5.0.202011040924/tools/bin/../lib/gcc/arm-none-eabi/9.3.1/thumb/v7-m/nofp/crtbegin.o
                [!provide]                        PROVIDE (__fini_array_end = .)
                0x00000000080010d8                . = ALIGN (0x4)
                0x00000000080010d8                _sidata = LOADADDR (.data)

.data           0x0000000020000000        0x0 load address 0x00000000080010d8
                0x0000000020000000                . = ALIGN (0x4)
                0x0000000020000000                _sdata = .
 *(.data)
 *(.data*)
 *(.RamFunc)
 *(.RamFunc*)
                0x0000000020000000                . = ALIGN (0x4)
                0x0000000020000000                _edata = .

.igot.plt       0x0000000020000000        0x0 load address 0x00000000080010d8
 .igot.plt      0x0000000020000000        0x0 c:/st/stm32cubeide_1.5.0/stm32cubeide/plugins/com.st.stm32cube.ide.mcu.externaltools.gnu-tools-for-stm32.9-2020-q2-update.win32_1.5.0.202011040924/tools/bin/../lib/gcc/arm-none-eabi/9.3.1/thumb/v7-m/nofp/crtbegin.o
                0x0000000020000000                . = ALIGN (0x4)

.bss            0x0000000020000000      0x454 load address 0x00000000080010d8
                0x0000000020000000                _sbss = .
                0x0000000020000000                __bss_start__ = _sbss
 *(.bss)
 .bss           0x0000000020000000       0x1c c:/st/stm32cubeide_1.5.0/stm32cubeide/plugins/com.st.stm32cube.ide.mcu.externaltools.gnu-tools-for-stm32.9-2020-q2-update.win32_1.5.0.202011040924/tools/bin/../lib/gcc/arm-none-eabi/9.3.1/thumb/v7-m/nofp/crtbegin.o
 *(.bss*)
 .bss.I2c       0x000000002000001c       0x20 BootLoader/bootLoader.o
 .bss.bootBuf   0x000000002000003c      0x410 BootLoader/bootLoader.o
 .bss.i2c1_IT_Define
                0x000000002000044c        0x4 My/STM32_Perif/i2c_ST.o
 .bss.i2c2_IT_Define
                0x0000000020000450        0x4 My/STM32_Perif/i2c_ST.o
 *(COMMON)
                0x0000000020000454                . = ALIGN (0x4)
                0x0000000020000454                _ebss = .
                0x0000000020000454                __bss_end__ = _ebss

._user_heap_stack
                0x0000000020000454      0x404 load address 0x00000000080010d8
                0x0000000020000458                . = ALIGN (0x8)
 *fill*         0x0000000020000454        0x4 
                [!provide]                        PROVIDE (end = .)
                [!provide]                        PROVIDE (_end = .)
                0x0000000020000458                . = (. + _Min_Heap_Size)
                0x0000000020000858                . = (. + _Min_Stack_Size)
 *fill*         0x0000000020000458      0x400 
                0x0000000020000858                . = ALIGN (0x8)

/DISCARD/
 libc.a(*)
 libm.a(*)
 libgcc.a(*)

.ARM.attributes
                0x0000000000000000       0x29
 *(.ARM.attributes)
 .ARM.attributes
                0x0000000000000000       0x1d c:/st/stm32cubeide_1.5.0/stm32cubeide/plugins/com.st.stm32cube.ide.mcu.externaltools.gnu-tools-for-stm32.9-2020-q2-update.win32_1.5.0.202011040924/tools/bin/../lib/gcc/arm-none-eabi/9.3.1/thumb/v7-m/nofp/crti.o
 .ARM.attributes
                0x000000000000001d       0x2d c:/st/stm32cubeide_1.5.0/stm32cubeide/plugins/com.st.stm32cube.ide.mcu.externaltools.gnu-tools-for-stm32.9-2020-q2-update.win32_1.5.0.202011040924/tools/bin/../lib/gcc/arm-none-eabi/9.3.1/thumb/v7-m/nofp/crtbegin.o
 .ARM.attributes
                0x000000000000004a       0x2d BootLoader/bootLoader.o
 .ARM.attributes
                0x0000000000000077       0x2d My/Application/Delay.o
 .ARM.attributes
                0x00000000000000a4       0x2d My/CMSIS/system_stm32f1xx.o
 .ARM.attributes
                0x00000000000000d1       0x2d My/Main/main.o
 .ARM.attributes
                0x00000000000000fe       0x2d My/STM32_Perif/crc_ST.o
 .ARM.attributes
                0x000000000000012b       0x2d My/STM32_Perif/flash_ST.o
 .ARM.attributes
                0x0000000000000158       0x2d My/STM32_Perif/gpio_ST.o
 .ARM.attributes
                0x0000000000000185       0x2d My/STM32_Perif/i2c_ST.o
 .ARM.attributes
                0x00000000000001b2       0x2d My/STM32_Perif/iwdg_ST.o
 .ARM.attributes
                0x00000000000001df       0x2d My/STM32_Perif/stm32f10x_it.o
 .ARM.attributes
                0x000000000000020c       0x2d My/STM32_Perif/sys_ST.o
 .ARM.attributes
                0x0000000000000239       0x21 My/Startup/startup_stm32f103c8tx.o
 .ARM.attributes
                0x000000000000025a       0x2d c:/st/stm32cubeide_1.5.0/stm32cubeide/plugins/com.st.stm32cube.ide.mcu.externaltools.gnu-tools-for-stm32.9-2020-q2-update.win32_1.5.0.202011040924/tools/bin/../lib/gcc/arm-none-eabi/9.3.1/../../../../arm-none-eabi/lib/thumb/v7-m/nofp\libc_nano.a(lib_a-init.o)
 .ARM.attributes
                0x0000000000000287       0x1d c:/st/stm32cubeide_1.5.0/stm32cubeide/plugins/com.st.stm32cube.ide.mcu.externaltools.gnu-tools-for-stm32.9-2020-q2-update.win32_1.5.0.202011040924/tools/bin/../lib/gcc/arm-none-eabi/9.3.1/thumb/v7-m/nofp/crtn.o
OUTPUT(f103c8t6_BootLoader.elf elf32-littlearm)
LOAD linker stubs
LOAD c:/st/stm32cubeide_1.5.0/stm32cubeide/plugins/com.st.stm32cube.ide.mcu.externaltools.gnu-tools-for-stm32.9-2020-q2-update.win32_1.5.0.202011040924/tools/bin/../lib/gcc/arm-none-eabi/9.3.1/../../../../arm-none-eabi/lib/thumb/v7-m/nofp\libc.a
LOAD c:/st/stm32cubeide_1.5.0/stm32cubeide/plugins/com.st.stm32cube.ide.mcu.externaltools.gnu-tools-for-stm32.9-2020-q2-update.win32_1.5.0.202011040924/tools/bin/../lib/gcc/arm-none-eabi/9.3.1/../../../../arm-none-eabi/lib/thumb/v7-m/nofp\libm.a
LOAD c:/st/stm32cubeide_1.5.0/stm32cubeide/plugins/com.st.stm32cube.ide.mcu.externaltools.gnu-tools-for-stm32.9-2020-q2-update.win32_1.5.0.202011040924/tools/bin/../lib/gcc/arm-none-eabi/9.3.1/thumb/v7-m/nofp\libgcc.a

.comment        0x0000000000000000       0x53
 .comment       0x0000000000000000       0x53 BootLoader/bootLoader.o
                                         0x54 (size before relaxing)
 .comment       0x0000000000000053       0x54 My/Application/Delay.o
 .comment       0x0000000000000053       0x54 My/CMSIS/system_stm32f1xx.o
 .comment       0x0000000000000053       0x54 My/Main/main.o
 .comment       0x0000000000000053       0x54 My/STM32_Perif/crc_ST.o
 .comment       0x0000000000000053       0x54 My/STM32_Perif/flash_ST.o
 .comment       0x0000000000000053       0x54 My/STM32_Perif/gpio_ST.o
 .comment       0x0000000000000053       0x54 My/STM32_Perif/i2c_ST.o
 .comment       0x0000000000000053       0x54 My/STM32_Perif/iwdg_ST.o
 .comment       0x0000000000000053       0x54 My/STM32_Perif/stm32f10x_it.o
 .comment       0x0000000000000053       0x54 My/STM32_Perif/sys_ST.o

.debug_frame    0x0000000000000000       0x2c
 .debug_frame   0x0000000000000000       0x2c c:/st/stm32cubeide_1.5.0/stm32cubeide/plugins/com.st.stm32cube.ide.mcu.externaltools.gnu-tools-for-stm32.9-2020-q2-update.win32_1.5.0.202011040924/tools/bin/../lib/gcc/arm-none-eabi/9.3.1/../../../../arm-none-eabi/lib/thumb/v7-m/nofp\libc_nano.a(lib_a-init.o)
