Archive member included to satisfy reference by file (symbol)

c:/st/stm32cubeide_1.5.0/stm32cubeide/plugins/com.st.stm32cube.ide.mcu.externaltools.gnu-tools-for-stm32.9-2020-q2-update.win32_1.5.0.202011040924/tools/bin/../lib/gcc/arm-none-eabi/9.3.1/../../../../arm-none-eabi/lib/thumb/v7-m/nofp\libc_nano.a(lib_a-exit.o)
                              c:/st/stm32cubeide_1.5.0/stm32cubeide/plugins/com.st.stm32cube.ide.mcu.externaltools.gnu-tools-for-stm32.9-2020-q2-update.win32_1.5.0.202011040924/tools/bin/../lib/gcc/arm-none-eabi/9.3.1/../../../../arm-none-eabi/lib/thumb/v7-m/nofp/crt0.o (exit)
c:/st/stm32cubeide_1.5.0/stm32cubeide/plugins/com.st.stm32cube.ide.mcu.externaltools.gnu-tools-for-stm32.9-2020-q2-update.win32_1.5.0.202011040924/tools/bin/../lib/gcc/arm-none-eabi/9.3.1/../../../../arm-none-eabi/lib/thumb/v7-m/nofp\libc_nano.a(lib_a-impure.o)
                              c:/st/stm32cubeide_1.5.0/stm32cubeide/plugins/com.st.stm32cube.ide.mcu.externaltools.gnu-tools-for-stm32.9-2020-q2-update.win32_1.5.0.202011040924/tools/bin/../lib/gcc/arm-none-eabi/9.3.1/../../../../arm-none-eabi/lib/thumb/v7-m/nofp\libc_nano.a(lib_a-exit.o) (_global_impure_ptr)
c:/st/stm32cubeide_1.5.0/stm32cubeide/plugins/com.st.stm32cube.ide.mcu.externaltools.gnu-tools-for-stm32.9-2020-q2-update.win32_1.5.0.202011040924/tools/bin/../lib/gcc/arm-none-eabi/9.3.1/../../../../arm-none-eabi/lib/thumb/v7-m/nofp\libc_nano.a(lib_a-init.o)
                              c:/st/stm32cubeide_1.5.0/stm32cubeide/plugins/com.st.stm32cube.ide.mcu.externaltools.gnu-tools-for-stm32.9-2020-q2-update.win32_1.5.0.202011040924/tools/bin/../lib/gcc/arm-none-eabi/9.3.1/../../../../arm-none-eabi/lib/thumb/v7-m/nofp/crt0.o (__libc_init_array)
c:/st/stm32cubeide_1.5.0/stm32cubeide/plugins/com.st.stm32cube.ide.mcu.externaltools.gnu-tools-for-stm32.9-2020-q2-update.win32_1.5.0.202011040924/tools/bin/../lib/gcc/arm-none-eabi/9.3.1/../../../../arm-none-eabi/lib/thumb/v7-m/nofp\libc_nano.a(lib_a-memset.o)
                              c:/st/stm32cubeide_1.5.0/stm32cubeide/plugins/com.st.stm32cube.ide.mcu.externaltools.gnu-tools-for-stm32.9-2020-q2-update.win32_1.5.0.202011040924/tools/bin/../lib/gcc/arm-none-eabi/9.3.1/../../../../arm-none-eabi/lib/thumb/v7-m/nofp/crt0.o (memset)
c:/st/stm32cubeide_1.5.0/stm32cubeide/plugins/com.st.stm32cube.ide.mcu.externaltools.gnu-tools-for-stm32.9-2020-q2-update.win32_1.5.0.202011040924/tools/bin/../lib/gcc/arm-none-eabi/9.3.1/../../../../arm-none-eabi/lib/thumb/v7-m/nofp\libnosys.a(_exit.o)
                              c:/st/stm32cubeide_1.5.0/stm32cubeide/plugins/com.st.stm32cube.ide.mcu.externaltools.gnu-tools-for-stm32.9-2020-q2-update.win32_1.5.0.202011040924/tools/bin/../lib/gcc/arm-none-eabi/9.3.1/../../../../arm-none-eabi/lib/thumb/v7-m/nofp\libc_nano.a(lib_a-exit.o) (_exit)

Discarded input sections

 .text          0x0000000000000000        0x0 c:/st/stm32cubeide_1.5.0/stm32cubeide/plugins/com.st.stm32cube.ide.mcu.externaltools.gnu-tools-for-stm32.9-2020-q2-update.win32_1.5.0.202011040924/tools/bin/../lib/gcc/arm-none-eabi/9.3.1/thumb/v7-m/nofp/crti.o
 .data          0x0000000000000000        0x0 c:/st/stm32cubeide_1.5.0/stm32cubeide/plugins/com.st.stm32cube.ide.mcu.externaltools.gnu-tools-for-stm32.9-2020-q2-update.win32_1.5.0.202011040924/tools/bin/../lib/gcc/arm-none-eabi/9.3.1/thumb/v7-m/nofp/crti.o
 .bss           0x0000000000000000        0x0 c:/st/stm32cubeide_1.5.0/stm32cubeide/plugins/com.st.stm32cube.ide.mcu.externaltools.gnu-tools-for-stm32.9-2020-q2-update.win32_1.5.0.202011040924/tools/bin/../lib/gcc/arm-none-eabi/9.3.1/thumb/v7-m/nofp/crti.o
 .data          0x0000000000000000        0x4 c:/st/stm32cubeide_1.5.0/stm32cubeide/plugins/com.st.stm32cube.ide.mcu.externaltools.gnu-tools-for-stm32.9-2020-q2-update.win32_1.5.0.202011040924/tools/bin/../lib/gcc/arm-none-eabi/9.3.1/thumb/v7-m/nofp/crtbegin.o
 .text          0x0000000000000000       0x7c c:/st/stm32cubeide_1.5.0/stm32cubeide/plugins/com.st.stm32cube.ide.mcu.externaltools.gnu-tools-for-stm32.9-2020-q2-update.win32_1.5.0.202011040924/tools/bin/../lib/gcc/arm-none-eabi/9.3.1/../../../../arm-none-eabi/lib/thumb/v7-m/nofp/crt0.o
 .data          0x0000000000000000        0x0 c:/st/stm32cubeide_1.5.0/stm32cubeide/plugins/com.st.stm32cube.ide.mcu.externaltools.gnu-tools-for-stm32.9-2020-q2-update.win32_1.5.0.202011040924/tools/bin/../lib/gcc/arm-none-eabi/9.3.1/../../../../arm-none-eabi/lib/thumb/v7-m/nofp/crt0.o
 .bss           0x0000000000000000        0x0 c:/st/stm32cubeide_1.5.0/stm32cubeide/plugins/com.st.stm32cube.ide.mcu.externaltools.gnu-tools-for-stm32.9-2020-q2-update.win32_1.5.0.202011040924/tools/bin/../lib/gcc/arm-none-eabi/9.3.1/../../../../arm-none-eabi/lib/thumb/v7-m/nofp/crt0.o
 .ARM.extab     0x0000000000000000        0x0 c:/st/stm32cubeide_1.5.0/stm32cubeide/plugins/com.st.stm32cube.ide.mcu.externaltools.gnu-tools-for-stm32.9-2020-q2-update.win32_1.5.0.202011040924/tools/bin/../lib/gcc/arm-none-eabi/9.3.1/../../../../arm-none-eabi/lib/thumb/v7-m/nofp/crt0.o
 .ARM.exidx     0x0000000000000000       0x10 c:/st/stm32cubeide_1.5.0/stm32cubeide/plugins/com.st.stm32cube.ide.mcu.externaltools.gnu-tools-for-stm32.9-2020-q2-update.win32_1.5.0.202011040924/tools/bin/../lib/gcc/arm-none-eabi/9.3.1/../../../../arm-none-eabi/lib/thumb/v7-m/nofp/crt0.o
 .ARM.attributes
                0x0000000000000000       0x1b c:/st/stm32cubeide_1.5.0/stm32cubeide/plugins/com.st.stm32cube.ide.mcu.externaltools.gnu-tools-for-stm32.9-2020-q2-update.win32_1.5.0.202011040924/tools/bin/../lib/gcc/arm-none-eabi/9.3.1/../../../../arm-none-eabi/lib/thumb/v7-m/nofp/crt0.o
 .text          0x0000000000000000        0x0 BootLoader/bootLoader.o
 .data          0x0000000000000000        0x0 BootLoader/bootLoader.o
 .bss           0x0000000000000000        0x0 BootLoader/bootLoader.o
 .text._cmd_RP  0x0000000000000000       0x36 BootLoader/bootLoader.o
 .text._cmd_RUP
                0x0000000000000000       0x24 BootLoader/bootLoader.o
 .text.BOOT_GetAppSize
                0x0000000000000000       0x2c BootLoader/bootLoader.o
 .text.BOOT_CalcCrc
                0x0000000000000000        0x4 BootLoader/bootLoader.o
 .text.BOOT_CalcAndWriteAppCrc
                0x0000000000000000        0x2 BootLoader/bootLoader.o
 .text          0x0000000000000000        0x0 BootLoader/sharedMemory.o
 .data          0x0000000000000000        0x0 BootLoader/sharedMemory.o
 .bss           0x0000000000000000        0x0 BootLoader/sharedMemory.o
 .text.SharedMemory_SetFlag
                0x0000000000000000       0x10 BootLoader/sharedMemory.o
 .text.SharedMemory_IncrementBootCounter
                0x0000000000000000       0x10 BootLoader/sharedMemory.o
 .text.SharedMemory_ClearBootCounter
                0x0000000000000000       0x14 BootLoader/sharedMemory.o
 .text.SharedMemory_GetBootCounter
                0x0000000000000000        0xc BootLoader/sharedMemory.o
 .rodata.MAGIC  0x0000000000000000        0x4 BootLoader/sharedMemory.o
 .text          0x0000000000000000        0x0 My/Application/Crc.o
 .data          0x0000000000000000        0x0 My/Application/Crc.o
 .bss           0x0000000000000000        0x0 My/Application/Crc.o
 .text.CRC16_FastCalculate
                0x0000000000000000       0x2c My/Application/Crc.o
 .text.CRC8_Calculate
                0x0000000000000000       0x2a My/Application/Crc.o
 .text.CRC8_FastCalculate
                0x0000000000000000       0x20 My/Application/Crc.o
 .text.CRC8_ForEachByte
                0x0000000000000000        0xc My/Application/Crc.o
 .text.CRC8_OneWire
                0x0000000000000000       0x32 My/Application/Crc.o
 .text.CRC8_TableOneWire
                0x0000000000000000       0x20 My/Application/Crc.o
 .text.CRC_Calculate
                0x0000000000000000        0x4 My/Application/Crc.o
 .data.Crc16Table
                0x0000000000000000      0x200 My/Application/Crc.o
 .rodata.Crc8Table
                0x0000000000000000      0x100 My/Application/Crc.o
 .rodata.Crc8Table_OneWire
                0x0000000000000000      0x100 My/Application/Crc.o
 .comment       0x0000000000000000       0x54 My/Application/Crc.o
 .ARM.attributes
                0x0000000000000000       0x2d My/Application/Crc.o
 .text          0x0000000000000000        0x0 My/Application/Delay.o
 .data          0x0000000000000000        0x0 My/Application/Delay.o
 .bss           0x0000000000000000        0x0 My/Application/Delay.o
 .text.msDelay_Loop
                0x0000000000000000       0x10 My/Application/Delay.o
 .text.msDelay  0x0000000000000000       0x20 My/Application/Delay.o
 .bss.msCounter
                0x0000000000000000        0x4 My/Application/Delay.o
 .text          0x0000000000000000        0x0 My/CMSIS/system_stm32f1xx.o
 .data          0x0000000000000000        0x0 My/CMSIS/system_stm32f1xx.o
 .bss           0x0000000000000000        0x0 My/CMSIS/system_stm32f1xx.o
 .text.SystemCoreClockUpdate
                0x0000000000000000       0x58 My/CMSIS/system_stm32f1xx.o
 .data.SystemCoreClock
                0x0000000000000000        0x4 My/CMSIS/system_stm32f1xx.o
 .rodata.AHBPrescTable
                0x0000000000000000       0x10 My/CMSIS/system_stm32f1xx.o
 .rodata.APBPrescTable
                0x0000000000000000        0x8 My/CMSIS/system_stm32f1xx.o
 .text          0x0000000000000000        0x0 My/Main/main.o
 .data          0x0000000000000000        0x0 My/Main/main.o
 .bss           0x0000000000000000        0x0 My/Main/main.o
 .rodata.appMetadata
                0x0000000000000000        0x4 My/Main/main.o
 .text          0x0000000000000000        0x0 My/STM32_Perif/adc_ST.o
 .data          0x0000000000000000        0x0 My/STM32_Perif/adc_ST.o
 .bss           0x0000000000000000        0x0 My/STM32_Perif/adc_ST.o
 .text.ADC_Init
                0x0000000000000000       0x70 My/STM32_Perif/adc_ST.o
 .text.ADC_Loop
                0x0000000000000000        0x2 My/STM32_Perif/adc_ST.o
 .text.ADC_GetMeas
                0x0000000000000000       0x28 My/STM32_Perif/adc_ST.o
 .text.ADC_GetRegDR
                0x0000000000000000        0x6 My/STM32_Perif/adc_ST.o
 .text.ADC_GetRegJDRx
                0x0000000000000000       0x26 My/STM32_Perif/adc_ST.o
 .comment       0x0000000000000000       0x54 My/STM32_Perif/adc_ST.o
 .ARM.attributes
                0x0000000000000000       0x2d My/STM32_Perif/adc_ST.o
 .text          0x0000000000000000        0x0 My/STM32_Perif/crc_ST.o
 .data          0x0000000000000000        0x0 My/STM32_Perif/crc_ST.o
 .bss           0x0000000000000000        0x0 My/STM32_Perif/crc_ST.o
 .text.CRC_CalcCrc
                0x0000000000000000       0x24 My/STM32_Perif/crc_ST.o
 .text          0x0000000000000000        0x0 My/STM32_Perif/dma_ST.o
 .data          0x0000000000000000        0x0 My/STM32_Perif/dma_ST.o
 .bss           0x0000000000000000        0x0 My/STM32_Perif/dma_ST.o
 .text.DMA1ChX_Init
                0x0000000000000000       0x30 My/STM32_Perif/dma_ST.o
 .comment       0x0000000000000000       0x54 My/STM32_Perif/dma_ST.o
 .ARM.attributes
                0x0000000000000000       0x2d My/STM32_Perif/dma_ST.o
 .text          0x0000000000000000        0x0 My/STM32_Perif/flash_ST.o
 .data          0x0000000000000000        0x0 My/STM32_Perif/flash_ST.o
 .bss           0x0000000000000000        0x0 My/STM32_Perif/flash_ST.o
 .text.STM32_Flash_WriteWord
                0x0000000000000000       0x44 My/STM32_Perif/flash_ST.o
 .text.STM32_Flash_WriteHalfWord
                0x0000000000000000       0x34 My/STM32_Perif/flash_ST.o
 .text.STM32_Flash_ReadBufU32
                0x0000000000000000       0x16 My/STM32_Perif/flash_ST.o
 .text.STM32_Flash_ReadOutProtection
                0x0000000000000000       0x68 My/STM32_Perif/flash_ST.o
 .text.STM32_Flash_GetWriteProtectionOptionByte
                0x0000000000000000        0xc My/STM32_Perif/flash_ST.o
 .text.STM32_Flash_EnableWriteProtection
                0x0000000000000000        0x4 My/STM32_Perif/flash_ST.o
 .text          0x0000000000000000        0x0 My/STM32_Perif/gpio_ST.o
 .data          0x0000000000000000        0x0 My/STM32_Perif/gpio_ST.o
 .bss           0x0000000000000000        0x0 My/STM32_Perif/gpio_ST.o
 .text.GPIO_InitForOutputOpenDrain
                0x0000000000000000       0x58 My/STM32_Perif/gpio_ST.o
 .text.GPIO_InitForInputPullUp
                0x0000000000000000       0x6c My/STM32_Perif/gpio_ST.o
 .text.GPIO_InitForInputPullDown
                0x0000000000000000       0x6e My/STM32_Perif/gpio_ST.o
 .text.GPIO_InitForFloatingInput
                0x0000000000000000       0x64 My/STM32_Perif/gpio_ST.o
 .text.GPIO_CheckLoop
                0x0000000000000000       0xac My/STM32_Perif/gpio_ST.o
 .text.GPIO_GetPortState
                0x0000000000000000       0x40 My/STM32_Perif/gpio_ST.o
 .text.GPIO_GetPinState
                0x0000000000000000       0x50 My/STM32_Perif/gpio_ST.o
 .bss.GpioAIDRtemp.5019
                0x0000000000000000        0xc My/STM32_Perif/gpio_ST.o
 .bss.GpioAState
                0x0000000000000000        0x2 My/STM32_Perif/gpio_ST.o
 .bss.GpioBIDRtemp.5020
                0x0000000000000000        0xc My/STM32_Perif/gpio_ST.o
 .bss.GpioBState
                0x0000000000000000        0x2 My/STM32_Perif/gpio_ST.o
 .bss.GpioCIDRtemp.5021
                0x0000000000000000        0xc My/STM32_Perif/gpio_ST.o
 .bss.GpioCState
                0x0000000000000000        0x2 My/STM32_Perif/gpio_ST.o
 .bss.cycle.5018
                0x0000000000000000        0x4 My/STM32_Perif/gpio_ST.o
 .bss.msCount.5017
                0x0000000000000000        0x4 My/STM32_Perif/gpio_ST.o
 .text          0x0000000000000000        0x0 My/STM32_Perif/i2c_ST.o
 .data          0x0000000000000000        0x0 My/STM32_Perif/i2c_ST.o
 .bss           0x0000000000000000        0x0 My/STM32_Perif/i2c_ST.o
 .text.I2C_Master_GetNacCount
                0x0000000000000000        0x4 My/STM32_Perif/i2c_ST.o
 .text.I2C_Master_CheckSlave
                0x0000000000000000       0x18 My/STM32_Perif/i2c_ST.o
 .text.I2C_Master_Write
                0x0000000000000000       0x36 My/STM32_Perif/i2c_ST.o
 .text.I2C_Master_Read
                0x0000000000000000       0x54 My/STM32_Perif/i2c_ST.o
 .text.I2C_IT_DeInit
                0x0000000000000000       0x50 My/STM32_Perif/i2c_ST.o
 .text.I2C_IT_GetDataCount
                0x0000000000000000        0x4 My/STM32_Perif/i2c_ST.o
 .text.I2C_IT_SlaveRxCpltCallback
                0x0000000000000000        0x2 My/STM32_Perif/i2c_ST.o
 .text          0x0000000000000000        0x0 My/STM32_Perif/iwdg_ST.o
 .data          0x0000000000000000        0x0 My/STM32_Perif/iwdg_ST.o
 .bss           0x0000000000000000        0x0 My/STM32_Perif/iwdg_ST.o
 .text.IWDG_Init
                0x0000000000000000       0x3c My/STM32_Perif/iwdg_ST.o
 .text.IWDG_Reset
                0x0000000000000000       0x10 My/STM32_Perif/iwdg_ST.o
 .text.IWDG_Stop
                0x0000000000000000       0x10 My/STM32_Perif/iwdg_ST.o
 .text.WWDG_Init
                0x0000000000000000       0x38 My/STM32_Perif/iwdg_ST.o
 .text.WWDG_Reset
                0x0000000000000000       0x10 My/STM32_Perif/iwdg_ST.o
 .text.WWDG_Stop
                0x0000000000000000       0x10 My/STM32_Perif/iwdg_ST.o
 .comment       0x0000000000000000       0x54 My/STM32_Perif/iwdg_ST.o
 .ARM.attributes
                0x0000000000000000       0x2d My/STM32_Perif/iwdg_ST.o
 .text          0x0000000000000000        0x0 My/STM32_Perif/rtc_ST.o
 .data          0x0000000000000000        0x0 My/STM32_Perif/rtc_ST.o
 .bss           0x0000000000000000        0x0 My/STM32_Perif/rtc_ST.o
 .text.RTC_Init
                0x0000000000000000       0x9c My/STM32_Perif/rtc_ST.o
 .text.RTC_GetCounter
                0x0000000000000000       0x10 My/STM32_Perif/rtc_ST.o
 .text.RTC_SetCounter
                0x0000000000000000       0x20 My/STM32_Perif/rtc_ST.o
 .text.RTC_IT_Handler
                0x0000000000000000       0x34 My/STM32_Perif/rtc_ST.o
 .comment       0x0000000000000000       0x54 My/STM32_Perif/rtc_ST.o
 .ARM.attributes
                0x0000000000000000       0x2d My/STM32_Perif/rtc_ST.o
 .text          0x0000000000000000        0x0 My/STM32_Perif/spi_ST.o
 .data          0x0000000000000000        0x0 My/STM32_Perif/spi_ST.o
 .bss           0x0000000000000000        0x0 My/STM32_Perif/spi_ST.o
 .text._spi_GPIO_Init
                0x0000000000000000       0x88 My/STM32_Perif/spi_ST.o
 .text.SPI_Init
                0x0000000000000000       0x48 My/STM32_Perif/spi_ST.o
 .text.SPI_RxByte
                0x0000000000000000       0x18 My/STM32_Perif/spi_ST.o
 .text.SPI_TxRxByte
                0x0000000000000000       0x16 My/STM32_Perif/spi_ST.o
 .text.SPI_Rx3Byte
                0x0000000000000000       0x48 My/STM32_Perif/spi_ST.o
 .comment       0x0000000000000000       0x54 My/STM32_Perif/spi_ST.o
 .ARM.attributes
                0x0000000000000000       0x2d My/STM32_Perif/spi_ST.o
 .text          0x0000000000000000        0x0 My/STM32_Perif/stm32f10x_it.o
 .data          0x0000000000000000        0x0 My/STM32_Perif/stm32f10x_it.o
 .bss           0x0000000000000000        0x0 My/STM32_Perif/stm32f10x_it.o
 .text.NMIException
                0x0000000000000000       0x24 My/STM32_Perif/stm32f10x_it.o
 .text.HardFaultException
                0x0000000000000000        0x6 My/STM32_Perif/stm32f10x_it.o
 .text.MemManageException
                0x0000000000000000        0x6 My/STM32_Perif/stm32f10x_it.o
 .text.BusFaultException
                0x0000000000000000        0x6 My/STM32_Perif/stm32f10x_it.o
 .text.UsageFaultException
                0x0000000000000000        0x6 My/STM32_Perif/stm32f10x_it.o
 .text.DebugMonitor
                0x0000000000000000        0x6 My/STM32_Perif/stm32f10x_it.o
 .text.SVCHandler
                0x0000000000000000        0x6 My/STM32_Perif/stm32f10x_it.o
 .text.PendSVC  0x0000000000000000        0x6 My/STM32_Perif/stm32f10x_it.o
 .text.USBWakeUp_IRQHandler
                0x0000000000000000        0x2 My/STM32_Perif/stm32f10x_it.o
 .text          0x0000000000000000        0x0 My/STM32_Perif/sys_ST.o
 .data          0x0000000000000000        0x0 My/STM32_Perif/sys_ST.o
 .bss           0x0000000000000000        0x0 My/STM32_Perif/sys_ST.o
 .text          0x0000000000000000        0x0 My/STM32_Perif/sys_tick_ST.o
 .data          0x0000000000000000        0x0 My/STM32_Perif/sys_tick_ST.o
 .bss           0x0000000000000000        0x0 My/STM32_Perif/sys_tick_ST.o
 .text.SYS_TICK_Init
                0x0000000000000000       0x18 My/STM32_Perif/sys_tick_ST.o
 .text.SYS_TICK_Control
                0x0000000000000000       0x18 My/STM32_Perif/sys_tick_ST.o
 .comment       0x0000000000000000       0x54 My/STM32_Perif/sys_tick_ST.o
 .ARM.attributes
                0x0000000000000000       0x2d My/STM32_Perif/sys_tick_ST.o
 .text          0x0000000000000000        0x0 My/STM32_Perif/timers_ST.o
 .data          0x0000000000000000        0x0 My/STM32_Perif/timers_ST.o
 .bss           0x0000000000000000        0x0 My/STM32_Perif/timers_ST.o
 .text.TIM3_InitForPWM
                0x0000000000000000       0x6c My/STM32_Perif/timers_ST.o
 .text.TIM1_Init
                0x0000000000000000       0x3c My/STM32_Perif/timers_ST.o
 .text.TIM2_Init
                0x0000000000000000       0x60 My/STM32_Perif/timers_ST.o
 .text.TIMx_Enable
                0x0000000000000000        0xa My/STM32_Perif/timers_ST.o
 .text.TIMx_Disable
                0x0000000000000000        0xa My/STM32_Perif/timers_ST.o
 .comment       0x0000000000000000       0x54 My/STM32_Perif/timers_ST.o
 .ARM.attributes
                0x0000000000000000       0x2d My/STM32_Perif/timers_ST.o
 .text          0x0000000000000000        0x0 My/STM32_Perif/uart_ST.o
 .data          0x0000000000000000        0x0 My/STM32_Perif/uart_ST.o
 .bss           0x0000000000000000        0x0 My/STM32_Perif/uart_ST.o
 .text.USARTx_SendBuff
                0x0000000000000000       0x18 My/STM32_Perif/uart_ST.o
 .text.RING_BUFF_FlushRxBuf
                0x0000000000000000       0x1c My/STM32_Perif/uart_ST.o
 .text.USARTx_Init
                0x0000000000000000      0x118 My/STM32_Perif/uart_ST.o
 .text.RING_BUFF_Init
                0x0000000000000000        0x4 My/STM32_Perif/uart_ST.o
 .text.RING_BUFF_GetRxCount
                0x0000000000000000        0xc My/STM32_Perif/uart_ST.o
 .text.RING_BUFF_GetByte
                0x0000000000000000       0x34 My/STM32_Perif/uart_ST.o
 .text.RING_BUFF_PutByteToRxBuff
                0x0000000000000000       0x34 My/STM32_Perif/uart_ST.o
 .text.USARTx_IT_Handler
                0x0000000000000000       0x42 My/STM32_Perif/uart_ST.o
 .text.RING_BUFF_CopyRxBuff
                0x0000000000000000       0x20 My/STM32_Perif/uart_ST.o
 .text.DMAxChxInitForTx
                0x0000000000000000       0x14 My/STM32_Perif/uart_ST.o
 .text.USART_DMA_Init
                0x0000000000000000       0x7c My/STM32_Perif/uart_ST.o
 .text.DMAxChxStartTx
                0x0000000000000000       0x16 My/STM32_Perif/uart_ST.o
 .text.DMA1_Chx_IT_Handler
                0x0000000000000000       0x28 My/STM32_Perif/uart_ST.o
 .text.DMA1_Channel4_Handler
                0x0000000000000000       0x34 My/STM32_Perif/uart_ST.o
 .bss.ringRxBuf
                0x0000000000000000       0x20 My/STM32_Perif/uart_ST.o
 .bss.ringRxBufHead
                0x0000000000000000        0x4 My/STM32_Perif/uart_ST.o
 .bss.ringRxBufTail
                0x0000000000000000        0x4 My/STM32_Perif/uart_ST.o
 .bss.ringRxCount
                0x0000000000000000        0x4 My/STM32_Perif/uart_ST.o
 .comment       0x0000000000000000       0x54 My/STM32_Perif/uart_ST.o
 .ARM.attributes
                0x0000000000000000       0x2d My/STM32_Perif/uart_ST.o
 .text          0x0000000000000000       0x14 My/Startup/startup_stm32f103c8tx.o
 .data          0x0000000000000000        0x0 My/Startup/startup_stm32f103c8tx.o
 .bss           0x0000000000000000        0x0 My/Startup/startup_stm32f103c8tx.o
 .text          0x0000000000000000        0x0 c:/st/stm32cubeide_1.5.0/stm32cubeide/plugins/com.st.stm32cube.ide.mcu.externaltools.gnu-tools-for-stm32.9-2020-q2-update.win32_1.5.0.202011040924/tools/bin/../lib/gcc/arm-none-eabi/9.3.1/../../../../arm-none-eabi/lib/thumb/v7-m/nofp\libc_nano.a(lib_a-exit.o)
 .data          0x0000000000000000        0x0 c:/st/stm32cubeide_1.5.0/stm32cubeide/plugins/com.st.stm32cube.ide.mcu.externaltools.gnu-tools-for-stm32.9-2020-q2-update.win32_1.5.0.202011040924/tools/bin/../lib/gcc/arm-none-eabi/9.3.1/../../../../arm-none-eabi/lib/thumb/v7-m/nofp\libc_nano.a(lib_a-exit.o)
 .bss           0x0000000000000000        0x0 c:/st/stm32cubeide_1.5.0/stm32cubeide/plugins/com.st.stm32cube.ide.mcu.externaltools.gnu-tools-for-stm32.9-2020-q2-update.win32_1.5.0.202011040924/tools/bin/../lib/gcc/arm-none-eabi/9.3.1/../../../../arm-none-eabi/lib/thumb/v7-m/nofp\libc_nano.a(lib_a-exit.o)
 .text.exit     0x0000000000000000       0x28 c:/st/stm32cubeide_1.5.0/stm32cubeide/plugins/com.st.stm32cube.ide.mcu.externaltools.gnu-tools-for-stm32.9-2020-q2-update.win32_1.5.0.202011040924/tools/bin/../lib/gcc/arm-none-eabi/9.3.1/../../../../arm-none-eabi/lib/thumb/v7-m/nofp\libc_nano.a(lib_a-exit.o)
 .debug_frame   0x0000000000000000       0x28 c:/st/stm32cubeide_1.5.0/stm32cubeide/plugins/com.st.stm32cube.ide.mcu.externaltools.gnu-tools-for-stm32.9-2020-q2-update.win32_1.5.0.202011040924/tools/bin/../lib/gcc/arm-none-eabi/9.3.1/../../../../arm-none-eabi/lib/thumb/v7-m/nofp\libc_nano.a(lib_a-exit.o)
 .ARM.attributes
                0x0000000000000000       0x2d c:/st/stm32cubeide_1.5.0/stm32cubeide/plugins/com.st.stm32cube.ide.mcu.externaltools.gnu-tools-for-stm32.9-2020-q2-update.win32_1.5.0.202011040924/tools/bin/../lib/gcc/arm-none-eabi/9.3.1/../../../../arm-none-eabi/lib/thumb/v7-m/nofp\libc_nano.a(lib_a-exit.o)
 .text          0x0000000000000000        0x0 c:/st/stm32cubeide_1.5.0/stm32cubeide/plugins/com.st.stm32cube.ide.mcu.externaltools.gnu-tools-for-stm32.9-2020-q2-update.win32_1.5.0.202011040924/tools/bin/../lib/gcc/arm-none-eabi/9.3.1/../../../../arm-none-eabi/lib/thumb/v7-m/nofp\libc_nano.a(lib_a-impure.o)
 .data          0x0000000000000000        0x0 c:/st/stm32cubeide_1.5.0/stm32cubeide/plugins/com.st.stm32cube.ide.mcu.externaltools.gnu-tools-for-stm32.9-2020-q2-update.win32_1.5.0.202011040924/tools/bin/../lib/gcc/arm-none-eabi/9.3.1/../../../../arm-none-eabi/lib/thumb/v7-m/nofp\libc_nano.a(lib_a-impure.o)
 .bss           0x0000000000000000        0x0 c:/st/stm32cubeide_1.5.0/stm32cubeide/plugins/com.st.stm32cube.ide.mcu.externaltools.gnu-tools-for-stm32.9-2020-q2-update.win32_1.5.0.202011040924/tools/bin/../lib/gcc/arm-none-eabi/9.3.1/../../../../arm-none-eabi/lib/thumb/v7-m/nofp\libc_nano.a(lib_a-impure.o)
 .data._impure_ptr
                0x0000000000000000        0x4 c:/st/stm32cubeide_1.5.0/stm32cubeide/plugins/com.st.stm32cube.ide.mcu.externaltools.gnu-tools-for-stm32.9-2020-q2-update.win32_1.5.0.202011040924/tools/bin/../lib/gcc/arm-none-eabi/9.3.1/../../../../arm-none-eabi/lib/thumb/v7-m/nofp\libc_nano.a(lib_a-impure.o)
 .data.impure_data
                0x0000000000000000       0x60 c:/st/stm32cubeide_1.5.0/stm32cubeide/plugins/com.st.stm32cube.ide.mcu.externaltools.gnu-tools-for-stm32.9-2020-q2-update.win32_1.5.0.202011040924/tools/bin/../lib/gcc/arm-none-eabi/9.3.1/../../../../arm-none-eabi/lib/thumb/v7-m/nofp\libc_nano.a(lib_a-impure.o)
 .rodata._global_impure_ptr
                0x0000000000000000        0x4 c:/st/stm32cubeide_1.5.0/stm32cubeide/plugins/com.st.stm32cube.ide.mcu.externaltools.gnu-tools-for-stm32.9-2020-q2-update.win32_1.5.0.202011040924/tools/bin/../lib/gcc/arm-none-eabi/9.3.1/../../../../arm-none-eabi/lib/thumb/v7-m/nofp\libc_nano.a(lib_a-impure.o)
 .ARM.attributes
                0x0000000000000000       0x2d c:/st/stm32cubeide_1.5.0/stm32cubeide/plugins/com.st.stm32cube.ide.mcu.externaltools.gnu-tools-for-stm32.9-2020-q2-update.win32_1.5.0.202011040924/tools/bin/../lib/gcc/arm-none-eabi/9.3.1/../../../../arm-none-eabi/lib/thumb/v7-m/nofp\libc_nano.a(lib_a-impure.o)
 .text          0x0000000000000000        0x0 c:/st/stm32cubeide_1.5.0/stm32cubeide/plugins/com.st.stm32cube.ide.mcu.externaltools.gnu-tools-for-stm32.9-2020-q2-update.win32_1.5.0.202011040924/tools/bin/../lib/gcc/arm-none-eabi/9.3.1/../../../../arm-none-eabi/lib/thumb/v7-m/nofp\libc_nano.a(lib_a-init.o)
 .data          0x0000000000000000        0x0 c:/st/stm32cubeide_1.5.0/stm32cubeide/plugins/com.st.stm32cube.ide.mcu.externaltools.gnu-tools-for-stm32.9-2020-q2-update.win32_1.5.0.202011040924/tools/bin/../lib/gcc/arm-none-eabi/9.3.1/../../../../arm-none-eabi/lib/thumb/v7-m/nofp\libc_nano.a(lib_a-init.o)
 .bss           0x0000000000000000        0x0 c:/st/stm32cubeide_1.5.0/stm32cubeide/plugins/com.st.stm32cube.ide.mcu.externaltools.gnu-tools-for-stm32.9-2020-q2-update.win32_1.5.0.202011040924/tools/bin/../lib/gcc/arm-none-eabi/9.3.1/../../../../arm-none-eabi/lib/thumb/v7-m/nofp\libc_nano.a(lib_a-init.o)
 .text          0x0000000000000000        0x0 c:/st/stm32cubeide_1.5.0/stm32cubeide/plugins/com.st.stm32cube.ide.mcu.externaltools.gnu-tools-for-stm32.9-2020-q2-update.win32_1.5.0.202011040924/tools/bin/../lib/gcc/arm-none-eabi/9.3.1/../../../../arm-none-eabi/lib/thumb/v7-m/nofp\libc_nano.a(lib_a-memset.o)
 .data          0x0000000000000000        0x0 c:/st/stm32cubeide_1.5.0/stm32cubeide/plugins/com.st.stm32cube.ide.mcu.externaltools.gnu-tools-for-stm32.9-2020-q2-update.win32_1.5.0.202011040924/tools/bin/../lib/gcc/arm-none-eabi/9.3.1/../../../../arm-none-eabi/lib/thumb/v7-m/nofp\libc_nano.a(lib_a-memset.o)
 .bss           0x0000000000000000        0x0 c:/st/stm32cubeide_1.5.0/stm32cubeide/plugins/com.st.stm32cube.ide.mcu.externaltools.gnu-tools-for-stm32.9-2020-q2-update.win32_1.5.0.202011040924/tools/bin/../lib/gcc/arm-none-eabi/9.3.1/../../../../arm-none-eabi/lib/thumb/v7-m/nofp\libc_nano.a(lib_a-memset.o)
 .text.memset   0x0000000000000000       0x10 c:/st/stm32cubeide_1.5.0/stm32cubeide/plugins/com.st.stm32cube.ide.mcu.externaltools.gnu-tools-for-stm32.9-2020-q2-update.win32_1.5.0.202011040924/tools/bin/../lib/gcc/arm-none-eabi/9.3.1/../../../../arm-none-eabi/lib/thumb/v7-m/nofp\libc_nano.a(lib_a-memset.o)
 .debug_frame   0x0000000000000000       0x20 c:/st/stm32cubeide_1.5.0/stm32cubeide/plugins/com.st.stm32cube.ide.mcu.externaltools.gnu-tools-for-stm32.9-2020-q2-update.win32_1.5.0.202011040924/tools/bin/../lib/gcc/arm-none-eabi/9.3.1/../../../../arm-none-eabi/lib/thumb/v7-m/nofp\libc_nano.a(lib_a-memset.o)
 .ARM.attributes
                0x0000000000000000       0x2d c:/st/stm32cubeide_1.5.0/stm32cubeide/plugins/com.st.stm32cube.ide.mcu.externaltools.gnu-tools-for-stm32.9-2020-q2-update.win32_1.5.0.202011040924/tools/bin/../lib/gcc/arm-none-eabi/9.3.1/../../../../arm-none-eabi/lib/thumb/v7-m/nofp\libc_nano.a(lib_a-memset.o)
 .text          0x0000000000000000        0x0 c:/st/stm32cubeide_1.5.0/stm32cubeide/plugins/com.st.stm32cube.ide.mcu.externaltools.gnu-tools-for-stm32.9-2020-q2-update.win32_1.5.0.202011040924/tools/bin/../lib/gcc/arm-none-eabi/9.3.1/../../../../arm-none-eabi/lib/thumb/v7-m/nofp\libnosys.a(_exit.o)
 .data          0x0000000000000000        0x0 c:/st/stm32cubeide_1.5.0/stm32cubeide/plugins/com.st.stm32cube.ide.mcu.externaltools.gnu-tools-for-stm32.9-2020-q2-update.win32_1.5.0.202011040924/tools/bin/../lib/gcc/arm-none-eabi/9.3.1/../../../../arm-none-eabi/lib/thumb/v7-m/nofp\libnosys.a(_exit.o)
 .bss           0x0000000000000000        0x0 c:/st/stm32cubeide_1.5.0/stm32cubeide/plugins/com.st.stm32cube.ide.mcu.externaltools.gnu-tools-for-stm32.9-2020-q2-update.win32_1.5.0.202011040924/tools/bin/../lib/gcc/arm-none-eabi/9.3.1/../../../../arm-none-eabi/lib/thumb/v7-m/nofp\libnosys.a(_exit.o)
 .text._exit    0x0000000000000000        0x2 c:/st/stm32cubeide_1.5.0/stm32cubeide/plugins/com.st.stm32cube.ide.mcu.externaltools.gnu-tools-for-stm32.9-2020-q2-update.win32_1.5.0.202011040924/tools/bin/../lib/gcc/arm-none-eabi/9.3.1/../../../../arm-none-eabi/lib/thumb/v7-m/nofp\libnosys.a(_exit.o)
 .debug_frame   0x0000000000000000       0x20 c:/st/stm32cubeide_1.5.0/stm32cubeide/plugins/com.st.stm32cube.ide.mcu.externaltools.gnu-tools-for-stm32.9-2020-q2-update.win32_1.5.0.202011040924/tools/bin/../lib/gcc/arm-none-eabi/9.3.1/../../../../arm-none-eabi/lib/thumb/v7-m/nofp\libnosys.a(_exit.o)
 .ARM.attributes
                0x0000000000000000       0x2d c:/st/stm32cubeide_1.5.0/stm32cubeide/plugins/com.st.stm32cube.ide.mcu.externaltools.gnu-tools-for-stm32.9-2020-q2-update.win32_1.5.0.202011040924/tools/bin/../lib/gcc/arm-none-eabi/9.3.1/../../../../arm-none-eabi/lib/thumb/v7-m/nofp\libnosys.a(_exit.o)
 .text          0x0000000000000000        0x0 c:/st/stm32cubeide_1.5.0/stm32cubeide/plugins/com.st.stm32cube.ide.mcu.externaltools.gnu-tools-for-stm32.9-2020-q2-update.win32_1.5.0.202011040924/tools/bin/../lib/gcc/arm-none-eabi/9.3.1/thumb/v7-m/nofp/crtend.o
 .data          0x0000000000000000        0x0 c:/st/stm32cubeide_1.5.0/stm32cubeide/plugins/com.st.stm32cube.ide.mcu.externaltools.gnu-tools-for-stm32.9-2020-q2-update.win32_1.5.0.202011040924/tools/bin/../lib/gcc/arm-none-eabi/9.3.1/thumb/v7-m/nofp/crtend.o
 .bss           0x0000000000000000        0x0 c:/st/stm32cubeide_1.5.0/stm32cubeide/plugins/com.st.stm32cube.ide.mcu.externaltools.gnu-tools-for-stm32.9-2020-q2-update.win32_1.5.0.202011040924/tools/bin/../lib/gcc/arm-none-eabi/9.3.1/thumb/v7-m/nofp/crtend.o
 .eh_frame      0x0000000000000000        0x4 c:/st/stm32cubeide_1.5.0/stm32cubeide/plugins/com.st.stm32cube.ide.mcu.externaltools.gnu-tools-for-stm32.9-2020-q2-update.win32_1.5.0.202011040924/tools/bin/../lib/gcc/arm-none-eabi/9.3.1/thumb/v7-m/nofp/crtend.o
 .ARM.attributes
                0x0000000000000000       0x2d c:/st/stm32cubeide_1.5.0/stm32cubeide/plugins/com.st.stm32cube.ide.mcu.externaltools.gnu-tools-for-stm32.9-2020-q2-update.win32_1.5.0.202011040924/tools/bin/../lib/gcc/arm-none-eabi/9.3.1/thumb/v7-m/nofp/crtend.o
 .text          0x0000000000000000        0x0 c:/st/stm32cubeide_1.5.0/stm32cubeide/plugins/com.st.stm32cube.ide.mcu.externaltools.gnu-tools-for-stm32.9-2020-q2-update.win32_1.5.0.202011040924/tools/bin/../lib/gcc/arm-none-eabi/9.3.1/thumb/v7-m/nofp/crtn.o
 .data          0x0000000000000000        0x0 c:/st/stm32cubeide_1.5.0/stm32cubeide/plugins/com.st.stm32cube.ide.mcu.externaltools.gnu-tools-for-stm32.9-2020-q2-update.win32_1.5.0.202011040924/tools/bin/../lib/gcc/arm-none-eabi/9.3.1/thumb/v7-m/nofp/crtn.o
 .bss           0x0000000000000000        0x0 c:/st/stm32cubeide_1.5.0/stm32cubeide/plugins/com.st.stm32cube.ide.mcu.externaltools.gnu-tools-for-stm32.9-2020-q2-update.win32_1.5.0.202011040924/tools/bin/../lib/gcc/arm-none-eabi/9.3.1/thumb/v7-m/nofp/crtn.o

Memory Configuration

Name             Origin             Length             Attributes
SHARED_RAM       0x0000000020000000 0x0000000000000100 xrw
RAM              0x0000000020000100 0x0000000000004f00 xrw
FLASH            0x0000000008000000 0x0000000000002800 xr
*default*        0x0000000000000000 0xffffffffffffffff

Linker script and memory map

LOAD c:/st/stm32cubeide_1.5.0/stm32cubeide/plugins/com.st.stm32cube.ide.mcu.externaltools.gnu-tools-for-stm32.9-2020-q2-update.win32_1.5.0.202011040924/tools/bin/../lib/gcc/arm-none-eabi/9.3.1/thumb/v7-m/nofp/crti.o
LOAD c:/st/stm32cubeide_1.5.0/stm32cubeide/plugins/com.st.stm32cube.ide.mcu.externaltools.gnu-tools-for-stm32.9-2020-q2-update.win32_1.5.0.202011040924/tools/bin/../lib/gcc/arm-none-eabi/9.3.1/thumb/v7-m/nofp/crtbegin.o
LOAD c:/st/stm32cubeide_1.5.0/stm32cubeide/plugins/com.st.stm32cube.ide.mcu.externaltools.gnu-tools-for-stm32.9-2020-q2-update.win32_1.5.0.202011040924/tools/bin/../lib/gcc/arm-none-eabi/9.3.1/../../../../arm-none-eabi/lib/thumb/v7-m/nofp/crt0.o
LOAD BootLoader/bootLoader.o
LOAD BootLoader/sharedMemory.o
LOAD My/Application/Crc.o
LOAD My/Application/Delay.o
LOAD My/CMSIS/system_stm32f1xx.o
LOAD My/Main/main.o
LOAD My/STM32_Perif/adc_ST.o
LOAD My/STM32_Perif/crc_ST.o
LOAD My/STM32_Perif/dma_ST.o
LOAD My/STM32_Perif/flash_ST.o
LOAD My/STM32_Perif/gpio_ST.o
LOAD My/STM32_Perif/i2c_ST.o
LOAD My/STM32_Perif/iwdg_ST.o
LOAD My/STM32_Perif/rtc_ST.o
LOAD My/STM32_Perif/spi_ST.o
LOAD My/STM32_Perif/stm32f10x_it.o
LOAD My/STM32_Perif/sys_ST.o
LOAD My/STM32_Perif/sys_tick_ST.o
LOAD My/STM32_Perif/timers_ST.o
LOAD My/STM32_Perif/uart_ST.o
LOAD My/Startup/startup_stm32f103c8tx.o
START GROUP
LOAD c:/st/stm32cubeide_1.5.0/stm32cubeide/plugins/com.st.stm32cube.ide.mcu.externaltools.gnu-tools-for-stm32.9-2020-q2-update.win32_1.5.0.202011040924/tools/bin/../lib/gcc/arm-none-eabi/9.3.1/../../../../arm-none-eabi/lib/thumb/v7-m/nofp\libc_nano.a
LOAD c:/st/stm32cubeide_1.5.0/stm32cubeide/plugins/com.st.stm32cube.ide.mcu.externaltools.gnu-tools-for-stm32.9-2020-q2-update.win32_1.5.0.202011040924/tools/bin/../lib/gcc/arm-none-eabi/9.3.1/../../../../arm-none-eabi/lib/thumb/v7-m/nofp\libm.a
END GROUP
START GROUP
LOAD c:/st/stm32cubeide_1.5.0/stm32cubeide/plugins/com.st.stm32cube.ide.mcu.externaltools.gnu-tools-for-stm32.9-2020-q2-update.win32_1.5.0.202011040924/tools/bin/../lib/gcc/arm-none-eabi/9.3.1/thumb/v7-m/nofp\libgcc.a
LOAD c:/st/stm32cubeide_1.5.0/stm32cubeide/plugins/com.st.stm32cube.ide.mcu.externaltools.gnu-tools-for-stm32.9-2020-q2-update.win32_1.5.0.202011040924/tools/bin/../lib/gcc/arm-none-eabi/9.3.1/../../../../arm-none-eabi/lib/thumb/v7-m/nofp\libc_nano.a
END GROUP
START GROUP
LOAD c:/st/stm32cubeide_1.5.0/stm32cubeide/plugins/com.st.stm32cube.ide.mcu.externaltools.gnu-tools-for-stm32.9-2020-q2-update.win32_1.5.0.202011040924/tools/bin/../lib/gcc/arm-none-eabi/9.3.1/thumb/v7-m/nofp\libgcc.a
LOAD c:/st/stm32cubeide_1.5.0/stm32cubeide/plugins/com.st.stm32cube.ide.mcu.externaltools.gnu-tools-for-stm32.9-2020-q2-update.win32_1.5.0.202011040924/tools/bin/../lib/gcc/arm-none-eabi/9.3.1/../../../../arm-none-eabi/lib/thumb/v7-m/nofp\libc_nano.a
LOAD c:/st/stm32cubeide_1.5.0/stm32cubeide/plugins/com.st.stm32cube.ide.mcu.externaltools.gnu-tools-for-stm32.9-2020-q2-update.win32_1.5.0.202011040924/tools/bin/../lib/gcc/arm-none-eabi/9.3.1/../../../../arm-none-eabi/lib/thumb/v7-m/nofp\libnosys.a
END GROUP
START GROUP
LOAD c:/st/stm32cubeide_1.5.0/stm32cubeide/plugins/com.st.stm32cube.ide.mcu.externaltools.gnu-tools-for-stm32.9-2020-q2-update.win32_1.5.0.202011040924/tools/bin/../lib/gcc/arm-none-eabi/9.3.1/thumb/v7-m/nofp\libgcc.a
LOAD c:/st/stm32cubeide_1.5.0/stm32cubeide/plugins/com.st.stm32cube.ide.mcu.externaltools.gnu-tools-for-stm32.9-2020-q2-update.win32_1.5.0.202011040924/tools/bin/../lib/gcc/arm-none-eabi/9.3.1/../../../../arm-none-eabi/lib/thumb/v7-m/nofp\libc_nano.a
LOAD c:/st/stm32cubeide_1.5.0/stm32cubeide/plugins/com.st.stm32cube.ide.mcu.externaltools.gnu-tools-for-stm32.9-2020-q2-update.win32_1.5.0.202011040924/tools/bin/../lib/gcc/arm-none-eabi/9.3.1/../../../../arm-none-eabi/lib/thumb/v7-m/nofp\libnosys.a
END GROUP
LOAD c:/st/stm32cubeide_1.5.0/stm32cubeide/plugins/com.st.stm32cube.ide.mcu.externaltools.gnu-tools-for-stm32.9-2020-q2-update.win32_1.5.0.202011040924/tools/bin/../lib/gcc/arm-none-eabi/9.3.1/thumb/v7-m/nofp/crtend.o
LOAD c:/st/stm32cubeide_1.5.0/stm32cubeide/plugins/com.st.stm32cube.ide.mcu.externaltools.gnu-tools-for-stm32.9-2020-q2-update.win32_1.5.0.202011040924/tools/bin/../lib/gcc/arm-none-eabi/9.3.1/thumb/v7-m/nofp/crtn.o
                0x0000000020005000                _estack = (ORIGIN (RAM) + LENGTH (RAM))
                0x0000000000000000                _Min_Heap_Size = 0x0
                0x0000000000000400                _Min_Stack_Size = 0x400

.shared_memory  0x0000000020000000        0xc
 *(.shared_memory)
 .shared_memory
                0x0000000020000000        0xc BootLoader/sharedMemory.o

.isr_vector     0x0000000008000000      0x130
                0x0000000008000000                . = ALIGN (0x4)
 *(.isr_vector)
 .isr_vector    0x0000000008000000      0x130 My/Startup/startup_stm32f103c8tx.o
                0x0000000008000000                g_pfnVectors
                0x0000000008000130                . = ALIGN (0x4)

.text           0x0000000008000130      0xf98
                0x0000000008000130                . = ALIGN (0x4)
 *(.text)
 .text          0x0000000008000130       0x40 c:/st/stm32cubeide_1.5.0/stm32cubeide/plugins/com.st.stm32cube.ide.mcu.externaltools.gnu-tools-for-stm32.9-2020-q2-update.win32_1.5.0.202011040924/tools/bin/../lib/gcc/arm-none-eabi/9.3.1/thumb/v7-m/nofp/crtbegin.o
 *(.text*)
 .text.__NVIC_SystemReset
                0x0000000008000170       0x24 BootLoader/bootLoader.o
 .text._sendBuf
                0x0000000008000194       0x24 BootLoader/bootLoader.o
 .text._sendByte
                0x00000000080001b8       0x2c BootLoader/bootLoader.o
 .text._waitEndRx
                0x00000000080001e4       0x48 BootLoader/bootLoader.o
 .text._getStartAddress.constprop.0
                0x000000000800022c        0xc BootLoader/bootLoader.o
 .text._getChecksum.constprop.0
                0x0000000008000238       0x20 BootLoader/bootLoader.o
 .text._cmd_Get
                0x0000000008000258       0x54 BootLoader/bootLoader.o
                0x0000000008000258                _cmd_Get
 .text._cmd_GetVersion
                0x00000000080002ac       0x18 BootLoader/bootLoader.o
                0x00000000080002ac                _cmd_GetVersion
 .text._cmd_GetID
                0x00000000080002c4       0x2c BootLoader/bootLoader.o
                0x00000000080002c4                _cmd_GetID
 .text._cmd_RM  0x00000000080002f0       0x68 BootLoader/bootLoader.o
                0x00000000080002f0                _cmd_RM
 .text._cmd_WM  0x0000000008000358       0x70 BootLoader/bootLoader.o
                0x0000000008000358                _cmd_WM
 .text._cmd_ERASE
                0x00000000080003c8       0x88 BootLoader/bootLoader.o
                0x00000000080003c8                _cmd_ERASE
 .text._cmd_NS_GetCheckSum
                0x0000000008000450       0xec BootLoader/bootLoader.o
                0x0000000008000450                _cmd_NS_GetCheckSum
 .text.I2C_IT_SlaveRxCpltCallback
                0x000000000800053c       0x10 BootLoader/bootLoader.o
                0x000000000800053c                I2C_IT_SlaveRxCpltCallback
 .text.BOOT_Init
                0x000000000800054c       0x48 BootLoader/bootLoader.o
                0x000000000800054c                BOOT_Init
 .text.BOOT_Indication
                0x0000000008000594       0x28 BootLoader/bootLoader.o
                0x0000000008000594                BOOT_Indication
 .text.BOOT_DeinitAll
                0x00000000080005bc       0x54 BootLoader/bootLoader.o
                0x00000000080005bc                BOOT_DeinitAll
 .text.BOOT_AppAvailableCheck
                0x0000000008000610       0x18 BootLoader/bootLoader.o
                0x0000000008000610                BOOT_AppAvailableCheck
 .text.BOOT_GetStateI2C
                0x0000000008000628        0xc BootLoader/bootLoader.o
                0x0000000008000628                BOOT_GetStateI2C
 .text.BOOT_GoToApp
                0x0000000008000634       0x38 BootLoader/bootLoader.o
                0x0000000008000634                BOOT_GoToApp
 .text._cmd_GO  0x000000000800066c       0x60 BootLoader/bootLoader.o
                0x000000000800066c                _cmd_GO
 .text.BOOT_Loop
                0x00000000080006cc       0x94 BootLoader/bootLoader.o
                0x00000000080006cc                BOOT_Loop
 .text.SharedMemory_Init
                0x0000000008000760       0x30 BootLoader/sharedMemory.o
                0x0000000008000760                SharedMemory_Init
 .text.SharedMemory_GetFlags
                0x0000000008000790        0xc BootLoader/sharedMemory.o
                0x0000000008000790                SharedMemory_GetFlags
 .text.SharedMemory_ClearFlag
                0x000000000800079c       0x10 BootLoader/sharedMemory.o
                0x000000000800079c                SharedMemory_ClearFlag
 .text.DELAY_Init
                0x00000000080007ac       0x24 My/Application/Delay.o
                0x00000000080007ac                DELAY_Init
 .text.DELAY_microSecCount
                0x00000000080007d0       0x10 My/Application/Delay.o
                0x00000000080007d0                DELAY_microSecCount
 .text.DELAY_microS
                0x00000000080007e0       0x20 My/Application/Delay.o
                0x00000000080007e0                DELAY_microS
 .text.DELAY_milliS
                0x0000000008000800        0xa My/Application/Delay.o
                0x0000000008000800                DELAY_milliS
 *fill*         0x000000000800080a        0x2 
 .text.SystemInit
                0x000000000800080c       0x4c My/CMSIS/system_stm32f1xx.o
                0x000000000800080c                SystemInit
 .text.startup.main
                0x0000000008000858       0x6c My/Main/main.o
                0x0000000008000858                main
 .text.CRC_Init
                0x00000000080008c4       0x10 My/STM32_Perif/crc_ST.o
                0x00000000080008c4                CRC_Init
 .text._flash_Ready
                0x00000000080008d4       0x10 My/STM32_Perif/flash_ST.o
 .text._flash_CheckEOP
                0x00000000080008e4       0x1c My/STM32_Perif/flash_ST.o
 .text.STM32_Flash_Lock
                0x0000000008000900       0x10 My/STM32_Perif/flash_ST.o
                0x0000000008000900                STM32_Flash_Lock
 .text.STM32_Flash_Unlock
                0x0000000008000910       0x18 My/STM32_Perif/flash_ST.o
                0x0000000008000910                STM32_Flash_Unlock
 .text.STM32_Flash_ErasePage
                0x0000000008000928       0x3c My/STM32_Perif/flash_ST.o
                0x0000000008000928                STM32_Flash_ErasePage
 .text.STM32_Flash_WriteBuf
                0x0000000008000964       0x44 My/STM32_Perif/flash_ST.o
                0x0000000008000964                STM32_Flash_WriteBuf
 .text.STM32_Flash_ReadWord
                0x00000000080009a8        0x4 My/STM32_Perif/flash_ST.o
                0x00000000080009a8                STM32_Flash_ReadWord
 .text.STM32_Flash_ReadBufU8
                0x00000000080009ac       0x12 My/STM32_Perif/flash_ST.o
                0x00000000080009ac                STM32_Flash_ReadBufU8
 *fill*         0x00000000080009be        0x2 
 .text.STM32_Flash_GetReadOutProtectionStatus
                0x00000000080009c0       0x10 My/STM32_Perif/flash_ST.o
                0x00000000080009c0                STM32_Flash_GetReadOutProtectionStatus
 .text._gpio_PortXClockEnable
                0x00000000080009d0       0x48 My/STM32_Perif/gpio_ST.o
 .text.GPIO_InitForOutputPushPull
                0x0000000008000a18       0x4c My/STM32_Perif/gpio_ST.o
                0x0000000008000a18                GPIO_InitForOutputPushPull
 .text.GPIO_Init
                0x0000000008000a64       0x1c My/STM32_Perif/gpio_ST.o
                0x0000000008000a64                GPIO_Init
 .text._i2c_GPIO_Init
                0x0000000008000a80       0x5c My/STM32_Perif/i2c_ST.o
 .text._i2c_ClockEnable
                0x0000000008000adc       0x1c My/STM32_Perif/i2c_ST.o
 .text._i2c_SetSpeed
                0x0000000008000af8       0x48 My/STM32_Perif/i2c_ST.o
 .text.NVIC_EncodePriority.constprop.0
                0x0000000008000b40       0x2e My/STM32_Perif/i2c_ST.o
 .text.I2C_Master_Init
                0x0000000008000b6e       0x50 My/STM32_Perif/i2c_ST.o
                0x0000000008000b6e                I2C_Master_Init
 .text.I2C_Slave_Init
                0x0000000008000bbe       0x5c My/STM32_Perif/i2c_ST.o
                0x0000000008000bbe                I2C_Slave_Init
 .text.I2C_IT_InterruptDisable
                0x0000000008000c1a        0xc My/STM32_Perif/i2c_ST.o
                0x0000000008000c1a                I2C_IT_InterruptDisable
 .text.I2C_IT_InterruptEnable
                0x0000000008000c26        0xc My/STM32_Perif/i2c_ST.o
                0x0000000008000c26                I2C_IT_InterruptEnable
 *fill*         0x0000000008000c32        0x2 
 .text.I2C_IT_Init
                0x0000000008000c34       0xc8 My/STM32_Perif/i2c_ST.o
                0x0000000008000c34                I2C_IT_Init
 .text.I2C_IT_SetpBuf
                0x0000000008000cfc        0x4 My/STM32_Perif/i2c_ST.o
                0x0000000008000cfc                I2C_IT_SetpBuf
 .text.I2C_IT_SetDataSize
                0x0000000008000d00        0x8 My/STM32_Perif/i2c_ST.o
                0x0000000008000d00                I2C_IT_SetDataSize
 .text.I2C_IT_SlaveTxCpltCallback
                0x0000000008000d08        0x2 My/STM32_Perif/i2c_ST.o
                0x0000000008000d08                I2C_IT_SlaveTxCpltCallback
 .text.I2C_IT_Error
                0x0000000008000d0a       0x8c My/STM32_Perif/i2c_ST.o
 *fill*         0x0000000008000d96        0x2 
 .text.I2C_IT_EV_Handler
                0x0000000008000d98      0x100 My/STM32_Perif/i2c_ST.o
                0x0000000008000d98                I2C_IT_EV_Handler
 .text.I2C_IT_ER_Handler
                0x0000000008000e98       0x1c My/STM32_Perif/i2c_ST.o
                0x0000000008000e98                I2C_IT_ER_Handler
 .text.SysTick_Handler
                0x0000000008000eb4        0x2 My/STM32_Perif/stm32f10x_it.o
                0x0000000008000eb4                SysTick_Handler
 .text.WWDG_IRQHandler
                0x0000000008000eb6        0x2 My/STM32_Perif/stm32f10x_it.o
                0x0000000008000eb6                WWDG_IRQHandler
 .text.PVD_IRQHandler
                0x0000000008000eb8        0x2 My/STM32_Perif/stm32f10x_it.o
                0x0000000008000eb8                PVD_IRQHandler
 .text.TAMPER_IRQHandler
                0x0000000008000eba        0x2 My/STM32_Perif/stm32f10x_it.o
                0x0000000008000eba                TAMPER_IRQHandler
 .text.RTC_IRQHandler
                0x0000000008000ebc        0x2 My/STM32_Perif/stm32f10x_it.o
                0x0000000008000ebc                RTC_IRQHandler
 .text.FLASH_IRQHandler
                0x0000000008000ebe        0x2 My/STM32_Perif/stm32f10x_it.o
                0x0000000008000ebe                FLASH_IRQHandler
 .text.RCC_IRQHandler
                0x0000000008000ec0        0x2 My/STM32_Perif/stm32f10x_it.o
                0x0000000008000ec0                RCC_IRQHandler
 .text.EXTI0_IRQHandler
                0x0000000008000ec2        0x2 My/STM32_Perif/stm32f10x_it.o
                0x0000000008000ec2                EXTI0_IRQHandler
 .text.EXTI1_IRQHandler
                0x0000000008000ec4        0x2 My/STM32_Perif/stm32f10x_it.o
                0x0000000008000ec4                EXTI1_IRQHandler
 .text.EXTI2_IRQHandler
                0x0000000008000ec6        0x2 My/STM32_Perif/stm32f10x_it.o
                0x0000000008000ec6                EXTI2_IRQHandler
 .text.EXTI3_IRQHandler
                0x0000000008000ec8        0x2 My/STM32_Perif/stm32f10x_it.o
                0x0000000008000ec8                EXTI3_IRQHandler
 .text.EXTI4_IRQHandler
                0x0000000008000eca        0x2 My/STM32_Perif/stm32f10x_it.o
                0x0000000008000eca                EXTI4_IRQHandler
 .text.DMA1_Channel1_IRQHandler
                0x0000000008000ecc        0x2 My/STM32_Perif/stm32f10x_it.o
                0x0000000008000ecc                DMA1_Channel1_IRQHandler
 .text.DMA1_Channel2_IRQHandler
                0x0000000008000ece        0x2 My/STM32_Perif/stm32f10x_it.o
                0x0000000008000ece                DMA1_Channel2_IRQHandler
 .text.DMA1_Channel3_IRQHandler
                0x0000000008000ed0        0x2 My/STM32_Perif/stm32f10x_it.o
                0x0000000008000ed0                DMA1_Channel3_IRQHandler
 .text.DMA1_Channel4_IRQHandler
                0x0000000008000ed2        0x2 My/STM32_Perif/stm32f10x_it.o
                0x0000000008000ed2                DMA1_Channel4_IRQHandler
 .text.DMA1_Channel5_IRQHandler
                0x0000000008000ed4        0x2 My/STM32_Perif/stm32f10x_it.o
                0x0000000008000ed4                DMA1_Channel5_IRQHandler
 .text.DMA1_Channel6_IRQHandler
                0x0000000008000ed6        0x2 My/STM32_Perif/stm32f10x_it.o
                0x0000000008000ed6                DMA1_Channel6_IRQHandler
 .text.DMA1_Channel7_IRQHandler
                0x0000000008000ed8        0x2 My/STM32_Perif/stm32f10x_it.o
                0x0000000008000ed8                DMA1_Channel7_IRQHandler
 .text.ADC1_2_IRQHandler
                0x0000000008000eda        0x2 My/STM32_Perif/stm32f10x_it.o
                0x0000000008000eda                ADC1_2_IRQHandler
 .text.USB_HP_CAN_TX_IRQHandler
                0x0000000008000edc        0x2 My/STM32_Perif/stm32f10x_it.o
                0x0000000008000edc                USB_HP_CAN_TX_IRQHandler
 .text.USB_LP_CAN_RX0_IRQHandler
                0x0000000008000ede        0x2 My/STM32_Perif/stm32f10x_it.o
                0x0000000008000ede                USB_LP_CAN_RX0_IRQHandler
 .text.CAN_RX1_IRQHandler
                0x0000000008000ee0        0x2 My/STM32_Perif/stm32f10x_it.o
                0x0000000008000ee0                CAN_RX1_IRQHandler
 .text.CAN_SCE_IRQHandler
                0x0000000008000ee2        0x2 My/STM32_Perif/stm32f10x_it.o
                0x0000000008000ee2                CAN_SCE_IRQHandler
 .text.EXTI9_5_IRQHandler
                0x0000000008000ee4        0x2 My/STM32_Perif/stm32f10x_it.o
                0x0000000008000ee4                EXTI9_5_IRQHandler
 .text.TIM1_BRK_IRQHandler
                0x0000000008000ee6        0x2 My/STM32_Perif/stm32f10x_it.o
                0x0000000008000ee6                TIM1_BRK_IRQHandler
 .text.TIM1_UP_IRQHandler
                0x0000000008000ee8        0x2 My/STM32_Perif/stm32f10x_it.o
                0x0000000008000ee8                TIM1_UP_IRQHandler
 .text.TIM1_TRG_COM_IRQHandler
                0x0000000008000eea        0x2 My/STM32_Perif/stm32f10x_it.o
                0x0000000008000eea                TIM1_TRG_COM_IRQHandler
 .text.TIM1_CC_IRQHandler
                0x0000000008000eec        0x2 My/STM32_Perif/stm32f10x_it.o
                0x0000000008000eec                TIM1_CC_IRQHandler
 .text.TIM2_IRQHandler
                0x0000000008000eee        0x2 My/STM32_Perif/stm32f10x_it.o
                0x0000000008000eee                TIM2_IRQHandler
 .text.TIM3_IRQHandler
                0x0000000008000ef0        0x2 My/STM32_Perif/stm32f10x_it.o
                0x0000000008000ef0                TIM3_IRQHandler
 .text.TIM4_IRQHandler
                0x0000000008000ef2        0x2 My/STM32_Perif/stm32f10x_it.o
                0x0000000008000ef2                TIM4_IRQHandler
 .text.I2C1_EV_IRQHandler
                0x0000000008000ef4        0xc My/STM32_Perif/stm32f10x_it.o
                0x0000000008000ef4                I2C1_EV_IRQHandler
 .text.I2C1_ER_IRQHandler
                0x0000000008000f00        0xc My/STM32_Perif/stm32f10x_it.o
                0x0000000008000f00                I2C1_ER_IRQHandler
 .text.I2C2_EV_IRQHandler
                0x0000000008000f0c        0xc My/STM32_Perif/stm32f10x_it.o
                0x0000000008000f0c                I2C2_EV_IRQHandler
 .text.I2C2_ER_IRQHandler
                0x0000000008000f18        0xc My/STM32_Perif/stm32f10x_it.o
                0x0000000008000f18                I2C2_ER_IRQHandler
 .text.SPI1_IRQHandler
                0x0000000008000f24        0x2 My/STM32_Perif/stm32f10x_it.o
                0x0000000008000f24                SPI1_IRQHandler
 .text.SPI2_IRQHandler
                0x0000000008000f26        0x2 My/STM32_Perif/stm32f10x_it.o
                0x0000000008000f26                SPI2_IRQHandler
 .text.USART1_IRQHandler
                0x0000000008000f28        0x2 My/STM32_Perif/stm32f10x_it.o
                0x0000000008000f28                USART1_IRQHandler
 .text.USART2_IRQHandler
                0x0000000008000f2a        0x2 My/STM32_Perif/stm32f10x_it.o
                0x0000000008000f2a                USART2_IRQHandler
 .text.USART3_IRQHandler
                0x0000000008000f2c        0x2 My/STM32_Perif/stm32f10x_it.o
                0x0000000008000f2c                USART3_IRQHandler
 .text.EXTI15_10_IRQHandler
                0x0000000008000f2e        0x2 My/STM32_Perif/stm32f10x_it.o
                0x0000000008000f2e                EXTI15_10_IRQHandler
 .text.RTCAlarm_IRQHandler
                0x0000000008000f30        0x2 My/STM32_Perif/stm32f10x_it.o
                0x0000000008000f30                RTCAlarm_IRQHandler
 .text.TIM8_BRK_IRQHandler
                0x0000000008000f32        0x2 My/STM32_Perif/stm32f10x_it.o
                0x0000000008000f32                TIM8_BRK_IRQHandler
 .text.TIM8_UP_IRQHandler
                0x0000000008000f34        0x2 My/STM32_Perif/stm32f10x_it.o
                0x0000000008000f34                TIM8_UP_IRQHandler
 .text.TIM8_TRG_COM_IRQHandler
                0x0000000008000f36        0x2 My/STM32_Perif/stm32f10x_it.o
                0x0000000008000f36                TIM8_TRG_COM_IRQHandler
 .text.TIM8_CC_IRQHandler
                0x0000000008000f38        0x2 My/STM32_Perif/stm32f10x_it.o
                0x0000000008000f38                TIM8_CC_IRQHandler
 .text.ADC3_IRQHandler
                0x0000000008000f3a        0x2 My/STM32_Perif/stm32f10x_it.o
                0x0000000008000f3a                ADC3_IRQHandler
 .text.FSMC_IRQHandler
                0x0000000008000f3c        0x2 My/STM32_Perif/stm32f10x_it.o
                0x0000000008000f3c                FSMC_IRQHandler
 .text.SDIO_IRQHandler
                0x0000000008000f3e        0x2 My/STM32_Perif/stm32f10x_it.o
                0x0000000008000f3e                SDIO_IRQHandler
 .text.TIM5_IRQHandler
                0x0000000008000f40        0x2 My/STM32_Perif/stm32f10x_it.o
                0x0000000008000f40                TIM5_IRQHandler
 .text.SPI3_IRQHandler
                0x0000000008000f42        0x2 My/STM32_Perif/stm32f10x_it.o
                0x0000000008000f42                SPI3_IRQHandler
 .text.UART4_IRQHandler
                0x0000000008000f44        0x2 My/STM32_Perif/stm32f10x_it.o
                0x0000000008000f44                UART4_IRQHandler
 .text.UART5_IRQHandler
                0x0000000008000f46        0x2 My/STM32_Perif/stm32f10x_it.o
                0x0000000008000f46                UART5_IRQHandler
 .text.TIM6_IRQHandler
                0x0000000008000f48        0x2 My/STM32_Perif/stm32f10x_it.o
                0x0000000008000f48                TIM6_IRQHandler
 .text.TIM7_IRQHandler
                0x0000000008000f4a        0x2 My/STM32_Perif/stm32f10x_it.o
                0x0000000008000f4a                TIM7_IRQHandler
 .text.DMA2_Channel1_IRQHandler
                0x0000000008000f4c        0x2 My/STM32_Perif/stm32f10x_it.o
                0x0000000008000f4c                DMA2_Channel1_IRQHandler
 .text.DMA2_Channel2_IRQHandler
                0x0000000008000f4e        0x2 My/STM32_Perif/stm32f10x_it.o
                0x0000000008000f4e                DMA2_Channel2_IRQHandler
 .text.DMA2_Channel3_IRQHandler
                0x0000000008000f50        0x2 My/STM32_Perif/stm32f10x_it.o
                0x0000000008000f50                DMA2_Channel3_IRQHandler
 .text.DMA2_Channel4_5_IRQHandler
                0x0000000008000f52        0x2 My/STM32_Perif/stm32f10x_it.o
                0x0000000008000f52                DMA2_Channel4_5_IRQHandler
 .text.STM32_Clock_Init
                0x0000000008000f54       0xc0 My/STM32_Perif/sys_ST.o
                0x0000000008000f54                STM32_Clock_Init
 .text.Reset_Handler
                0x0000000008001014       0x50 My/Startup/startup_stm32f103c8tx.o
                0x0000000008001014                Reset_Handler
 .text.Default_Handler
                0x0000000008001064        0x2 My/Startup/startup_stm32f103c8tx.o
                0x0000000008001064                DebugMon_Handler
                0x0000000008001064                HardFault_Handler
                0x0000000008001064                PendSV_Handler
                0x0000000008001064                NMI_Handler
                0x0000000008001064                UsageFault_Handler
                0x0000000008001064                Default_Handler
                0x0000000008001064                MemManage_Handler
                0x0000000008001064                SVC_Handler
                0x0000000008001064                BusFault_Handler
 *fill*         0x0000000008001066        0x2 
 .text.__libc_init_array
                0x0000000008001068       0x48 c:/st/stm32cubeide_1.5.0/stm32cubeide/plugins/com.st.stm32cube.ide.mcu.externaltools.gnu-tools-for-stm32.9-2020-q2-update.win32_1.5.0.202011040924/tools/bin/../lib/gcc/arm-none-eabi/9.3.1/../../../../arm-none-eabi/lib/thumb/v7-m/nofp\libc_nano.a(lib_a-init.o)
                0x0000000008001068                __libc_init_array
 *(.glue_7)
 .glue_7        0x00000000080010b0        0x0 linker stubs
 *(.glue_7t)
 .glue_7t       0x00000000080010b0        0x0 linker stubs
 *(.eh_frame)
 .eh_frame      0x00000000080010b0        0x0 c:/st/stm32cubeide_1.5.0/stm32cubeide/plugins/com.st.stm32cube.ide.mcu.externaltools.gnu-tools-for-stm32.9-2020-q2-update.win32_1.5.0.202011040924/tools/bin/../lib/gcc/arm-none-eabi/9.3.1/thumb/v7-m/nofp/crtbegin.o
 *(.init)
 .init          0x00000000080010b0        0x4 c:/st/stm32cubeide_1.5.0/stm32cubeide/plugins/com.st.stm32cube.ide.mcu.externaltools.gnu-tools-for-stm32.9-2020-q2-update.win32_1.5.0.202011040924/tools/bin/../lib/gcc/arm-none-eabi/9.3.1/thumb/v7-m/nofp/crti.o
                0x00000000080010b0                _init
 .init          0x00000000080010b4        0x8 c:/st/stm32cubeide_1.5.0/stm32cubeide/plugins/com.st.stm32cube.ide.mcu.externaltools.gnu-tools-for-stm32.9-2020-q2-update.win32_1.5.0.202011040924/tools/bin/../lib/gcc/arm-none-eabi/9.3.1/thumb/v7-m/nofp/crtn.o
 *(.fini)
 .fini          0x00000000080010bc        0x4 c:/st/stm32cubeide_1.5.0/stm32cubeide/plugins/com.st.stm32cube.ide.mcu.externaltools.gnu-tools-for-stm32.9-2020-q2-update.win32_1.5.0.202011040924/tools/bin/../lib/gcc/arm-none-eabi/9.3.1/thumb/v7-m/nofp/crti.o
                0x00000000080010bc                _fini
 .fini          0x00000000080010c0        0x8 c:/st/stm32cubeide_1.5.0/stm32cubeide/plugins/com.st.stm32cube.ide.mcu.externaltools.gnu-tools-for-stm32.9-2020-q2-update.win32_1.5.0.202011040924/tools/bin/../lib/gcc/arm-none-eabi/9.3.1/thumb/v7-m/nofp/crtn.o
                0x00000000080010c8                . = ALIGN (0x4)
                0x00000000080010c8                _etext = .

.vfp11_veneer   0x00000000080010c8        0x0
 .vfp11_veneer  0x00000000080010c8        0x0 linker stubs

.v4_bx          0x00000000080010c8        0x0
 .v4_bx         0x00000000080010c8        0x0 linker stubs

.iplt           0x00000000080010c8        0x0
 .iplt          0x00000000080010c8        0x0 c:/st/stm32cubeide_1.5.0/stm32cubeide/plugins/com.st.stm32cube.ide.mcu.externaltools.gnu-tools-for-stm32.9-2020-q2-update.win32_1.5.0.202011040924/tools/bin/../lib/gcc/arm-none-eabi/9.3.1/thumb/v7-m/nofp/crtbegin.o

.rel.dyn        0x00000000080010c8        0x0
 .rel.iplt      0x00000000080010c8        0x0 c:/st/stm32cubeide_1.5.0/stm32cubeide/plugins/com.st.stm32cube.ide.mcu.externaltools.gnu-tools-for-stm32.9-2020-q2-update.win32_1.5.0.202011040924/tools/bin/../lib/gcc/arm-none-eabi/9.3.1/thumb/v7-m/nofp/crtbegin.o

.rodata         0x00000000080010c8        0x0
                0x00000000080010c8                . = ALIGN (0x4)
 *(.rodata)
 *(.rodata*)
                0x00000000080010c8                . = ALIGN (0x4)

.ARM.extab      0x00000000080010c8        0x0
                0x00000000080010c8                . = ALIGN (0x4)
 *(.ARM.extab* .gnu.linkonce.armextab.*)
                0x00000000080010c8                . = ALIGN (0x4)

.ARM            0x00000000080010c8        0x0
                0x00000000080010c8                . = ALIGN (0x4)
                0x00000000080010c8                __exidx_start = .
 *(.ARM.exidx*)
                0x00000000080010c8                __exidx_end = .
                0x00000000080010c8                . = ALIGN (0x4)

.preinit_array  0x00000000080010c8        0x0
                0x00000000080010c8                . = ALIGN (0x4)
                0x00000000080010c8                PROVIDE (__preinit_array_start = .)
 *(.preinit_array*)
                0x00000000080010c8                PROVIDE (__preinit_array_end = .)
                0x00000000080010c8                . = ALIGN (0x4)

.init_array     0x00000000080010c8        0x4
                0x00000000080010c8                . = ALIGN (0x4)
                0x00000000080010c8                PROVIDE (__init_array_start = .)
 *(SORT_BY_NAME(.init_array.*))
 *(.init_array*)
 .init_array    0x00000000080010c8        0x4 c:/st/stm32cubeide_1.5.0/stm32cubeide/plugins/com.st.stm32cube.ide.mcu.externaltools.gnu-tools-for-stm32.9-2020-q2-update.win32_1.5.0.202011040924/tools/bin/../lib/gcc/arm-none-eabi/9.3.1/thumb/v7-m/nofp/crtbegin.o
                0x00000000080010cc                PROVIDE (__init_array_end = .)
                0x00000000080010cc                . = ALIGN (0x4)

.fini_array     0x00000000080010cc        0x4
                0x00000000080010cc                . = ALIGN (0x4)
                [!provide]                        PROVIDE (__fini_array_start = .)
 *(SORT_BY_NAME(.fini_array.*))
 *(.fini_array*)
 .fini_array    0x00000000080010cc        0x4 c:/st/stm32cubeide_1.5.0/stm32cubeide/plugins/com.st.stm32cube.ide.mcu.externaltools.gnu-tools-for-stm32.9-2020-q2-update.win32_1.5.0.202011040924/tools/bin/../lib/gcc/arm-none-eabi/9.3.1/thumb/v7-m/nofp/crtbegin.o
                [!provide]                        PROVIDE (__fini_array_end = .)
                0x00000000080010d0                . = ALIGN (0x4)
                0x00000000080010d0                _sidata = LOADADDR (.data)

.data           0x0000000020000100        0x0 load address 0x00000000080010d0
                0x0000000020000100                . = ALIGN (0x4)
                0x0000000020000100                _sdata = .
 *(.data)
 *(.data*)
 *(.RamFunc)
 *(.RamFunc*)
                0x0000000020000100                . = ALIGN (0x4)
                0x0000000020000100                _edata = .

.igot.plt       0x0000000020000100        0x0 load address 0x00000000080010d0
 .igot.plt      0x0000000020000100        0x0 c:/st/stm32cubeide_1.5.0/stm32cubeide/plugins/com.st.stm32cube.ide.mcu.externaltools.gnu-tools-for-stm32.9-2020-q2-update.win32_1.5.0.202011040924/tools/bin/../lib/gcc/arm-none-eabi/9.3.1/thumb/v7-m/nofp/crtbegin.o
                0x0000000020000100                . = ALIGN (0x4)

.bss            0x0000000020000100      0x454 load address 0x00000000080010d0
                0x0000000020000100                _sbss = .
                0x0000000020000100                __bss_start__ = _sbss
 *(.bss)
 .bss           0x0000000020000100       0x1c c:/st/stm32cubeide_1.5.0/stm32cubeide/plugins/com.st.stm32cube.ide.mcu.externaltools.gnu-tools-for-stm32.9-2020-q2-update.win32_1.5.0.202011040924/tools/bin/../lib/gcc/arm-none-eabi/9.3.1/thumb/v7-m/nofp/crtbegin.o
 *(.bss*)
 .bss.I2c       0x000000002000011c       0x20 BootLoader/bootLoader.o
 .bss.bootBuf   0x000000002000013c      0x410 BootLoader/bootLoader.o
 .bss.i2c1_IT_Define
                0x000000002000054c        0x4 My/STM32_Perif/i2c_ST.o
 .bss.i2c2_IT_Define
                0x0000000020000550        0x4 My/STM32_Perif/i2c_ST.o
 *(COMMON)
                0x0000000020000554                . = ALIGN (0x4)
                0x0000000020000554                _ebss = .
                0x0000000020000554                __bss_end__ = _ebss

._user_heap_stack
                0x0000000020000554      0x404 load address 0x00000000080010d0
                0x0000000020000558                . = ALIGN (0x8)
 *fill*         0x0000000020000554        0x4 
                [!provide]                        PROVIDE (end = .)
                [!provide]                        PROVIDE (_end = .)
                0x0000000020000558                . = (. + _Min_Heap_Size)
                0x0000000020000958                . = (. + _Min_Stack_Size)
 *fill*         0x0000000020000558      0x400 
                0x0000000020000958                . = ALIGN (0x8)

/DISCARD/
 libc.a(*)
 libm.a(*)
 libgcc.a(*)

.ARM.attributes
                0x0000000000000000       0x29
 *(.ARM.attributes)
 .ARM.attributes
                0x0000000000000000       0x1d c:/st/stm32cubeide_1.5.0/stm32cubeide/plugins/com.st.stm32cube.ide.mcu.externaltools.gnu-tools-for-stm32.9-2020-q2-update.win32_1.5.0.202011040924/tools/bin/../lib/gcc/arm-none-eabi/9.3.1/thumb/v7-m/nofp/crti.o
 .ARM.attributes
                0x000000000000001d       0x2d c:/st/stm32cubeide_1.5.0/stm32cubeide/plugins/com.st.stm32cube.ide.mcu.externaltools.gnu-tools-for-stm32.9-2020-q2-update.win32_1.5.0.202011040924/tools/bin/../lib/gcc/arm-none-eabi/9.3.1/thumb/v7-m/nofp/crtbegin.o
 .ARM.attributes
                0x000000000000004a       0x2d BootLoader/bootLoader.o
 .ARM.attributes
                0x0000000000000077       0x2d BootLoader/sharedMemory.o
 .ARM.attributes
                0x00000000000000a4       0x2d My/Application/Delay.o
 .ARM.attributes
                0x00000000000000d1       0x2d My/CMSIS/system_stm32f1xx.o
 .ARM.attributes
                0x00000000000000fe       0x2d My/Main/main.o
 .ARM.attributes
                0x000000000000012b       0x2d My/STM32_Perif/crc_ST.o
 .ARM.attributes
                0x0000000000000158       0x2d My/STM32_Perif/flash_ST.o
 .ARM.attributes
                0x0000000000000185       0x2d My/STM32_Perif/gpio_ST.o
 .ARM.attributes
                0x00000000000001b2       0x2d My/STM32_Perif/i2c_ST.o
 .ARM.attributes
                0x00000000000001df       0x2d My/STM32_Perif/stm32f10x_it.o
 .ARM.attributes
                0x000000000000020c       0x2d My/STM32_Perif/sys_ST.o
 .ARM.attributes
                0x0000000000000239       0x21 My/Startup/startup_stm32f103c8tx.o
 .ARM.attributes
                0x000000000000025a       0x2d c:/st/stm32cubeide_1.5.0/stm32cubeide/plugins/com.st.stm32cube.ide.mcu.externaltools.gnu-tools-for-stm32.9-2020-q2-update.win32_1.5.0.202011040924/tools/bin/../lib/gcc/arm-none-eabi/9.3.1/../../../../arm-none-eabi/lib/thumb/v7-m/nofp\libc_nano.a(lib_a-init.o)
 .ARM.attributes
                0x0000000000000287       0x1d c:/st/stm32cubeide_1.5.0/stm32cubeide/plugins/com.st.stm32cube.ide.mcu.externaltools.gnu-tools-for-stm32.9-2020-q2-update.win32_1.5.0.202011040924/tools/bin/../lib/gcc/arm-none-eabi/9.3.1/thumb/v7-m/nofp/crtn.o
OUTPUT(f103c8t6_BootLoader.elf elf32-littlearm)
LOAD linker stubs
LOAD c:/st/stm32cubeide_1.5.0/stm32cubeide/plugins/com.st.stm32cube.ide.mcu.externaltools.gnu-tools-for-stm32.9-2020-q2-update.win32_1.5.0.202011040924/tools/bin/../lib/gcc/arm-none-eabi/9.3.1/../../../../arm-none-eabi/lib/thumb/v7-m/nofp\libc.a
LOAD c:/st/stm32cubeide_1.5.0/stm32cubeide/plugins/com.st.stm32cube.ide.mcu.externaltools.gnu-tools-for-stm32.9-2020-q2-update.win32_1.5.0.202011040924/tools/bin/../lib/gcc/arm-none-eabi/9.3.1/../../../../arm-none-eabi/lib/thumb/v7-m/nofp\libm.a
LOAD c:/st/stm32cubeide_1.5.0/stm32cubeide/plugins/com.st.stm32cube.ide.mcu.externaltools.gnu-tools-for-stm32.9-2020-q2-update.win32_1.5.0.202011040924/tools/bin/../lib/gcc/arm-none-eabi/9.3.1/thumb/v7-m/nofp\libgcc.a

.comment        0x0000000000000000       0x53
 .comment       0x0000000000000000       0x53 BootLoader/bootLoader.o
                                         0x54 (size before relaxing)
 .comment       0x0000000000000053       0x54 BootLoader/sharedMemory.o
 .comment       0x0000000000000053       0x54 My/Application/Delay.o
 .comment       0x0000000000000053       0x54 My/CMSIS/system_stm32f1xx.o
 .comment       0x0000000000000053       0x54 My/Main/main.o
 .comment       0x0000000000000053       0x54 My/STM32_Perif/crc_ST.o
 .comment       0x0000000000000053       0x54 My/STM32_Perif/flash_ST.o
 .comment       0x0000000000000053       0x54 My/STM32_Perif/gpio_ST.o
 .comment       0x0000000000000053       0x54 My/STM32_Perif/i2c_ST.o
 .comment       0x0000000000000053       0x54 My/STM32_Perif/stm32f10x_it.o
 .comment       0x0000000000000053       0x54 My/STM32_Perif/sys_ST.o

.debug_frame    0x0000000000000000       0x2c
 .debug_frame   0x0000000000000000       0x2c c:/st/stm32cubeide_1.5.0/stm32cubeide/plugins/com.st.stm32cube.ide.mcu.externaltools.gnu-tools-for-stm32.9-2020-q2-update.win32_1.5.0.202011040924/tools/bin/../lib/gcc/arm-none-eabi/9.3.1/../../../../arm-none-eabi/lib/thumb/v7-m/nofp\libc_nano.a(lib_a-init.o)
