sys_ST.c:7:17:Init_RCC	16	static
sys_ST.c:60:6:Sys_Init	8	static
sys_ST.c:76:6:Stm32Flash_Lock	4	static
sys_ST.c:82:6:Stm32Flash_Unlock	4	static
sys_ST.c:92:6:Stm32Flash_ErasePage	16	static
sys_ST.c:104:6:Stm32Flash_WriteWord	16	static
sys_ST.c:122:10:Stm32Flash_ReadWord	16	static
sys_ST.c:129:6:NMI_Handler	4	static
sys_ST.c:137:6:HardFault_Handler	4	static
sys_ST.c:148:6:MemManage_Handler	4	static
sys_ST.c:154:6:BusFault_Handler	4	static
sys_ST.c:160:6:UsageFault_Handler	4	static
sys_ST.c:166:6:SVC_Handler	4	static
