main.c:21:6:IncrementOnEachPass	24	static
main.c:31:6:DecrementOnEachPass	24	static
main.c:41:6:Led_Blink	8	static
main.c:47:9:tic	24	static
main.c:271:6:BLDC_Commutation	8	static
main.c:320:6:PWM_SetVal	16	static
main.c:328:6:PMSM_SetPWM	16	static
main.c:336:6:PMSM_SetPWM_UVW	16	static
main.c:345:6:BLDC_PWMCommutation	8	static
main.c:413:6:BLDC_PWMCommutation_rev2	4	static
main.c:483:6:FillSinTable	24	static
main.c:507:10:GrayToBin	24	static
main.c:518:10:GrayToBin2	16	static
main.c:535:10:Encoder_GetAngle	24	static
main.c:547:5:main	16	static,ignoring_inline_asm
main.c:620:6:SysTick_Handler	8	static
main.c:642:6:TIM4_IRQHandler	16	static
