core_cm3.h:1762:34:__NVIC_SystemReset	0	static,ignoring_inline_asm
bootLoader.c:48:13:_sendBuf	8	static
bootLoader.c:60:13:_sendByte	8	static
bootLoader.c:27:13:_waitEndRx	24	static
bootLoader.c:95:17:_getStartAddress.constprop	0	static
bootLoader.c:77:16:_getChecksum.constprop	8	static
bootLoader.c:111:9:_cmd_Get	8	static
bootLoader.c:144:9:_cmd_GetVersion	8	static
bootLoader.c:163:9:_cmd_GetID	8	static
bootLoader.c:191:9:_cmd_RM	16	static
bootLoader.c:307:9:_cmd_WM	16	static
bootLoader.c:468:9:_cmd_ERASE	24	static
bootLoader.c:547:9:_cmd_NS_GetCheckSum	32	static
bootLoader.c:631:6:I2C_IT_SlaveRxCpltCallback	0	static
bootLoader.c:636:6:I2C_IT_SlaveTxCpltCallback	0	static
bootLoader.c:648:6:BOOT_Init	8	static
bootLoader.c:668:6:BOOT_DeinitAll	8	static
bootLoader.c:393:9:_cmd_RP	8	static
bootLoader.c:429:9:_cmd_RUP	8	static
bootLoader.c:699:10:BOOT_AppAvailableCheck	8	static
bootLoader.c:710:10:BOOT_GetAppSize	8	static
bootLoader.c:735:16:BOOT_GetStateI2C	0	static
bootLoader.c:747:6:BOOT_GoToApp	8	static,ignoring_inline_asm
bootLoader.c:255:9:_cmd_GO	8	static
bootLoader.c:775:6:BOOT_SetAppLaunch	8	static
bootLoader.c:787:10:BOOT_GetAppLaunch	0	static
bootLoader.c:798:10:BOOT_CalcCrc	0	static
bootLoader.c:809:10:BOOT_ReadAppCrc	0	static
bootLoader.c:819:6:BOOT_CalcAndWriteAppCrc	8	static
bootLoader.c:836:6:BOOT_ErasePageAppState	8	static
bootLoader.c:849:6:BOOT_Loop	8	static
