core_cm3.h:1762:34:__NVIC_SystemReset	0	static,ignoring_inline_asm
bootLoader.c:51:13:_sendBuf	8	static
bootLoader.c:65:13:_sendByte	8	static
bootLoader.c:27:13:_waitEndRx	24	static
bootLoader.c:102:17:_getStartAddress.constprop	0	static
bootLoader.c:84:16:_getChecksum.constprop	8	static
bootLoader.c:118:9:_cmd_Get	8	static
bootLoader.c:155:9:_cmd_GetVersion	8	static
bootLoader.c:174:9:_cmd_GetID	8	static
bootLoader.c:204:9:_cmd_RM	16	static
bootLoader.c:328:9:_cmd_WM	16	static
bootLoader.c:491:9:_cmd_ERASE	24	static
bootLoader.c:609:9:_cmd_NS_GetCheckSum	32	static
bootLoader.c:693:6:I2C_IT_SlaveRxCpltCallback	0	static
bootLoader.c:698:6:I2C_IT_SlaveTxCpltCallback	0	static
bootLoader.c:710:6:BOOT_Init	8	static
bootLoader.c:737:6:BOOT_Indication	16	static
bootLoader.c:754:6:BOOT_DeinitAll	0	static
bootLoader.c:416:9:_cmd_RP	8	static
bootLoader.c:452:9:_cmd_RUP	8	static
bootLoader.c:785:10:BOOT_AppAvailableCheck	8	static
bootLoader.c:796:10:BOOT_GetAppSize	8	static
bootLoader.c:821:16:BOOT_GetStateI2C	0	static
bootLoader.c:833:6:BOOT_GoToApp	16	static,ignoring_inline_asm
bootLoader.c:268:9:_cmd_GO	8	static
bootLoader.c:864:6:BOOT_SetAppLaunch	0	static
bootLoader.c:876:10:BOOT_GetAppLaunch	0	static
bootLoader.c:887:10:BOOT_CalcCrc	0	static
bootLoader.c:898:10:BOOT_ReadAppCrc	0	static
bootLoader.c:908:6:BOOT_CalcAndWriteAppCrc	8	static
bootLoader.c:925:6:BOOT_ErasePageAppState	0	static
bootLoader.c:938:6:BOOT_Loop	8	static
