bootLoader.c:133:9:_cmd_Get	16	static
bootLoader.c:174:9:_cmd_GetVersion	16	static
bootLoader.c:193:9:_cmd_GetID	16	static
bootLoader.c:217:9:_cmd_RM	32	static
bootLoader.c:325:9:_cmd_WM	32	static
bootLoader.c:412:9:_cmd_ERASE	32	static
bootLoader.c:481:9:_cmd_NS_GetCheckSum	40	static
bootLoader.c:565:6:I2C_IT_SlaveRxCpltCallback	0	static
bootLoader.c:570:6:I2C_IT_SlaveTxCpltCallback	0	static
bootLoader.c:582:6:BOOT_Init	8	static
bootLoader.c:605:10:BOOT_AppAvailableCheck	8	static
bootLoader.c:616:10:BOOT_GetAppSize	8	static
bootLoader.c:641:16:BOOT_GetStateI2C	0	static
bootLoader.c:653:6:BOOT_GoToApp	16	static,ignoring_inline_asm
bootLoader.c:274:9:_cmd_GO	24	static
bootLoader.c:694:6:BOOT_SetAppLaunch	8	static
bootLoader.c:706:10:BOOT_GetAppLaunch	0	static
bootLoader.c:717:10:BOOT_CalcCrc	0	static
bootLoader.c:728:10:BOOT_ReadAppCrc	0	static
bootLoader.c:738:6:BOOT_CalcAndWriteAppCrc	8	static
bootLoader.c:755:6:BOOT_ErasePageAppState	8	static
bootLoader.c:762:10:BOOT_Loop	24	static
