bootLoader.c:133:9:_cmd_Get	16	static
bootLoader.c:174:9:_cmd_GetVersion	16	static
bootLoader.c:193:9:_cmd_GetID	16	static
bootLoader.c:220:9:_cmd_RM	32	static
bootLoader.c:328:9:_cmd_WM	32	static
bootLoader.c:415:9:_cmd_ERASE	32	static
bootLoader.c:484:9:_cmd_NS_GetCheckSum	40	static
bootLoader.c:568:6:I2C_IT_SlaveRxCpltCallback	0	static
bootLoader.c:573:6:I2C_IT_SlaveTxCpltCallback	0	static
bootLoader.c:585:6:BOOT_Init	8	static
bootLoader.c:608:10:BOOT_AppAvailableCheck	8	static
bootLoader.c:619:10:BOOT_GetAppSize	8	static
bootLoader.c:644:16:BOOT_GetStateI2C	0	static
bootLoader.c:656:6:BOOT_GoToApp	16	static,ignoring_inline_asm
bootLoader.c:277:9:_cmd_GO	24	static
bootLoader.c:701:6:BOOT_SetAppLaunch	8	static
bootLoader.c:713:10:BOOT_GetAppLaunch	0	static
bootLoader.c:724:10:BOOT_CalcCrc	0	static
bootLoader.c:735:10:BOOT_ReadAppCrc	0	static
bootLoader.c:745:6:BOOT_CalcAndWriteAppCrc	8	static
bootLoader.c:762:6:BOOT_ErasePageAppState	8	static
bootLoader.c:775:10:BOOT_Loop	24	static
