core_cm3.h:1762:34:__NVIC_SystemReset	0	static,ignoring_inline_asm
bootLoader.c:52:13:_sendBuf	8	static
bootLoader.c:66:13:_sendByte	8	static
bootLoader.c:27:13:_waitEndRx	24	static
bootLoader.c:103:17:_getStartAddress.constprop	0	static
bootLoader.c:85:16:_getChecksum.constprop	8	static
bootLoader.c:119:9:_cmd_Get	8	static
bootLoader.c:156:9:_cmd_GetVersion	8	static
bootLoader.c:175:9:_cmd_GetID	8	static
bootLoader.c:205:9:_cmd_RM	16	static
bootLoader.c:329:9:_cmd_WM	16	static
bootLoader.c:492:9:_cmd_ERASE	24	static
bootLoader.c:610:9:_cmd_NS_GetCheckSum	32	static
bootLoader.c:694:6:I2C_IT_SlaveRxCpltCallback	0	static
bootLoader.c:711:6:BOOT_Init	8	static
bootLoader.c:738:6:BOOT_Indication	16	static
bootLoader.c:755:6:BOOT_DeinitAll	0	static
bootLoader.c:417:9:_cmd_RP	8	static
bootLoader.c:453:9:_cmd_RUP	8	static
bootLoader.c:786:10:BOOT_AppAvailableCheck	8	static
bootLoader.c:797:10:BOOT_GetAppSize	8	static
bootLoader.c:822:16:BOOT_GetStateI2C	0	static
bootLoader.c:834:6:BOOT_GoToApp	16	static,ignoring_inline_asm
bootLoader.c:269:9:_cmd_GO	8	static
bootLoader.c:889:10:BOOT_CalcCrc	0	static
bootLoader.c:910:6:BOOT_CalcAndWriteAppCrc	0	static
bootLoader.c:940:6:BOOT_Loop	8	static
