i2c_ST.c:29:13:_i2c_GPIO_Init	0	static
i2c_ST.c:62:13:_i2c_ClockEnable	0	static
i2c_ST.c:88:13:_i2c_SetSpeed	0	static
core_cm3.h:1686:26:NVIC_EncodePriority.constprop	0	static
i2c_ST.c:113:13:I2C_StartAndSendDeviceAddr	0	static
i2c_ST.c:143:13:I2C_ReadData	0	static
i2c_ST.c:196:13:I2C_SendDataWithStop	0	static
i2c_ST.c:208:13:I2C_SendDataWithoutStop	8	static
i2c_ST.c:222:6:I2C_Master_Init	16	static
i2c_ST.c:233:10:I2C_Master_GetNacCount	0	static
i2c_ST.c:239:10:I2C_Master_CheckSlave	0	static
i2c_ST.c:258:13:I2C_Master_Write	0	static
i2c_ST.c:281:13:I2C_Master_Read	0	static
i2c_ST.c:305:6:I2C_Slave_Init	16	static
i2c_ST.c:375:6:I2C_IT_DeInit	0	static,ignoring_inline_asm
i2c_ST.c:394:6:I2C_IT_InterruptDisable	0	static
i2c_ST.c:402:6:I2C_IT_InterruptEnable	0	static
i2c_ST.c:329:6:I2C_IT_Init	16	static
i2c_ST.c:410:6:I2C_IT_SetpBuf	0	static
i2c_ST.c:415:6:I2C_IT_SetDataSize	0	static,ignoring_inline_asm
i2c_ST.c:422:10:I2C_IT_GetDataCount	0	static
i2c_ST.c:469:28:I2C_IT_SlaveTxCpltCallback	0	static
i2c_ST.c:749:13:I2C_IT_Error	8	static
i2c_ST.c:486:28:I2C_IT_SlaveRxCpltCallback	0	static
i2c_ST.c:820:6:I2C_IT_EV_Handler	8	static
i2c_ST.c:835:6:I2C_IT_ER_Handler	0	static
