i2c_ST.c:29:13:_i2c_GPIO_Init	0	static
i2c_ST.c:62:13:_i2c_ClockEnable	0	static
i2c_ST.c:88:13:_i2c_SetSpeed	0	static
core_cm3.h:1686:26:NVIC_EncodePriority.constprop	0	static
i2c_ST.c:218:6:I2C_Master_Init	16	static
i2c_ST.c:229:10:I2C_Master_GetNacCount	0	static
i2c_ST.c:235:10:I2C_Master_CheckSlave	8	static
i2c_ST.c:254:13:I2C_Master_Write	24	static
i2c_ST.c:277:13:I2C_Master_Read	24	static
i2c_ST.c:301:6:I2C_Slave_Init	16	static
i2c_ST.c:371:6:I2C_IT_DeInit	0	static,ignoring_inline_asm
i2c_ST.c:390:6:I2C_IT_InterruptDisable	0	static
i2c_ST.c:398:6:I2C_IT_InterruptEnable	0	static
i2c_ST.c:325:6:I2C_IT_Init	16	static
i2c_ST.c:406:6:I2C_IT_SetpBuf	0	static
i2c_ST.c:411:6:I2C_IT_SetDataSize	0	static,ignoring_inline_asm
i2c_ST.c:418:10:I2C_IT_GetDataCount	0	static
i2c_ST.c:465:28:I2C_IT_SlaveTxCpltCallback	0	static
i2c_ST.c:745:13:I2C_IT_Error	8	static
i2c_ST.c:482:28:I2C_IT_SlaveRxCpltCallback	0	static
i2c_ST.c:816:6:I2C_IT_EV_Handler	8	static
i2c_ST.c:831:6:I2C_IT_ER_Handler	0	static
