stm32f10x_it.c:35:6:NMIException	0	static,ignoring_inline_asm
stm32f10x_it.c:51:6:HardFaultException	8	static
stm32f10x_it.c:68:6:MemManageException	8	static
stm32f10x_it.c:85:6:BusFaultException	8	static
stm32f10x_it.c:102:6:UsageFaultException	8	static
stm32f10x_it.c:119:6:DebugMonitor	8	static
stm32f10x_it.c:135:6:SVCHandler	8	static
stm32f10x_it.c:151:6:PendSVC	8	static
stm32f10x_it.c:167:6:SysTick_Handler	0	static
stm32f10x_it.c:178:6:WWDG_IRQHandler	0	static
stm32f10x_it.c:189:6:PVD_IRQHandler	0	static
stm32f10x_it.c:200:6:TAMPER_IRQHandler	0	static
stm32f10x_it.c:211:6:RTC_IRQHandler	0	static
stm32f10x_it.c:222:6:FLASH_IRQHandler	0	static
stm32f10x_it.c:233:6:RCC_IRQHandler	0	static
stm32f10x_it.c:244:6:EXTI0_IRQHandler	0	static
stm32f10x_it.c:255:6:EXTI1_IRQHandler	0	static
stm32f10x_it.c:266:6:EXTI2_IRQHandler	0	static
stm32f10x_it.c:277:6:EXTI3_IRQHandler	0	static
stm32f10x_it.c:288:6:EXTI4_IRQHandler	0	static
stm32f10x_it.c:299:6:DMA1_Channel1_IRQHandler	0	static
stm32f10x_it.c:311:6:DMA1_Channel2_IRQHandler	0	static
stm32f10x_it.c:323:6:DMA1_Channel3_IRQHandler	0	static
stm32f10x_it.c:335:6:DMA1_Channel4_IRQHandler	0	static
stm32f10x_it.c:347:6:DMA1_Channel5_IRQHandler	0	static
stm32f10x_it.c:359:6:DMA1_Channel6_IRQHandler	0	static
stm32f10x_it.c:370:6:DMA1_Channel7_IRQHandler	0	static
stm32f10x_it.c:381:6:ADC1_2_IRQHandler	0	static
stm32f10x_it.c:393:6:USB_HP_CAN_TX_IRQHandler	0	static
stm32f10x_it.c:405:6:USB_LP_CAN_RX0_IRQHandler	0	static
stm32f10x_it.c:416:6:CAN_RX1_IRQHandler	0	static
stm32f10x_it.c:425:6:CAN_SCE_IRQHandler	0	static
stm32f10x_it.c:435:6:EXTI9_5_IRQHandler	0	static
stm32f10x_it.c:444:6:TIM1_BRK_IRQHandler	0	static
stm32f10x_it.c:456:6:TIM1_UP_IRQHandler	0	static
stm32f10x_it.c:470:6:TIM1_TRG_COM_IRQHandler	0	static
stm32f10x_it.c:481:6:TIM1_CC_IRQHandler	0	static
stm32f10x_it.c:492:6:TIM2_IRQHandler	0	static
stm32f10x_it.c:506:6:TIM3_IRQHandler	0	static
stm32f10x_it.c:516:6:TIM4_IRQHandler	0	static
stm32f10x_it.c:527:6:I2C1_EV_IRQHandler	0	static
stm32f10x_it.c:538:6:I2C1_ER_IRQHandler	0	static
stm32f10x_it.c:549:6:I2C2_EV_IRQHandler	0	static
stm32f10x_it.c:560:6:I2C2_ER_IRQHandler	0	static
stm32f10x_it.c:571:6:SPI1_IRQHandler	0	static
stm32f10x_it.c:582:6:SPI2_IRQHandler	0	static
stm32f10x_it.c:593:6:USART1_IRQHandler	0	static
stm32f10x_it.c:605:6:USART2_IRQHandler	0	static
stm32f10x_it.c:617:6:USART3_IRQHandler	0	static
stm32f10x_it.c:629:6:EXTI15_10_IRQHandler	0	static
stm32f10x_it.c:640:6:RTCAlarm_IRQHandler	0	static
stm32f10x_it.c:651:6:USBWakeUp_IRQHandler	0	static
stm32f10x_it.c:662:6:TIM8_BRK_IRQHandler	0	static
stm32f10x_it.c:674:6:TIM8_UP_IRQHandler	0	static
stm32f10x_it.c:686:6:TIM8_TRG_COM_IRQHandler	0	static
stm32f10x_it.c:697:6:TIM8_CC_IRQHandler	0	static
stm32f10x_it.c:708:6:ADC3_IRQHandler	0	static
stm32f10x_it.c:719:6:FSMC_IRQHandler	0	static
stm32f10x_it.c:730:6:SDIO_IRQHandler	0	static
stm32f10x_it.c:740:6:TIM5_IRQHandler	0	static
stm32f10x_it.c:751:6:SPI3_IRQHandler	0	static
stm32f10x_it.c:762:6:UART4_IRQHandler	0	static
stm32f10x_it.c:772:6:UART5_IRQHandler	0	static
stm32f10x_it.c:783:6:TIM6_IRQHandler	0	static
stm32f10x_it.c:794:6:TIM7_IRQHandler	0	static
stm32f10x_it.c:804:6:DMA2_Channel1_IRQHandler	0	static
stm32f10x_it.c:815:6:DMA2_Channel2_IRQHandler	0	static
stm32f10x_it.c:826:6:DMA2_Channel3_IRQHandler	0	static
stm32f10x_it.c:838:6:DMA2_Channel4_5_IRQHandler	0	static
