uart_ST.c:77:6:USARTx_Init	8	static
uart_ST.c:101:6:USARTx_SendBuff	0	static
uart_ST.c:120:6:USARTx_IT_Handler	8	static
uart_ST.c:193:6:RING_BUFF_Init	0	static
uart_ST.c:201:6:RING_BUFF_FlushRxBuf	0	static
uart_ST.c:209:9:RING_BUFF_GetRxCount	0	static
uart_ST.c:215:9:RING_BUFF_GetByte	0	static
uart_ST.c:246:6:RING_BUFF_PutByteToRxBuff	4	static
uart_ST.c:259:6:RING_BUFF_CopyRxBuff	8	static
uart_ST.c:271:6:USART_DMA_Init	8	static
uart_ST.c:305:6:DMAxChxInitForTx	0	static
uart_ST.c:333:6:DMAxChxStartTx	0	static
uart_ST.c:343:6:DMA1_Chx_IT_Handler	0	static
uart_ST.c:378:6:DMA1_Channel4_Handler	0	static
