sys_ST.c:7:17:Init_RCC	16	static
sys_ST.c:61:6:Sys_Init	8	static
sys_ST.c:77:6:Stm32Flash_Lock	4	static
sys_ST.c:83:6:Stm32Flash_Unlock	4	static
sys_ST.c:93:6:Stm32Flash_ErasePage	16	static
sys_ST.c:105:6:Stm32Flash_WriteWord	16	static
sys_ST.c:123:10:Stm32Flash_ReadWord	16	static
sys_ST.c:130:6:NMI_Handler	4	static
sys_ST.c:138:6:HardFault_Handler	4	static
sys_ST.c:149:6:MemManage_Handler	4	static
sys_ST.c:155:6:BusFault_Handler	4	static
sys_ST.c:161:6:UsageFault_Handler	4	static
sys_ST.c:167:6:SVC_Handler	4	static
