DS18B20.c:17:22:usDelay	16	static
DS18B20.c:24:16:OneWire_Reset	16	static
DS18B20.c:40:13:OneWire_WriteBit	16	static
DS18B20.c:52:13:OneWire_WriteByte	24	static
DS18B20.c:61:16:OneWire_ReadBit	16	static
DS18B20.c:78:16:ds18b20_getDevider	16	static
DS18B20.c:89:17:readTemperature	16	static
DS18B20.c:115:6:DS18B20_Init	16	static
DS18B20.c:126:6:DS18B20_SetResolution	16	static
DS18B20.c:137:6:DS18B20_StartConvertTemperature	8	static
DS18B20.c:144:10:DS18B20_ReadTemperature	8	static
DS18B20.c:153:9:DS18B20_GetTemperatureSign	4	static
