ssd1306.c:61:17:ssd1306_I2C_WriteCMD	24	static
ssd1306.c:67:10:SSD1306_Init	8	static
ssd1306.c:125:6:SSD1306_UpdateScreen	32	static
ssd1306.c:167:6:SSD1306_ToggleInvert	0	static
ssd1306.c:185:6:SSD1306_Fill	0	static
ssd1306.c:192:6:SSD1306_DrawPixel	12	static
ssd1306.c:207:6:SSD1306_GotoXY	0	static
ssd1306.c:213:6:SSD1306_Putc	48	static
ssd1306.c:244:6:SSD1306_Puts	16	static
ssd1306.c:259:6:SSD1306_DrawLine	56	static
ssd1306.c:336:6:SSD1306_DrawRectangle	32	static
ssd1306.c:361:6:SSD1306_DrawFilledRectangle	40	static
ssd1306.c:388:6:SSD1306_DrawTriangle	40	static
ssd1306.c:395:6:SSD1306_DrawFilledTriangle	80	static
ssd1306.c:451:6:SSD1306_DrawCircle	56	static
ssd1306.c:485:6:SSD1306_DrawFilledCircle	64	static
ssd1306.c:516:6:SSD1306_ON	8	static
ssd1306.c:522:6:SSD1306_OFF	8	static
