Archive member included to satisfy reference by file (symbol)

c:/st/stm32cubeide_1.5.0/stm32cubeide/plugins/com.st.stm32cube.ide.mcu.externaltools.gnu-tools-for-stm32.7-2018-q2-update.win32_1.5.0.202011040924/tools/bin/../lib/gcc/arm-none-eabi/7.3.1/../../../../arm-none-eabi/lib/thumb/v7-m\libc_nano.a(lib_a-exit.o)
                              c:/st/stm32cubeide_1.5.0/stm32cubeide/plugins/com.st.stm32cube.ide.mcu.externaltools.gnu-tools-for-stm32.7-2018-q2-update.win32_1.5.0.202011040924/tools/bin/../lib/gcc/arm-none-eabi/7.3.1/../../../../arm-none-eabi/lib/thumb/v7-m/crt0.o (exit)
c:/st/stm32cubeide_1.5.0/stm32cubeide/plugins/com.st.stm32cube.ide.mcu.externaltools.gnu-tools-for-stm32.7-2018-q2-update.win32_1.5.0.202011040924/tools/bin/../lib/gcc/arm-none-eabi/7.3.1/../../../../arm-none-eabi/lib/thumb/v7-m\libc_nano.a(lib_a-impure.o)
                              c:/st/stm32cubeide_1.5.0/stm32cubeide/plugins/com.st.stm32cube.ide.mcu.externaltools.gnu-tools-for-stm32.7-2018-q2-update.win32_1.5.0.202011040924/tools/bin/../lib/gcc/arm-none-eabi/7.3.1/../../../../arm-none-eabi/lib/thumb/v7-m\libc_nano.a(lib_a-exit.o) (_global_impure_ptr)
c:/st/stm32cubeide_1.5.0/stm32cubeide/plugins/com.st.stm32cube.ide.mcu.externaltools.gnu-tools-for-stm32.7-2018-q2-update.win32_1.5.0.202011040924/tools/bin/../lib/gcc/arm-none-eabi/7.3.1/../../../../arm-none-eabi/lib/thumb/v7-m\libc_nano.a(lib_a-init.o)
                              c:/st/stm32cubeide_1.5.0/stm32cubeide/plugins/com.st.stm32cube.ide.mcu.externaltools.gnu-tools-for-stm32.7-2018-q2-update.win32_1.5.0.202011040924/tools/bin/../lib/gcc/arm-none-eabi/7.3.1/../../../../arm-none-eabi/lib/thumb/v7-m/crt0.o (__libc_init_array)
c:/st/stm32cubeide_1.5.0/stm32cubeide/plugins/com.st.stm32cube.ide.mcu.externaltools.gnu-tools-for-stm32.7-2018-q2-update.win32_1.5.0.202011040924/tools/bin/../lib/gcc/arm-none-eabi/7.3.1/../../../../arm-none-eabi/lib/thumb/v7-m\libc_nano.a(lib_a-memset.o)
                              c:/st/stm32cubeide_1.5.0/stm32cubeide/plugins/com.st.stm32cube.ide.mcu.externaltools.gnu-tools-for-stm32.7-2018-q2-update.win32_1.5.0.202011040924/tools/bin/../lib/gcc/arm-none-eabi/7.3.1/../../../../arm-none-eabi/lib/thumb/v7-m/crt0.o (memset)
c:/st/stm32cubeide_1.5.0/stm32cubeide/plugins/com.st.stm32cube.ide.mcu.externaltools.gnu-tools-for-stm32.7-2018-q2-update.win32_1.5.0.202011040924/tools/bin/../lib/gcc/arm-none-eabi/7.3.1/../../../../arm-none-eabi/lib/thumb/v7-m\libm.a(lib_a-s_sin.o)
                              My/Main/main.o (sin)
c:/st/stm32cubeide_1.5.0/stm32cubeide/plugins/com.st.stm32cube.ide.mcu.externaltools.gnu-tools-for-stm32.7-2018-q2-update.win32_1.5.0.202011040924/tools/bin/../lib/gcc/arm-none-eabi/7.3.1/../../../../arm-none-eabi/lib/thumb/v7-m\libm.a(lib_a-e_rem_pio2.o)
                              c:/st/stm32cubeide_1.5.0/stm32cubeide/plugins/com.st.stm32cube.ide.mcu.externaltools.gnu-tools-for-stm32.7-2018-q2-update.win32_1.5.0.202011040924/tools/bin/../lib/gcc/arm-none-eabi/7.3.1/../../../../arm-none-eabi/lib/thumb/v7-m\libm.a(lib_a-s_sin.o) (__ieee754_rem_pio2)
c:/st/stm32cubeide_1.5.0/stm32cubeide/plugins/com.st.stm32cube.ide.mcu.externaltools.gnu-tools-for-stm32.7-2018-q2-update.win32_1.5.0.202011040924/tools/bin/../lib/gcc/arm-none-eabi/7.3.1/../../../../arm-none-eabi/lib/thumb/v7-m\libm.a(lib_a-k_cos.o)
                              c:/st/stm32cubeide_1.5.0/stm32cubeide/plugins/com.st.stm32cube.ide.mcu.externaltools.gnu-tools-for-stm32.7-2018-q2-update.win32_1.5.0.202011040924/tools/bin/../lib/gcc/arm-none-eabi/7.3.1/../../../../arm-none-eabi/lib/thumb/v7-m\libm.a(lib_a-s_sin.o) (__kernel_cos)
c:/st/stm32cubeide_1.5.0/stm32cubeide/plugins/com.st.stm32cube.ide.mcu.externaltools.gnu-tools-for-stm32.7-2018-q2-update.win32_1.5.0.202011040924/tools/bin/../lib/gcc/arm-none-eabi/7.3.1/../../../../arm-none-eabi/lib/thumb/v7-m\libm.a(lib_a-k_rem_pio2.o)
                              c:/st/stm32cubeide_1.5.0/stm32cubeide/plugins/com.st.stm32cube.ide.mcu.externaltools.gnu-tools-for-stm32.7-2018-q2-update.win32_1.5.0.202011040924/tools/bin/../lib/gcc/arm-none-eabi/7.3.1/../../../../arm-none-eabi/lib/thumb/v7-m\libm.a(lib_a-e_rem_pio2.o) (__kernel_rem_pio2)
c:/st/stm32cubeide_1.5.0/stm32cubeide/plugins/com.st.stm32cube.ide.mcu.externaltools.gnu-tools-for-stm32.7-2018-q2-update.win32_1.5.0.202011040924/tools/bin/../lib/gcc/arm-none-eabi/7.3.1/../../../../arm-none-eabi/lib/thumb/v7-m\libm.a(lib_a-k_sin.o)
                              c:/st/stm32cubeide_1.5.0/stm32cubeide/plugins/com.st.stm32cube.ide.mcu.externaltools.gnu-tools-for-stm32.7-2018-q2-update.win32_1.5.0.202011040924/tools/bin/../lib/gcc/arm-none-eabi/7.3.1/../../../../arm-none-eabi/lib/thumb/v7-m\libm.a(lib_a-s_sin.o) (__kernel_sin)
c:/st/stm32cubeide_1.5.0/stm32cubeide/plugins/com.st.stm32cube.ide.mcu.externaltools.gnu-tools-for-stm32.7-2018-q2-update.win32_1.5.0.202011040924/tools/bin/../lib/gcc/arm-none-eabi/7.3.1/../../../../arm-none-eabi/lib/thumb/v7-m\libm.a(lib_a-s_fabs.o)
[...]
Memory Configuration

Name             Origin             Length             Attributes
RAM              0x0000000020000000 0x0000000000005000 xrw
FLASH            0x0000000008000000 0x0000000000010000 xr
*default*        0x0000000000000000 0xffffffffffffffff

Linker script and memory map

LOAD c:/st/stm32cubeide_1.5.0/stm32cubeide/plugins/com.st.stm32cube.ide.mcu.externaltools.gnu-tools-for-stm32.7-2018-q2-update.win32_1.5.0.202011040924/tools/bin/../lib/gcc/arm-none-eabi/7.3.1/thumb/v7-m/crti.o
LOAD c:/st/stm32cubeide_1.5.0/stm32cubeide/plugins/com.st.stm32cube.ide.mcu.externaltools.gnu-tools-for-stm32.7-2018-q2-update.win32_1.5.0.202011040924/tools/bin/../lib/gcc/arm-none-eabi/7.3.1/thumb/v7-m/crtbegin.o
LOAD c:/st/stm32cubeide_1.5.0/stm32cubeide/plugins/com.st.stm32cube.ide.mcu.externaltools.gnu-tools-for-stm32.7-2018-q2-update.win32_1.5.0.202011040924/tools/bin/../lib/gcc/arm-none-eabi/7.3.1/../../../../arm-none-eabi/lib/thumb/v7-m/crt0.o
LOAD My/Application/AHT10.o
LOAD My/Application/Ascii_Tab_12864.o
LOAD My/Application/Blink.o
LOAD My/Application/DS18B20.o
LOAD My/Application/DS2782.o
LOAD My/Application/Delay.o
LOAD My/Application/Filters.o
LOAD My/Application/LcdGraphic.o
LOAD My/Application/Lcd_TIC32.o
LOAD My/Application/Lcd_i2c_1602.o
LOAD My/CMSIS/src/system_stm32f1xx.o
LOAD My/Drivers/dma_ST.o
LOAD My/Drivers/gpio_ST.o
LOAD My/Drivers/i2c_ST.o
LOAD My/Drivers/spi_ST.o
LOAD My/Drivers/sys_ST.o
LOAD My/Drivers/sys_tick_ST.o
LOAD My/Drivers/timers_ST.o
LOAD My/Main/main.o
LOAD My/MiddleLevel/Encoder.o
LOAD My/MiddleLevel/LM6063D.o
LOAD My/OLED/fonts.o
LOAD My/OLED/ssd1306.o
LOAD My/Sheduler/Scheduler.o
LOAD Startup/startup_stm32f103c8tx.o
START GROUP
LOAD c:/st/stm32cubeide_1.5.0/stm32cubeide/plugins/com.st.stm32cube.ide.mcu.externaltools.gnu-tools-for-stm32.7-2018-q2-update.win32_1.5.0.202011040924/tools/bin/../lib/gcc/arm-none-eabi/7.3.1/../../../../arm-none-eabi/lib/thumb/v7-m\libc_nano.a
LOAD c:/st/stm32cubeide_1.5.0/stm32cubeide/plugins/com.st.stm32cube.ide.mcu.externaltools.gnu-tools-for-stm32.7-2018-q2-update.win32_1.5.0.202011040924/tools/bin/../lib/gcc/arm-none-eabi/7.3.1/../../../../arm-none-eabi/lib/thumb/v7-m\libm.a
END GROUP
START GROUP
LOAD c:/st/stm32cubeide_1.5.0/stm32cubeide/plugins/com.st.stm32cube.ide.mcu.externaltools.gnu-tools-for-stm32.7-2018-q2-update.win32_1.5.0.202011040924/tools/bin/../lib/gcc/arm-none-eabi/7.3.1/thumb/v7-m\libgcc.a
LOAD c:/st/stm32cubeide_1.5.0/stm32cubeide/plugins/com.st.stm32cube.ide.mcu.externaltools.gnu-tools-for-stm32.7-2018-q2-update.win32_1.5.0.202011040924/tools/bin/../lib/gcc/arm-none-eabi/7.3.1/../../../../arm-none-eabi/lib/thumb/v7-m\libc_nano.a
END GROUP
START GROUP
LOAD c:/st/stm32cubeide_1.5.0/stm32cubeide/plugins/com.st.stm32cube.ide.mcu.externaltools.gnu-tools-for-stm32.7-2018-q2-update.win32_1.5.0.202011040924/tools/bin/../lib/gcc/arm-none-eabi/7.3.1/thumb/v7-m\libgcc.a
LOAD c:/st/stm32cubeide_1.5.0/stm32cubeide/plugins/com.st.stm32cube.ide.mcu.externaltools.gnu-tools-for-stm32.7-2018-q2-update.win32_1.5.0.202011040924/tools/bin/../lib/gcc/arm-none-eabi/7.3.1/../../../../arm-none-eabi/lib/thumb/v7-m\libc_nano.a
LOAD c:/st/stm32cubeide_1.5.0/stm32cubeide/plugins/com.st.stm32cube.ide.mcu.externaltools.gnu-tools-for-stm32.7-2018-q2-update.win32_1.5.0.202011040924/tools/bin/../lib/gcc/arm-none-eabi/7.3.1/../../../../arm-none-eabi/lib/thumb/v7-m\libnosys.a
END GROUP
START GROUP
LOAD c:/st/stm32cubeide_1.5.0/stm32cubeide/plugins/com.st.stm32cube.ide.mcu.externaltools.gnu-tools-for-stm32.7-2018-q2-update.win32_1.5.0.202011040924/tools/bin/../lib/gcc/arm-none-eabi/7.3.1/thumb/v7-m\libgcc.a
LOAD c:/st/stm32cubeide_1.5.0/stm32cubeide/plugins/com.st.stm32cube.ide.mcu.externaltools.gnu-tools-for-stm32.7-2018-q2-update.win32_1.5.0.202011040924/tools/bin/../lib/gcc/arm-none-eabi/7.3.1/../../../../arm-none-eabi/lib/thumb/v7-m\libc_nano.a
LOAD c:/st/stm32cubeide_1.5.0/stm32cubeide/plugins/com.st.stm32cube.ide.mcu.externaltools.gnu-tools-for-stm32.7-2018-q2-update.win32_1.5.0.202011040924/tools/bin/../lib/gcc/arm-none-eabi/7.3.1/../../../../arm-none-eabi/lib/thumb/v7-m\libnosys.a
END GROUP
LOAD c:/st/stm32cubeide_1.5.0/stm32cubeide/plugins/com.st.stm32cube.ide.mcu.externaltools.gnu-tools-for-stm32.7-2018-q2-update.win32_1.5.0.202011040924/tools/bin/../lib/gcc/arm-none-eabi/7.3.1/thumb/v7-m/crtend.o
LOAD c:/st/stm32cubeide_1.5.0/stm32cubeide/plugins/com.st.stm32cube.ide.mcu.externaltools.gnu-tools-for-stm32.7-2018-q2-update.win32_1.5.0.202011040924/tools/bin/../lib/gcc/arm-none-eabi/7.3.1/thumb/v7-m/crtn.o
                0x0000000020005000                _estack = (ORIGIN (RAM) + LENGTH (RAM))
                0x0000000000000000                _Min_Heap_Size = 0x0
                0x0000000000000200                _Min_Stack_Size = 0x200

.isr_vector     0x0000000008000000      0x130
                0x0000000008000000                . = ALIGN (0x4)
 *(.isr_vector)
 .isr_vector    0x0000000008000000      0x130 Startup/startup_stm32f103c8tx.o
                0x0000000008000000                g_pfnVectors
                0x0000000008000130                . = ALIGN (0x4)

.text           0x0000000008000130     0x24b8
                0x0000000008000130                . = ALIGN (0x4)
 *(.text)
 .text          0x0000000008000130       0x40 c:/st/stm32cubeide_1.5.0/stm32cubeide/plugins/com.st.stm32cube.ide.mcu.externaltools.gnu-tools-for-stm32.7-2018-q2-update.win32_1.5.0.202011040924/tools/bin/../lib/gcc/arm-none-eabi/7.3.1/thumb/v7-m/crtbegin.o
 .text          0x0000000008000170      0x378 c:/st/stm32cubeide_1.5.0/stm32cubeide/plugins/com.st.stm32cube.ide.mcu.externaltools.gnu-tools-for-stm32.7-2018-q2-update.win32_1.5.0.202011040924/tools/bin/../lib/gcc/arm-none-eabi/7.3.1/thumb/v7-m\libgcc.a(_arm_addsubdf3.o)
                0x0000000008000170                __aeabi_drsub
                0x0000000008000178                __aeabi_dsub
                0x0000000008000178                __subdf3
                0x000000000800017c                __aeabi_dadd
                0x000000000800017c                __adddf3
                0x00000000080003f4                __floatunsidf
                0x00000000080003f4                __aeabi_ui2d
                0x0000000008000414                __floatsidf
                0x0000000008000414                __aeabi_i2d
                0x0000000008000438                __aeabi_f2d
                0x0000000008000438                __extendsfdf2
                0x000000000800047c                __floatundidf
                0x000000000800047c                __aeabi_ul2d
                0x000000000800048c                __floatdidf
                0x000000000800048c                __aeabi_l2d
 .text          0x00000000080004e8      0x424 c:/st/stm32cubeide_1.5.0/stm32cubeide/plugins/com.st.stm32cube.ide.mcu.externaltools.gnu-tools-for-stm32.7-2018-q2-update.win32_1.5.0.202011040924/tools/bin/../lib/gcc/arm-none-eabi/7.3.1/thumb/v7-m\libgcc.a(_arm_muldivdf3.o)
                0x00000000080004e8                __aeabi_dmul
                0x00000000080004e8                __muldf3
                0x000000000800073c                __divdf3
                0x000000000800073c                __aeabi_ddiv
 .text          0x000000000800090c      0x110 c:/st/stm32cubeide_1.5.0/stm32cubeide/plugins/com.st.stm32cube.ide.mcu.externaltools.gnu-tools-for-stm32.7-2018-q2-update.win32_1.5.0.202011040924/tools/bin/../lib/gcc/arm-none-eabi/7.3.1/thumb/v7-m\libgcc.a(_arm_cmpdf2.o)
                0x000000000800090c                __gtdf2
                0x000000000800090c                __gedf2
                0x0000000008000914                __ltdf2
                0x0000000008000914                __ledf2
                0x000000000800091c                __nedf2
                0x000000000800091c                __eqdf2
                0x000000000800091c                __cmpdf2
                0x0000000008000998                __aeabi_cdrcmple
                0x00000000080009a8                __aeabi_cdcmpeq
                0x00000000080009a8                __aeabi_cdcmple
                0x00000000080009b8                __aeabi_dcmpeq
                0x00000000080009cc                __aeabi_dcmplt
                0x00000000080009e0                __aeabi_dcmple
                0x00000000080009f4                __aeabi_dcmpge
                0x0000000008000a08                __aeabi_dcmpgt
 .text          0x0000000008000a1c       0x50 c:/st/stm32cubeide_1.5.0/stm32cubeide/plugins/com.st.stm32cube.ide.mcu.externaltools.gnu-tools-for-stm32.7-2018-q2-update.win32_1.5.0.202011040924/tools/bin/../lib/gcc/arm-none-eabi/7.3.1/thumb/v7-m\libgcc.a(_arm_fixdfsi.o)
                0x0000000008000a1c                __aeabi_d2iz
                0x0000000008000a1c                __fixdfsi
 .text          0x0000000008000a6c       0x40 c:/st/stm32cubeide_1.5.0/stm32cubeide/plugins/com.st.stm32cube.ide.mcu.externaltools.gnu-tools-for-stm32.7-2018-q2-update.win32_1.5.0.202011040924/tools/bin/../lib/gcc/arm-none-eabi/7.3.1/thumb/v7-m\libgcc.a(_arm_fixunsdfsi.o)
                0x0000000008000a6c                __aeabi_d2uiz
                0x0000000008000a6c                __fixunsdfsi
 *(.text*)
 .text.Blink_Loop
                0x0000000008000aac      0x18c My/Application/Blink.o
                0x0000000008000aac                Blink_Loop
 .text.Blink    0x0000000008000c38       0x38 My/Application/Blink.o
                0x0000000008000c38                Blink
 .text.msDelay_Loop
                0x0000000008000c70       0x1c My/Application/Delay.o
                0x0000000008000c70                msDelay_Loop
 .text.msDelay  0x0000000008000c8c       0x34 My/Application/Delay.o
                0x0000000008000c8c                msDelay
 .text.SystemInit
                0x0000000008000cc0       0x68 My/CMSIS/src/system_stm32f1xx.o
                0x0000000008000cc0                SystemInit
 .text.Gpio_Init
                0x0000000008000d28       0x6c My/Drivers/gpio_ST.o
                0x0000000008000d28                Gpio_Init
 .text.I2C_Int_Handler
                0x0000000008000d94       0xcc My/Drivers/i2c_ST.o
 .text.I2C1_EV_IRQHandler
                0x0000000008000e60        0xc My/Drivers/i2c_ST.o
                0x0000000008000e60                I2C1_EV_IRQHandler
 .text.I2C2_EV_IRQHandler
                0x0000000008000e6c       0x1c My/Drivers/i2c_ST.o
                0x0000000008000e6c                I2C2_EV_IRQHandler
 .text.SPI2_IRQHandler
                0x0000000008000e88       0x38 My/Drivers/spi_ST.o
                0x0000000008000e88                SPI2_IRQHandler
 .text.Init_RCC
                0x0000000008000ec0      0x100 My/Drivers/sys_ST.o
 .text.Sys_Init
                0x0000000008000fc0       0x5c My/Drivers/sys_ST.o
                0x0000000008000fc0                Sys_Init
 .text.NMI_Handler
                0x000000000800101c        0xc My/Drivers/sys_ST.o
                0x000000000800101c                NMI_Handler
 .text.HardFault_Handler
                0x0000000008001028        0xc My/Drivers/sys_ST.o
                0x0000000008001028                HardFault_Handler
 .text.MemManage_Handler
                0x0000000008001034        0xc My/Drivers/sys_ST.o
                0x0000000008001034                MemManage_Handler
 .text.BusFault_Handler
                0x0000000008001040        0xc My/Drivers/sys_ST.o
                0x0000000008001040                BusFault_Handler
 .text.UsageFault_Handler
                0x000000000800104c        0xc My/Drivers/sys_ST.o
                0x000000000800104c                UsageFault_Handler
 .text.SVC_Handler
                0x0000000008001058        0xc My/Drivers/sys_ST.o
                0x0000000008001058                SVC_Handler
 .text.SysTick_Init
                0x0000000008001064       0x28 My/Drivers/sys_tick_ST.o
                0x0000000008001064                SysTick_Init
 .text.__NVIC_EnableIRQ
                0x000000000800108c       0x38 My/Drivers/timers_ST.o
 .text.__NVIC_SetPriority
                0x00000000080010c4       0x54 My/Drivers/timers_ST.o
 .text.TIM4_Init
                0x0000000008001118       0x4c My/Drivers/timers_ST.o
                0x0000000008001118                TIM4_Init
 .text.TIM1_InitForPWM
                0x0000000008001164       0xe8 My/Drivers/timers_ST.o
                0x0000000008001164                TIM1_InitForPWM
 .text.Led_Blink
                0x000000000800124c       0x2c My/Main/main.o
                0x000000000800124c                Led_Blink
 .text.FillSinTable
                0x0000000008001278       0x94 My/Main/main.o
                0x0000000008001278                FillSinTable
 .text.main     0x000000000800130c       0x2c My/Main/main.o
                0x000000000800130c                main
 .text.SysTick_Handler
                0x0000000008001338       0x1a My/Main/main.o
                0x0000000008001338                SysTick_Handler
 *fill*         0x0000000008001352        0x2 
 .text.TIM4_IRQHandler
                0x0000000008001354       0x54 My/Main/main.o
                0x0000000008001354                TIM4_IRQHandler
 .text.Encoder_Turn
                0x00000000080013a8       0x78 My/MiddleLevel/Encoder.o
 .text.Encoder_Loop
                0x0000000008001420      0x128 My/MiddleLevel/Encoder.o
 .text.Encoder  0x0000000008001548       0x14 My/MiddleLevel/Encoder.o
                0x0000000008001548                Encoder
 .text.Reset_Handler
                0x000000000800155c       0x50 Startup/startup_stm32f103c8tx.o
                0x000000000800155c                Reset_Handler
 .text.Default_Handler
                0x00000000080015ac        0x2 Startup/startup_stm32f103c8tx.o
                0x00000000080015ac                EXTI2_IRQHandler
                0x00000000080015ac                TIM8_TRG_COM_IRQHandler
                0x00000000080015ac                TIM8_CC_IRQHandler
                0x00000000080015ac                DebugMon_Handler
                0x00000000080015ac                TIM1_CC_IRQHandler
                0x00000000080015ac                TIM6_IRQHandler
                0x00000000080015ac                PVD_IRQHandler
                0x00000000080015ac                SDIO_IRQHandler
                0x00000000080015ac                PendSV_Handler
                0x00000000080015ac                EXTI3_IRQHandler
                0x00000000080015ac                USB_HP_CAN_TX_IRQHandler
                0x00000000080015ac                EXTI0_IRQHandler
                0x00000000080015ac                ADC1_2_IRQHandler
                0x00000000080015ac                SPI1_IRQHandler
                0x00000000080015ac                CAN_SCE_IRQHandler
                0x00000000080015ac                TAMPER_IRQHandler
                0x00000000080015ac                TIM8_UP_IRQHandler
                0x00000000080015ac                DMA2_Channel2_IRQHandler
                0x00000000080015ac                DMA1_Channel4_IRQHandler
                0x00000000080015ac                USART3_IRQHandler
                0x00000000080015ac                RTC_IRQHandler
                0x00000000080015ac                DMA1_Channel7_IRQHandler
                0x00000000080015ac                UART5_IRQHandler
                0x00000000080015ac                ADC3_IRQHandler
                0x00000000080015ac                CAN_RX1_IRQHandler
                0x00000000080015ac                DMA2_Channel1_IRQHandler
                0x00000000080015ac                DMA1_Channel6_IRQHandler
                0x00000000080015ac                UART4_IRQHandler
                0x00000000080015ac                TIM3_IRQHandler
                0x00000000080015ac                RCC_IRQHandler
                0x00000000080015ac                TIM1_TRG_COM_IRQHandler
                0x00000000080015ac                DMA1_Channel1_IRQHandler
                0x00000000080015ac                Default_Handler
                0x00000000080015ac                EXTI15_10_IRQHandler
                0x00000000080015ac                TIM7_IRQHandler
                0x00000000080015ac                TIM5_IRQHandler
                0x00000000080015ac                EXTI9_5_IRQHandler
                0x00000000080015ac                USB_LP_CAN_RX0_IRQHandler
                0x00000000080015ac                DMA1_Channel5_IRQHandler
                0x00000000080015ac                EXTI4_IRQHandler
                0x00000000080015ac                DMA1_Channel3_IRQHandler
                0x00000000080015ac                FSMC_IRQHandler
                0x00000000080015ac                TIM1_UP_IRQHandler
                0x00000000080015ac                WWDG_IRQHandler
                0x00000000080015ac                TIM2_IRQHandler
                0x00000000080015ac                TIM1_BRK_IRQHandler
                0x00000000080015ac                EXTI1_IRQHandler
                0x00000000080015ac                RTCAlarm_IRQHandler
                0x00000000080015ac                DMA2_Channel4_5_IRQHandler
                0x00000000080015ac                USART2_IRQHandler
                0x00000000080015ac                I2C2_ER_IRQHandler
                0x00000000080015ac                DMA1_Channel2_IRQHandler
                0x00000000080015ac                TIM8_BRK_IRQHandler
                0x00000000080015ac                FLASH_IRQHandler
                0x00000000080015ac                USART1_IRQHandler
                0x00000000080015ac                SPI3_IRQHandler
                0x00000000080015ac                I2C1_ER_IRQHandler
                0x00000000080015ac                DMA2_Channel3_IRQHandler
 *fill*         0x00000000080015ae        0x2 
 .text.__libc_init_array
                0x00000000080015b0       0x48 c:/st/stm32cubeide_1.5.0/stm32cubeide/plugins/com.st.stm32cube.ide.mcu.externaltools.gnu-tools-for-stm32.7-2018-q2-update.win32_1.5.0.202011040924/tools/bin/../lib/gcc/arm-none-eabi/7.3.1/../../../../arm-none-eabi/lib/thumb/v7-m\libc_nano.a(lib_a-init.o)
                0x00000000080015b0                __libc_init_array
 .text.sin      0x00000000080015f8       0x74 c:/st/stm32cubeide_1.5.0/stm32cubeide/plugins/com.st.stm32cube.ide.mcu.externaltools.gnu-tools-for-stm32.7-2018-q2-update.win32_1.5.0.202011040924/tools/bin/../lib/gcc/arm-none-eabi/7.3.1/../../../../arm-none-eabi/lib/thumb/v7-m\libm.a(lib_a-s_sin.o)
                0x00000000080015f8                sin
 *fill*         0x000000000800166c        0x4 
 .text.__ieee754_rem_pio2
                0x0000000008001670      0x3e0 c:/st/stm32cubeide_1.5.0/stm32cubeide/plugins/com.st.stm32cube.ide.mcu.externaltools.gnu-tools-for-stm32.7-2018-q2-update.win32_1.5.0.202011040924/tools/bin/../lib/gcc/arm-none-eabi/7.3.1/../../../../arm-none-eabi/lib/thumb/v7-m\libm.a(lib_a-e_rem_pio2.o)
                0x0000000008001670                __ieee754_rem_pio2
 .text.__kernel_cos
                0x0000000008001a50      0x17c c:/st/stm32cubeide_1.5.0/stm32cubeide/plugins/com.st.stm32cube.ide.mcu.externaltools.gnu-tools-for-stm32.7-2018-q2-update.win32_1.5.0.202011040924/tools/bin/../lib/gcc/arm-none-eabi/7.3.1/../../../../arm-none-eabi/lib/thumb/v7-m\libm.a(lib_a-k_cos.o)
                0x0000000008001a50                __kernel_cos
 .text.__kernel_rem_pio2
                0x0000000008001bcc      0x694 c:/st/stm32cubeide_1.5.0/stm32cubeide/plugins/com.st.stm32cube.ide.mcu.externaltools.gnu-tools-for-stm32.7-2018-q2-update.win32_1.5.0.202011040924/tools/bin/../lib/gcc/arm-none-eabi/7.3.1/../../../../arm-none-eabi/lib/thumb/v7-m\libm.a(lib_a-k_rem_pio2.o)
                0x0000000008001bcc                __kernel_rem_pio2
 .text.__kernel_sin
                0x0000000008002260      0x16c c:/st/stm32cubeide_1.5.0/stm32cubeide/plugins/com.st.stm32cube.ide.mcu.externaltools.gnu-tools-for-stm32.7-2018-q2-update.win32_1.5.0.202011040924/tools/bin/../lib/gcc/arm-none-eabi/7.3.1/../../../../arm-none-eabi/lib/thumb/v7-m\libm.a(lib_a-k_sin.o)
                0x0000000008002260                __kernel_sin
 .text.fabs     0x00000000080023cc        0x8 c:/st/stm32cubeide_1.5.0/stm32cubeide/plugins/com.st.stm32cube.ide.mcu.externaltools.gnu-tools-for-stm32.7-2018-q2-update.win32_1.5.0.202011040924/tools/bin/../lib/gcc/arm-none-eabi/7.3.1/../../../../arm-none-eabi/lib/thumb/v7-m\libm.a(lib_a-s_fabs.o)
                0x00000000080023cc                fabs
 *fill*         0x00000000080023d4        0x4 
 .text.floor    0x00000000080023d8      0x108 c:/st/stm32cubeide_1.5.0/stm32cubeide/plugins/com.st.stm32cube.ide.mcu.externaltools.gnu-tools-for-stm32.7-2018-q2-update.win32_1.5.0.202011040924/tools/bin/../lib/gcc/arm-none-eabi/7.3.1/../../../../arm-none-eabi/lib/thumb/v7-m\libm.a(lib_a-s_floor.o)
                0x00000000080023d8                floor
 .text.scalbn   0x00000000080024e0       0xdc c:/st/stm32cubeide_1.5.0/stm32cubeide/plugins/com.st.stm32cube.ide.mcu.externaltools.gnu-tools-for-stm32.7-2018-q2-update.win32_1.5.0.202011040924/tools/bin/../lib/gcc/arm-none-eabi/7.3.1/../../../../arm-none-eabi/lib/thumb/v7-m\libm.a(lib_a-s_scalbn.o)
                0x00000000080024e0                scalbn
 .text.copysign
                0x00000000080025bc       0x12 c:/st/stm32cubeide_1.5.0/stm32cubeide/plugins/com.st.stm32cube.ide.mcu.externaltools.gnu-tools-for-stm32.7-2018-q2-update.win32_1.5.0.202011040924/tools/bin/../lib/gcc/arm-none-eabi/7.3.1/../../../../arm-none-eabi/lib/thumb/v7-m\libm.a(lib_a-s_copysign.o)
                0x00000000080025bc                copysign
 *(.glue_7)
 .glue_7        0x00000000080025ce        0x0 linker stubs
 *(.glue_7t)
 .glue_7t       0x00000000080025ce        0x0 linker stubs
 *(.eh_frame)
 *fill*         0x00000000080025ce        0x2 
 .eh_frame      0x00000000080025d0        0x0 c:/st/stm32cubeide_1.5.0/stm32cubeide/plugins/com.st.stm32cube.ide.mcu.externaltools.gnu-tools-for-stm32.7-2018-q2-update.win32_1.5.0.202011040924/tools/bin/../lib/gcc/arm-none-eabi/7.3.1/thumb/v7-m/crtbegin.o
 *(.init)
 .init          0x00000000080025d0        0x4 c:/st/stm32cubeide_1.5.0/stm32cubeide/plugins/com.st.stm32cube.ide.mcu.externaltools.gnu-tools-for-stm32.7-2018-q2-update.win32_1.5.0.202011040924/tools/bin/../lib/gcc/arm-none-eabi/7.3.1/thumb/v7-m/crti.o
                0x00000000080025d0                _init
 .init          0x00000000080025d4        0x8 c:/st/stm32cubeide_1.5.0/stm32cubeide/plugins/com.st.stm32cube.ide.mcu.externaltools.gnu-tools-for-stm32.7-2018-q2-update.win32_1.5.0.202011040924/tools/bin/../lib/gcc/arm-none-eabi/7.3.1/thumb/v7-m/crtn.o
 *(.fini)
 .fini          0x00000000080025dc        0x4 c:/st/stm32cubeide_1.5.0/stm32cubeide/plugins/com.st.stm32cube.ide.mcu.externaltools.gnu-tools-for-stm32.7-2018-q2-update.win32_1.5.0.202011040924/tools/bin/../lib/gcc/arm-none-eabi/7.3.1/thumb/v7-m/crti.o
                0x00000000080025dc                _fini
 .fini          0x00000000080025e0        0x8 c:/st/stm32cubeide_1.5.0/stm32cubeide/plugins/com.st.stm32cube.ide.mcu.externaltools.gnu-tools-for-stm32.7-2018-q2-update.win32_1.5.0.202011040924/tools/bin/../lib/gcc/arm-none-eabi/7.3.1/thumb/v7-m/crtn.o
                0x00000000080025e8                . = ALIGN (0x4)
                0x00000000080025e8                _etext = .

.vfp11_veneer   0x00000000080025e8        0x0
 .vfp11_veneer  0x00000000080025e8        0x0 linker stubs

.v4_bx          0x00000000080025e8        0x0
 .v4_bx         0x00000000080025e8        0x0 linker stubs

.iplt           0x00000000080025e8        0x0
 .iplt          0x00000000080025e8        0x0 c:/st/stm32cubeide_1.5.0/stm32cubeide/plugins/com.st.stm32cube.ide.mcu.externaltools.gnu-tools-for-stm32.7-2018-q2-update.win32_1.5.0.202011040924/tools/bin/../lib/gcc/arm-none-eabi/7.3.1/thumb/v7-m/crtbegin.o

.rodata         0x00000000080025e8      0x1d8
                0x00000000080025e8                . = ALIGN (0x4)
 *(.rodata)
 *(.rodata*)
 .rodata.npio2_hw
                0x00000000080025e8       0x80 c:/st/stm32cubeide_1.5.0/stm32cubeide/plugins/com.st.stm32cube.ide.mcu.externaltools.gnu-tools-for-stm32.7-2018-q2-update.win32_1.5.0.202011040924/tools/bin/../lib/gcc/arm-none-eabi/7.3.1/../../../../arm-none-eabi/lib/thumb/v7-m\libm.a(lib_a-e_rem_pio2.o)
 .rodata.two_over_pi
                0x0000000008002668      0x108 c:/st/stm32cubeide_1.5.0/stm32cubeide/plugins/com.st.stm32cube.ide.mcu.externaltools.gnu-tools-for-stm32.7-2018-q2-update.win32_1.5.0.202011040924/tools/bin/../lib/gcc/arm-none-eabi/7.3.1/../../../../arm-none-eabi/lib/thumb/v7-m\libm.a(lib_a-e_rem_pio2.o)
 .rodata.PIo2   0x0000000008002770       0x40 c:/st/stm32cubeide_1.5.0/stm32cubeide/plugins/com.st.stm32cube.ide.mcu.externaltools.gnu-tools-for-stm32.7-2018-q2-update.win32_1.5.0.202011040924/tools/bin/../lib/gcc/arm-none-eabi/7.3.1/../../../../arm-none-eabi/lib/thumb/v7-m\libm.a(lib_a-k_rem_pio2.o)
 .rodata.init_jk
                0x00000000080027b0       0x10 c:/st/stm32cubeide_1.5.0/stm32cubeide/plugins/com.st.stm32cube.ide.mcu.externaltools.gnu-tools-for-stm32.7-2018-q2-update.win32_1.5.0.202011040924/tools/bin/../lib/gcc/arm-none-eabi/7.3.1/../../../../arm-none-eabi/lib/thumb/v7-m\libm.a(lib_a-k_rem_pio2.o)
                0x00000000080027c0                . = ALIGN (0x4)

.rel.dyn        0x00000000080027c0        0x0
 .rel.iplt      0x00000000080027c0        0x0 c:/st/stm32cubeide_1.5.0/stm32cubeide/plugins/com.st.stm32cube.ide.mcu.externaltools.gnu-tools-for-stm32.7-2018-q2-update.win32_1.5.0.202011040924/tools/bin/../lib/gcc/arm-none-eabi/7.3.1/thumb/v7-m/crtbegin.o

.ARM.extab      0x00000000080027c0        0x0
                0x00000000080027c0                . = ALIGN (0x4)
 *(.ARM.extab* .gnu.linkonce.armextab.*)
                0x00000000080027c0                . = ALIGN (0x4)

.ARM            0x00000000080027c0        0x0
                0x00000000080027c0                . = ALIGN (0x4)
                0x00000000080027c0                __exidx_start = .
 *(.ARM.exidx*)
                0x00000000080027c0                __exidx_end = .
                0x00000000080027c0                . = ALIGN (0x4)

.preinit_array  0x00000000080027c0        0x0
                0x00000000080027c0                . = ALIGN (0x4)
                0x00000000080027c0                PROVIDE (__preinit_array_start = .)
 *(.preinit_array*)
                0x00000000080027c0                PROVIDE (__preinit_array_end = .)
                0x00000000080027c0                . = ALIGN (0x4)

.init_array     0x00000000080027c0        0x4
                0x00000000080027c0                . = ALIGN (0x4)
                0x00000000080027c0                PROVIDE (__init_array_start = .)
 *(SORT_BY_NAME(.init_array.*))
 *(.init_array*)
 .init_array    0x00000000080027c0        0x4 c:/st/stm32cubeide_1.5.0/stm32cubeide/plugins/com.st.stm32cube.ide.mcu.externaltools.gnu-tools-for-stm32.7-2018-q2-update.win32_1.5.0.202011040924/tools/bin/../lib/gcc/arm-none-eabi/7.3.1/thumb/v7-m/crtbegin.o
                0x00000000080027c4                PROVIDE (__init_array_end = .)
                0x00000000080027c4                . = ALIGN (0x4)

.fini_array     0x00000000080027c4        0x4
                0x00000000080027c4                . = ALIGN (0x4)
                [!provide]                        PROVIDE (__fini_array_start = .)
 *(SORT_BY_NAME(.fini_array.*))
 *(.fini_array*)
 .fini_array    0x00000000080027c4        0x4 c:/st/stm32cubeide_1.5.0/stm32cubeide/plugins/com.st.stm32cube.ide.mcu.externaltools.gnu-tools-for-stm32.7-2018-q2-update.win32_1.5.0.202011040924/tools/bin/../lib/gcc/arm-none-eabi/7.3.1/thumb/v7-m/crtbegin.o
                [!provide]                        PROVIDE (__fini_array_end = .)
                0x00000000080027c8                . = ALIGN (0x4)
                0x00000000080027c8                _sidata = LOADADDR (.data)

.data           0x0000000020000000        0xc load address 0x00000000080027c8
                0x0000000020000000                . = ALIGN (0x4)
                0x0000000020000000                _sdata = .
 *(.data)
 *(.data*)
 .data.EncoderStr
                0x0000000020000000        0xc My/MiddleLevel/Encoder.o
 *(.RamFunc)
 *(.RamFunc*)
                0x000000002000000c                . = ALIGN (0x4)
                0x000000002000000c                _edata = .

.igot.plt       0x000000002000000c        0x0 load address 0x00000000080027d4
 .igot.plt      0x000000002000000c        0x0 c:/st/stm32cubeide_1.5.0/stm32cubeide/plugins/com.st.stm32cube.ide.mcu.externaltools.gnu-tools-for-stm32.7-2018-q2-update.win32_1.5.0.202011040924/tools/bin/../lib/gcc/arm-none-eabi/7.3.1/thumb/v7-m/crtbegin.o
                0x000000002000000c                . = ALIGN (0x4)

.bss            0x000000002000000c      0x1d0 load address 0x00000000080027d4
                0x000000002000000c                _sbss = .
                0x000000002000000c                __bss_start__ = _sbss
 *(.bss)
 .bss           0x000000002000000c       0x1c c:/st/stm32cubeide_1.5.0/stm32cubeide/plugins/com.st.stm32cube.ide.mcu.externaltools.gnu-tools-for-stm32.7-2018-q2-update.win32_1.5.0.202011040924/tools/bin/../lib/gcc/arm-none-eabi/7.3.1/thumb/v7-m/crtbegin.o
 *(.bss*)
 .bss.BlinkReg  0x0000000020000028        0x2 My/Application/Blink.o
 .bss.blinkCount.6588
                0x000000002000002a        0x2 My/Application/Blink.o
 .bss.msCounter
                0x000000002000002c        0x4 My/Application/Delay.o
 .bss.I2C_TxCnt
                0x0000000020000030        0x2 My/Drivers/i2c_ST.o
 .bss.I2C_SlaveAddr
                0x0000000020000032        0x1 My/Drivers/i2c_ST.o
 *fill*         0x0000000020000033        0x1 
 .bss.I2C_pBuf  0x0000000020000034        0x4 My/Drivers/i2c_ST.o
 .bss.I2C_TxSize
                0x0000000020000038        0x1 My/Drivers/i2c_ST.o
 .bss.I2C_Mode  0x0000000020000039        0x1 My/Drivers/i2c_ST.o
 *fill*         0x000000002000003a        0x2 
 .bss.sin_arr   0x000000002000003c      0x190 My/Main/main.o
 .bss.sinIndex.6666
                0x00000000200001cc        0x2 My/Main/main.o
 .bss.EncoderStateReg
                0x00000000200001ce        0x1 My/MiddleLevel/Encoder.o
 .bss.msCount.6605
                0x00000000200001cf        0x1 My/MiddleLevel/Encoder.o
 .bss.cycle.6604
                0x00000000200001d0        0x1 My/MiddleLevel/Encoder.o
 *fill*         0x00000000200001d1        0x3 
 .bss.but.6606  0x00000000200001d4        0x6 My/MiddleLevel/Encoder.o
 *(COMMON)
                0x00000000200001dc                . = ALIGN (0x4)
 *fill*         0x00000000200001da        0x2 
                0x00000000200001dc                _ebss = .
                0x00000000200001dc                __bss_end__ = _ebss

._user_heap_stack
                0x00000000200001dc      0x204 load address 0x00000000080027d4
                0x00000000200001e0                . = ALIGN (0x8)
 *fill*         0x00000000200001dc        0x4 
                [!provide]                        PROVIDE (end = .)
                [!provide]                        PROVIDE (_end = .)
                0x00000000200001e0                . = (. + _Min_Heap_Size)
                0x00000000200003e0                . = (. + _Min_Stack_Size)
 *fill*         0x00000000200001e0      0x200 
                0x00000000200003e0                . = ALIGN (0x8)

/DISCARD/
 libc.a(*)
 libm.a(*)
 libgcc.a(*)

.ARM.attributes
                0x0000000000000000       0x29
 *(.ARM.attributes)
 .ARM.attributes
                0x0000000000000000       0x1d c:/st/stm32cubeide_1.5.0/stm32cubeide/plugins/com.st.stm32cube.ide.mcu.externaltools.gnu-tools-for-stm32.7-2018-q2-update.win32_1.5.0.202011040924/tools/bin/../lib/gcc/arm-none-eabi/7.3.1/thumb/v7-m/crti.o
 .ARM.attributes
                0x000000000000001d       0x2d c:/st/stm32cubeide_1.5.0/stm32cubeide/plugins/com.st.stm32cube.ide.mcu.externaltools.gnu-tools-for-stm32.7-2018-q2-update.win32_1.5.0.202011040924/tools/bin/../lib/gcc/arm-none-eabi/7.3.1/thumb/v7-m/crtbegin.o
 .ARM.attributes
                0x000000000000004a       0x33 My/Application/Blink.o
 .ARM.attributes
                0x000000000000007d       0x33 My/Application/Delay.o
 .ARM.attributes
                0x00000000000000b0       0x33 My/CMSIS/src/system_stm32f1xx.o
 .ARM.attributes
                0x00000000000000e3       0x33 My/Drivers/gpio_ST.o
 .ARM.attributes
                0x0000000000000116       0x33 My/Drivers/i2c_ST.o
 .ARM.attributes
                0x0000000000000149       0x33 My/Drivers/spi_ST.o
 .ARM.attributes
                0x000000000000017c       0x33 My/Drivers/sys_ST.o
 .ARM.attributes
                0x00000000000001af       0x33 My/Drivers/sys_tick_ST.o
 .ARM.attributes
                0x00000000000001e2       0x33 My/Drivers/timers_ST.o
 .ARM.attributes
                0x0000000000000215       0x33 My/Main/main.o
 .ARM.attributes
                0x0000000000000248       0x33 My/MiddleLevel/Encoder.o
 .ARM.attributes
                0x000000000000027b       0x21 Startup/startup_stm32f103c8tx.o
 .ARM.attributes
                0x000000000000029c       0x2d c:/st/stm32cubeide_1.5.0/stm32cubeide/plugins/com.st.stm32cube.ide.mcu.externaltools.gnu-tools-for-stm32.7-2018-q2-update.win32_1.5.0.202011040924/tools/bin/../lib/gcc/arm-none-eabi/7.3.1/../../../../arm-none-eabi/lib/thumb/v7-m\libc_nano.a(lib_a-init.o)
 .ARM.attributes
                0x00000000000002c9       0x2d c:/st/stm32cubeide_1.5.0/stm32cubeide/plugins/com.st.stm32cube.ide.mcu.externaltools.gnu-tools-for-stm32.7-2018-q2-update.win32_1.5.0.202011040924/tools/bin/../lib/gcc/arm-none-eabi/7.3.1/../../../../arm-none-eabi/lib/thumb/v7-m\libm.a(lib_a-s_sin.o)
 .ARM.attributes
                0x00000000000002f6       0x2d c:/st/stm32cubeide_1.5.0/stm32cubeide/plugins/com.st.stm32cube.ide.mcu.externaltools.gnu-tools-for-stm32.7-2018-q2-update.win32_1.5.0.202011040924/tools/bin/../lib/gcc/arm-none-eabi/7.3.1/../../../../arm-none-eabi/lib/thumb/v7-m\libm.a(lib_a-e_rem_pio2.o)
 .ARM.attributes
                0x0000000000000323       0x2d c:/st/stm32cubeide_1.5.0/stm32cubeide/plugins/com.st.stm32cube.ide.mcu.externaltools.gnu-tools-for-stm32.7-2018-q2-update.win32_1.5.0.202011040924/tools/bin/../lib/gcc/arm-none-eabi/7.3.1/../../../../arm-none-eabi/lib/thumb/v7-m\libm.a(lib_a-k_cos.o)
 .ARM.attributes
                0x0000000000000350       0x2d c:/st/stm32cubeide_1.5.0/stm32cubeide/plugins/com.st.stm32cube.ide.mcu.externaltools.gnu-tools-for-stm32.7-2018-q2-update.win32_1.5.0.202011040924/tools/bin/../lib/gcc/arm-none-eabi/7.3.1/../../../../arm-none-eabi/lib/thumb/v7-m\libm.a(lib_a-k_rem_pio2.o)
 .ARM.attributes
                0x000000000000037d       0x2d c:/st/stm32cubeide_1.5.0/stm32cubeide/plugins/com.st.stm32cube.ide.mcu.externaltools.gnu-tools-for-stm32.7-2018-q2-update.win32_1.5.0.202011040924/tools/bin/../lib/gcc/arm-none-eabi/7.3.1/../../../../arm-none-eabi/lib/thumb/v7-m\libm.a(lib_a-k_sin.o)
 .ARM.attributes
                0x00000000000003aa       0x2d c:/st/stm32cubeide_1.5.0/stm32cubeide/plugins/com.st.stm32cube.ide.mcu.externaltools.gnu-tools-for-stm32.7-2018-q2-update.win32_1.5.0.202011040924/tools/bin/../lib/gcc/arm-none-eabi/7.3.1/../../../../arm-none-eabi/lib/thumb/v7-m\libm.a(lib_a-s_fabs.o)
 .ARM.attributes
                0x00000000000003d7       0x2d c:/st/stm32cubeide_1.5.0/stm32cubeide/plugins/com.st.stm32cube.ide.mcu.externaltools.gnu-tools-for-stm32.7-2018-q2-update.win32_1.5.0.202011040924/tools/bin/../lib/gcc/arm-none-eabi/7.3.1/../../../../arm-none-eabi/lib/thumb/v7-m\libm.a(lib_a-s_floor.o)
 .ARM.attributes
                0x0000000000000404       0x2d c:/st/stm32cubeide_1.5.0/stm32cubeide/plugins/com.st.stm32cube.ide.mcu.externaltools.gnu-tools-for-stm32.7-2018-q2-update.win32_1.5.0.202011040924/tools/bin/../lib/gcc/arm-none-eabi/7.3.1/../../../../arm-none-eabi/lib/thumb/v7-m\libm.a(lib_a-s_scalbn.o)
 .ARM.attributes
                0x0000000000000431       0x2d c:/st/stm32cubeide_1.5.0/stm32cubeide/plugins/com.st.stm32cube.ide.mcu.externaltools.gnu-tools-for-stm32.7-2018-q2-update.win32_1.5.0.202011040924/tools/bin/../lib/gcc/arm-none-eabi/7.3.1/../../../../arm-none-eabi/lib/thumb/v7-m\libm.a(lib_a-s_copysign.o)
 .ARM.attributes
                0x000000000000045e       0x1d c:/st/stm32cubeide_1.5.0/stm32cubeide/plugins/com.st.stm32cube.ide.mcu.externaltools.gnu-tools-for-stm32.7-2018-q2-update.win32_1.5.0.202011040924/tools/bin/../lib/gcc/arm-none-eabi/7.3.1/thumb/v7-m\libgcc.a(_arm_addsubdf3.o)
 .ARM.attributes
                0x000000000000047b       0x1d c:/st/stm32cubeide_1.5.0/stm32cubeide/plugins/com.st.stm32cube.ide.mcu.externaltools.gnu-tools-for-stm32.7-2018-q2-update.win32_1.5.0.202011040924/tools/bin/../lib/gcc/arm-none-eabi/7.3.1/thumb/v7-m\libgcc.a(_arm_muldivdf3.o)
 .ARM.attributes
                0x0000000000000498       0x1d c:/st/stm32cubeide_1.5.0/stm32cubeide/plugins/com.st.stm32cube.ide.mcu.externaltools.gnu-tools-for-stm32.7-2018-q2-update.win32_1.5.0.202011040924/tools/bin/../lib/gcc/arm-none-eabi/7.3.1/thumb/v7-m\libgcc.a(_arm_cmpdf2.o)
 .ARM.attributes
                0x00000000000004b5       0x1d c:/st/stm32cubeide_1.5.0/stm32cubeide/plugins/com.st.stm32cube.ide.mcu.externaltools.gnu-tools-for-stm32.7-2018-q2-update.win32_1.5.0.202011040924/tools/bin/../lib/gcc/arm-none-eabi/7.3.1/thumb/v7-m\libgcc.a(_arm_fixdfsi.o)
 .ARM.attributes
                0x00000000000004d2       0x1d c:/st/stm32cubeide_1.5.0/stm32cubeide/plugins/com.st.stm32cube.ide.mcu.externaltools.gnu-tools-for-stm32.7-2018-q2-update.win32_1.5.0.202011040924/tools/bin/../lib/gcc/arm-none-eabi/7.3.1/thumb/v7-m\libgcc.a(_arm_fixunsdfsi.o)
 .ARM.attributes
                0x00000000000004ef       0x1d c:/st/stm32cubeide_1.5.0/stm32cubeide/plugins/com.st.stm32cube.ide.mcu.externaltools.gnu-tools-for-stm32.7-2018-q2-update.win32_1.5.0.202011040924/tools/bin/../lib/gcc/arm-none-eabi/7.3.1/thumb/v7-m/crtn.o
OUTPUT(f103c8t6_MotorDriver.elf elf32-littlearm)

.debug_info     0x0000000000000000     0x8493
 .debug_info    0x0000000000000000      0xac4 My/Application/Blink.o
 .debug_info    0x0000000000000ac4      0xa5f My/Application/Delay.o
 .debug_info    0x0000000000001523      0x3e5 My/CMSIS/src/system_stm32f1xx.o
 .debug_info    0x0000000000001908      0xc79 My/Drivers/gpio_ST.o
 .debug_info    0x0000000000002581      0xf19 My/Drivers/i2c_ST.o
 .debug_info    0x000000000000349a      0xc73 My/Drivers/spi_ST.o
 .debug_info    0x000000000000410d      0xc81 My/Drivers/sys_ST.o
 .debug_info    0x0000000000004d8e      0xa79 My/Drivers/sys_tick_ST.o
 .debug_info    0x0000000000005807     0x10e8 My/Drivers/timers_ST.o
 .debug_info    0x00000000000068ef      0xf15 My/Main/main.o
 .debug_info    0x0000000000007804      0xc6d My/MiddleLevel/Encoder.o
 .debug_info    0x0000000000008471       0x22 Startup/startup_stm32f103c8tx.o

.debug_abbrev   0x0000000000000000     0x1750
 .debug_abbrev  0x0000000000000000      0x1eb My/Application/Blink.o
 .debug_abbrev  0x00000000000001eb      0x1d8 My/Application/Delay.o
 .debug_abbrev  0x00000000000003c3      0x134 My/CMSIS/src/system_stm32f1xx.o
 .debug_abbrev  0x00000000000004f7      0x201 My/Drivers/gpio_ST.o
 .debug_abbrev  0x00000000000006f8      0x2b7 My/Drivers/i2c_ST.o
 .debug_abbrev  0x00000000000009af      0x201 My/Drivers/spi_ST.o
 .debug_abbrev  0x0000000000000bb0      0x231 My/Drivers/sys_ST.o
 .debug_abbrev  0x0000000000000de1      0x1bc My/Drivers/sys_tick_ST.o
 .debug_abbrev  0x0000000000000f9d      0x256 My/Drivers/timers_ST.o
 .debug_abbrev  0x00000000000011f3      0x2f9 My/Main/main.o
 .debug_abbrev  0x00000000000014ec      0x252 My/MiddleLevel/Encoder.o
 .debug_abbrev  0x000000000000173e       0x12 Startup/startup_stm32f103c8tx.o

.debug_aranges  0x0000000000000000      0x330
 .debug_aranges
                0x0000000000000000       0x28 My/Application/Blink.o
 .debug_aranges
                0x0000000000000028       0x28 My/Application/Delay.o
 .debug_aranges
                0x0000000000000050       0x28 My/CMSIS/src/system_stm32f1xx.o
 .debug_aranges
                0x0000000000000078       0x30 My/Drivers/gpio_ST.o
 .debug_aranges
                0x00000000000000a8       0x78 My/Drivers/i2c_ST.o
 .debug_aranges
                0x0000000000000120       0x48 My/Drivers/spi_ST.o
 .debug_aranges
                0x0000000000000168       0x80 My/Drivers/sys_ST.o
 .debug_aranges
                0x00000000000001e8       0x20 My/Drivers/sys_tick_ST.o
 .debug_aranges
                0x0000000000000208       0x40 My/Drivers/timers_ST.o
 .debug_aranges
                0x0000000000000248       0x88 My/Main/main.o
 .debug_aranges
                0x00000000000002d0       0x38 My/MiddleLevel/Encoder.o
 .debug_aranges
                0x0000000000000308       0x28 Startup/startup_stm32f103c8tx.o

.debug_ranges   0x0000000000000000      0x278
 .debug_ranges  0x0000000000000000       0x18 My/Application/Blink.o
 .debug_ranges  0x0000000000000018       0x18 My/Application/Delay.o
 .debug_ranges  0x0000000000000030       0x18 My/CMSIS/src/system_stm32f1xx.o
 .debug_ranges  0x0000000000000048       0x20 My/Drivers/gpio_ST.o
 .debug_ranges  0x0000000000000068       0x68 My/Drivers/i2c_ST.o
 .debug_ranges  0x00000000000000d0       0x38 My/Drivers/spi_ST.o
 .debug_ranges  0x0000000000000108       0x70 My/Drivers/sys_ST.o
 .debug_ranges  0x0000000000000178       0x10 My/Drivers/sys_tick_ST.o
 .debug_ranges  0x0000000000000188       0x30 My/Drivers/timers_ST.o
 .debug_ranges  0x00000000000001b8       0x78 My/Main/main.o
 .debug_ranges  0x0000000000000230       0x28 My/MiddleLevel/Encoder.o
 .debug_ranges  0x0000000000000258       0x20 Startup/startup_stm32f103c8tx.o

.debug_macro    0x0000000000000000     0x1df4
 .debug_macro   0x0000000000000000      0x29c My/Application/Blink.o
 .debug_macro   0x000000000000029c       0x1c My/Application/Blink.o
 .debug_macro   0x00000000000002b8      0x29c My/Application/Delay.o
 .debug_macro   0x0000000000000554       0xce My/CMSIS/src/system_stm32f1xx.o
 .debug_macro   0x0000000000000622       0x34 My/CMSIS/src/system_stm32f1xx.o
 .debug_macro   0x0000000000000656       0x43 My/CMSIS/src/system_stm32f1xx.o
 .debug_macro   0x0000000000000699      0x2a2 My/Drivers/gpio_ST.o
 .debug_macro   0x000000000000093b      0x154 My/Drivers/gpio_ST.o
 .debug_macro   0x0000000000000a8f      0x2a2 My/Drivers/i2c_ST.o
 .debug_macro   0x0000000000000d31       0x52 My/Drivers/i2c_ST.o
 .debug_macro   0x0000000000000d83      0x2a2 My/Drivers/spi_ST.o
 .debug_macro   0x0000000000001025       0x10 My/Drivers/spi_ST.o
 .debug_macro   0x0000000000001035      0x2a2 My/Drivers/sys_ST.o
 .debug_macro   0x00000000000012d7      0x2a2 My/Drivers/sys_tick_ST.o
 .debug_macro   0x0000000000001579       0x10 My/Drivers/sys_tick_ST.o
 .debug_macro   0x0000000000001589      0x29c My/Drivers/timers_ST.o
 .debug_macro   0x0000000000001825      0x2f3 My/Main/main.o
 .debug_macro   0x0000000000001b18      0x2a2 My/MiddleLevel/Encoder.o
 .debug_macro   0x0000000000001dba       0x3a My/MiddleLevel/Encoder.o

.debug_line     0x0000000000000000     0x6549
 .debug_line    0x0000000000000000      0x92f My/Application/Blink.o
 .debug_line    0x000000000000092f      0x8fc My/Application/Delay.o
 .debug_line    0x000000000000122b      0x49c My/CMSIS/src/system_stm32f1xx.o
 .debug_line    0x00000000000016c7      0x934 My/Drivers/gpio_ST.o
 .debug_line    0x0000000000001ffb      0xae2 My/Drivers/i2c_ST.o
 .debug_line    0x0000000000002add      0x99c My/Drivers/spi_ST.o
 .debug_line    0x0000000000003479      0xa2d My/Drivers/sys_ST.o
 .debug_line    0x0000000000003ea6      0x8e4 My/Drivers/sys_tick_ST.o
 .debug_line    0x000000000000478a      0x958 My/Drivers/timers_ST.o
 .debug_line    0x00000000000050e2      0xa76 My/Main/main.o
 .debug_line    0x0000000000005b58      0x96d My/MiddleLevel/Encoder.o
 .debug_line    0x00000000000064c5       0x84 Startup/startup_stm32f103c8tx.o

.debug_str      0x0000000000000000    0x59e6f
 .debug_str     0x0000000000000000    0x58f5e My/Application/Blink.o
                                      0x592f2 (size before relaxing)
 .debug_str     0x0000000000058f5e       0x39 My/Application/Delay.o
                                      0x59246 (size before relaxing)
 .debug_str     0x0000000000058f97      0x428 My/CMSIS/src/system_stm32f1xx.o
                                      0x542a6 (size before relaxing)
 .debug_str     0x00000000000593bf       0xd5 My/Drivers/gpio_ST.o
                                      0x5932b (size before relaxing)
 .debug_str     0x0000000000059494      0x13d My/Drivers/i2c_ST.o
                                      0x593a5 (size before relaxing)
 .debug_str     0x00000000000595d1       0xc2 My/Drivers/spi_ST.o
                                      0x59325 (size before relaxing)
 .debug_str     0x0000000000059693      0x13f My/Drivers/sys_ST.o
                                      0x59390 (size before relaxing)
 .debug_str     0x00000000000597d2       0x46 My/Drivers/sys_tick_ST.o
                                      0x59253 (size before relaxing)
 .debug_str     0x0000000000059818      0x359 My/Drivers/timers_ST.o
                                      0x596b4 (size before relaxing)
 .debug_str     0x0000000000059b71      0x234 My/Main/main.o
                                      0x59526 (size before relaxing)
 .debug_str     0x0000000000059da5       0x99 My/MiddleLevel/Encoder.o
                                      0x59307 (size before relaxing)
 .debug_str     0x0000000000059e3e       0x31 Startup/startup_stm32f103c8tx.o
                                         0x7b (size before relaxing)

.comment        0x0000000000000000       0x7b
 .comment       0x0000000000000000       0x7b My/Application/Blink.o
                                         0x7c (size before relaxing)
 .comment       0x000000000000007b       0x7c My/Application/Delay.o
 .comment       0x000000000000007b       0x7c My/CMSIS/src/system_stm32f1xx.o
 .comment       0x000000000000007b       0x7c My/Drivers/gpio_ST.o
 .comment       0x000000000000007b       0x7c My/Drivers/i2c_ST.o
 .comment       0x000000000000007b       0x7c My/Drivers/spi_ST.o
 .comment       0x000000000000007b       0x7c My/Drivers/sys_ST.o
 .comment       0x000000000000007b       0x7c My/Drivers/sys_tick_ST.o
 .comment       0x000000000000007b       0x7c My/Drivers/timers_ST.o
 .comment       0x000000000000007b       0x7c My/Main/main.o
 .comment       0x000000000000007b       0x7c My/MiddleLevel/Encoder.o

.debug_frame    0x0000000000000000      0xd98
 .debug_frame   0x0000000000000000       0x58 My/Application/Blink.o
 .debug_frame   0x0000000000000058       0x58 My/Application/Delay.o
 .debug_frame   0x00000000000000b0       0x58 My/CMSIS/src/system_stm32f1xx.o
 .debug_frame   0x0000000000000108       0x78 My/Drivers/gpio_ST.o
 .debug_frame   0x0000000000000180      0x1dc My/Drivers/i2c_ST.o
 .debug_frame   0x000000000000035c       0xe0 My/Drivers/spi_ST.o
 .debug_frame   0x000000000000043c      0x1cc My/Drivers/sys_ST.o
 .debug_frame   0x0000000000000608       0x30 My/Drivers/sys_tick_ST.o
 .debug_frame   0x0000000000000638       0xbc My/Drivers/timers_ST.o
 .debug_frame   0x00000000000006f4      0x1f4 My/Main/main.o
 .debug_frame   0x00000000000008e8       0x98 My/MiddleLevel/Encoder.o
 .debug_frame   0x0000000000000980       0x2c c:/st/stm32cubeide_1.5.0/stm32cubeide/plugins/com.st.stm32cube.ide.mcu.externaltools.gnu-tools-for-stm32.7-2018-q2-update.win32_1.5.0.202011040924/tools/bin/../lib/gcc/arm-none-eabi/7.3.1/../../../../arm-none-eabi/lib/thumb/v7-m\libc_nano.a(lib_a-init.o)
 .debug_frame   0x00000000000009ac       0x34 c:/st/stm32cubeide_1.5.0/stm32cubeide/plugins/com.st.stm32cube.ide.mcu.externaltools.gnu-tools-for-stm32.7-2018-q2-update.win32_1.5.0.202011040924/tools/bin/../lib/gcc/arm-none-eabi/7.3.1/../../../../arm-none-eabi/lib/thumb/v7-m\libm.a(lib_a-s_sin.o)
 .debug_frame   0x00000000000009e0       0x40 c:/st/stm32cubeide_1.5.0/stm32cubeide/plugins/com.st.stm32cube.ide.mcu.externaltools.gnu-tools-for-stm32.7-2018-q2-update.win32_1.5.0.202011040924/tools/bin/../lib/gcc/arm-none-eabi/7.3.1/../../../../arm-none-eabi/lib/thumb/v7-m\libm.a(lib_a-e_rem_pio2.o)
 .debug_frame   0x0000000000000a20       0x3c c:/st/stm32cubeide_1.5.0/stm32cubeide/plugins/com.st.stm32cube.ide.mcu.externaltools.gnu-tools-for-stm32.7-2018-q2-update.win32_1.5.0.202011040924/tools/bin/../lib/gcc/arm-none-eabi/7.3.1/../../../../arm-none-eabi/lib/thumb/v7-m\libm.a(lib_a-k_cos.o)
 .debug_frame   0x0000000000000a5c       0x44 c:/st/stm32cubeide_1.5.0/stm32cubeide/plugins/com.st.stm32cube.ide.mcu.externaltools.gnu-tools-for-stm32.7-2018-q2-update.win32_1.5.0.202011040924/tools/bin/../lib/gcc/arm-none-eabi/7.3.1/../../../../arm-none-eabi/lib/thumb/v7-m\libm.a(lib_a-k_rem_pio2.o)
 .debug_frame   0x0000000000000aa0       0x40 c:/st/stm32cubeide_1.5.0/stm32cubeide/plugins/com.st.stm32cube.ide.mcu.externaltools.gnu-tools-for-stm32.7-2018-q2-update.win32_1.5.0.202011040924/tools/bin/../lib/gcc/arm-none-eabi/7.3.1/../../../../arm-none-eabi/lib/thumb/v7-m\libm.a(lib_a-k_sin.o)
 .debug_frame   0x0000000000000ae0       0x20 c:/st/stm32cubeide_1.5.0/stm32cubeide/plugins/com.st.stm32cube.ide.mcu.externaltools.gnu-tools-for-stm32.7-2018-q2-update.win32_1.5.0.202011040924/tools/bin/../lib/gcc/arm-none-eabi/7.3.1/../../../../arm-none-eabi/lib/thumb/v7-m\libm.a(lib_a-s_fabs.o)
 .debug_frame   0x0000000000000b00       0x34 c:/st/stm32cubeide_1.5.0/stm32cubeide/plugins/com.st.stm32cube.ide.mcu.externaltools.gnu-tools-for-stm32.7-2018-q2-update.win32_1.5.0.202011040924/tools/bin/../lib/gcc/arm-none-eabi/7.3.1/../../../../arm-none-eabi/lib/thumb/v7-m\libm.a(lib_a-s_floor.o)
 .debug_frame   0x0000000000000b34       0x30 c:/st/stm32cubeide_1.5.0/stm32cubeide/plugins/com.st.stm32cube.ide.mcu.externaltools.gnu-tools-for-stm32.7-2018-q2-update.win32_1.5.0.202011040924/tools/bin/../lib/gcc/arm-none-eabi/7.3.1/../../../../arm-none-eabi/lib/thumb/v7-m\libm.a(lib_a-s_scalbn.o)
 .debug_frame   0x0000000000000b64       0x2c c:/st/stm32cubeide_1.5.0/stm32cubeide/plugins/com.st.stm32cube.ide.mcu.externaltools.gnu-tools-for-stm32.7-2018-q2-update.win32_1.5.0.202011040924/tools/bin/../lib/gcc/arm-none-eabi/7.3.1/../../../../arm-none-eabi/lib/thumb/v7-m\libm.a(lib_a-s_copysign.o)
 .debug_frame   0x0000000000000b90       0xac c:/st/stm32cubeide_1.5.0/stm32cubeide/plugins/com.st.stm32cube.ide.mcu.externaltools.gnu-tools-for-stm32.7-2018-q2-update.win32_1.5.0.202011040924/tools/bin/../lib/gcc/arm-none-eabi/7.3.1/thumb/v7-m\libgcc.a(_arm_addsubdf3.o)
 .debug_frame   0x0000000000000c3c       0x50 c:/st/stm32cubeide_1.5.0/stm32cubeide/plugins/com.st.stm32cube.ide.mcu.externaltools.gnu-tools-for-stm32.7-2018-q2-update.win32_1.5.0.202011040924/tools/bin/../lib/gcc/arm-none-eabi/7.3.1/thumb/v7-m\libgcc.a(_arm_muldivdf3.o)
 .debug_frame   0x0000000000000c8c       0xc4 c:/st/stm32cubeide_1.5.0/stm32cubeide/plugins/com.st.stm32cube.ide.mcu.externaltools.gnu-tools-for-stm32.7-2018-q2-update.win32_1.5.0.202011040924/tools/bin/../lib/gcc/arm-none-eabi/7.3.1/thumb/v7-m\libgcc.a(_arm_cmpdf2.o)
 .debug_frame   0x0000000000000d50       0x24 c:/st/stm32cubeide_1.5.0/stm32cubeide/plugins/com.st.stm32cube.ide.mcu.externaltools.gnu-tools-for-stm32.7-2018-q2-update.win32_1.5.0.202011040924/tools/bin/../lib/gcc/arm-none-eabi/7.3.1/thumb/v7-m\libgcc.a(_arm_fixdfsi.o)
 .debug_frame   0x0000000000000d74       0x24 c:/st/stm32cubeide_1.5.0/stm32cubeide/plugins/com.st.stm32cube.ide.mcu.externaltools.gnu-tools-for-stm32.7-2018-q2-update.win32_1.5.0.202011040924/tools/bin/../lib/gcc/arm-none-eabi/7.3.1/thumb/v7-m\libgcc.a(_arm_fixunsdfsi.o)
