Archive member included to satisfy reference by file (symbol)

c:/st/stm32cubeide_1.5.1/stm32cubeide/plugins/com.st.stm32cube.ide.mcu.externaltools.gnu-tools-for-stm32.7-2018-q2-update.win32_1.5.0.202011040924/tools/bin/../lib/gcc/arm-none-eabi/7.3.1/../../../../arm-none-eabi/lib/thumb/v7-m\libc_nano.a(lib_a-exit.o)
                              c:/st/stm32cubeide_1.5.1/stm32cubeide/plugins/com.st.stm32cube.ide.mcu.externaltools.gnu-tools-for-stm32.7-2018-q2-update.win32_1.5.0.202011040924/tools/bin/../lib/gcc/arm-none-eabi/7.3.1/../../../../arm-none-eabi/lib/thumb/v7-m/crt0.o (exit)
c:/st/stm32cubeide_1.5.1/stm32cubeide/plugins/com.st.stm32cube.ide.mcu.externaltools.gnu-tools-for-stm32.7-2018-q2-update.win32_1.5.0.202011040924/tools/bin/../lib/gcc/arm-none-eabi/7.3.1/../../../../arm-none-eabi/lib/thumb/v7-m\libc_nano.a(lib_a-impure.o)
                              c:/st/stm32cubeide_1.5.1/stm32cubeide/plugins/com.st.stm32cube.ide.mcu.externaltools.gnu-tools-for-stm32.7-2018-q2-update.win32_1.5.0.202011040924/tools/bin/../lib/gcc/arm-none-eabi/7.3.1/../../../../arm-none-eabi/lib/thumb/v7-m\libc_nano.a(lib_a-exit.o) (_global_impure_ptr)
c:/st/stm32cubeide_1.5.1/stm32cubeide/plugins/com.st.stm32cube.ide.mcu.externaltools.gnu-tools-for-stm32.7-2018-q2-update.win32_1.5.0.202011040924/tools/bin/../lib/gcc/arm-none-eabi/7.3.1/../../../../arm-none-eabi/lib/thumb/v7-m\libc_nano.a(lib_a-init.o)
                              c:/st/stm32cubeide_1.5.1/stm32cubeide/plugins/com.st.stm32cube.ide.mcu.externaltools.gnu-tools-for-stm32.7-2018-q2-update.win32_1.5.0.202011040924/tools/bin/../lib/gcc/arm-none-eabi/7.3.1/../../../../arm-none-eabi/lib/thumb/v7-m/crt0.o (__libc_init_array)
c:/st/stm32cubeide_1.5.1/stm32cubeide/plugins/com.st.stm32cube.ide.mcu.externaltools.gnu-tools-for-stm32.7-2018-q2-update.win32_1.5.0.202011040924/tools/bin/../lib/gcc/arm-none-eabi/7.3.1/../../../../arm-none-eabi/lib/thumb/v7-m\libc_nano.a(lib_a-memset.o)
                              c:/st/stm32cubeide_1.5.1/stm32cubeide/plugins/com.st.stm32cube.ide.mcu.externaltools.gnu-tools-for-stm32.7-2018-q2-update.win32_1.5.0.202011040924/tools/bin/../lib/gcc/arm-none-eabi/7.3.1/../../../../arm-none-eabi/lib/thumb/v7-m/crt0.o (memset)
c:/st/stm32cubeide_1.5.1/stm32cubeide/plugins/com.st.stm32cube.ide.mcu.externaltools.gnu-tools-for-stm32.7-2018-q2-update.win32_1.5.0.202011040924/tools/bin/../lib/gcc/arm-none-eabi/7.3.1/../../../../arm-none-eabi/lib/thumb/v7-m\libm.a(lib_a-sf_sin.o)
                              My/Main/main.o (sinf)
c:/st/stm32cubeide_1.5.1/stm32cubeide/plugins/com.st.stm32cube.ide.mcu.externaltools.gnu-tools-for-stm32.7-2018-q2-update.win32_1.5.0.202011040924/tools/bin/../lib/gcc/arm-none-eabi/7.3.1/../../../../arm-none-eabi/lib/thumb/v7-m\libm.a(lib_a-ef_rem_pio2.o)
                              c:/st/stm32cubeide_1.5.1/stm32cubeide/plugins/com.st.stm32cube.ide.mcu.externaltools.gnu-tools-for-stm32.7-2018-q2-update.win32_1.5.0.202011040924/tools/bin/../lib/gcc/arm-none-eabi/7.3.1/../../../../arm-none-eabi/lib/thumb/v7-m\libm.a(lib_a-sf_sin.o) (__ieee754_rem_pio2f)
c:/st/stm32cubeide_1.5.1/stm32cubeide/plugins/com.st.stm32cube.ide.mcu.externaltools.gnu-tools-for-stm32.7-2018-q2-update.win32_1.5.0.202011040924/tools/bin/../lib/gcc/arm-none-eabi/7.3.1/../../../../arm-none-eabi/lib/thumb/v7-m\libm.a(lib_a-kf_cos.o)
                              c:/st/stm32cubeide_1.5.1/stm32cubeide/plugins/com.st.stm32cube.ide.mcu.externaltools.gnu-tools-for-stm32.7-2018-q2-update.win32_1.5.0.202011040924/tools/bin/../lib/gcc/arm-none-eabi/7.3.1/../../../../arm-none-eabi/lib/thumb/v7-m\libm.a(lib_a-sf_sin.o) (__kernel_cosf)
c:/st/stm32cubeide_1.5.1/stm32cubeide/plugins/com.st.stm32cube.ide.mcu.externaltools.gnu-tools-for-stm32.7-2018-q2-update.win32_1.5.0.202011040924/tools/bin/../lib/gcc/arm-none-eabi/7.3.1/../../../../arm-none-eabi/lib/thumb/v7-m\libm.a(lib_a-kf_rem_pio2.o)
                              c:/st/stm32cubeide_1.5.1/stm32cubeide/plugins/com.st.stm32cube.ide.mcu.externaltools.gnu-tools-for-stm32.7-2018-q2-update.win32_1.5.0.202011040924/tools/bin/../lib/gcc/arm-none-eabi/7.3.1/../../../../arm-none-eabi/lib/thumb/v7-m\libm.a(lib_a-ef_rem_pio2.o) (__kernel_rem_pio2f)
c:/st/stm32cubeide_1.5.1/stm32cubeide/plugins/com.st.stm32cube.ide.mcu.externaltools.gnu-tools-for-stm32.7-2018-q2-update.win32_1.5.0.202011040924/tools/bin/../lib/gcc/arm-none-eabi/7.3.1/../../../../arm-none-eabi/lib/thumb/v7-m\libm.a(lib_a-kf_sin.o)
                              c:/st/stm32cubeide_1.5.1/stm32cubeide/plugins/com.st.stm32cube.ide.mcu.externaltools.gnu-tools-for-stm32.7-2018-q2-update.win32_1.5.0.202011040924/tools/bin/../lib/gcc/arm-none-eabi/7.3.1/../../../../arm-none-eabi/lib/thumb/v7-m\libm.a(lib_a-sf_sin.o) (__kernel_sinf)
[...]
Memory Configuration

Name             Origin             Length             Attributes
RAM              0x0000000020000000 0x0000000000005000 xrw
FLASH            0x0000000008000000 0x0000000000010000 xr
*default*        0x0000000000000000 0xffffffffffffffff

Linker script and memory map

LOAD c:/st/stm32cubeide_1.5.1/stm32cubeide/plugins/com.st.stm32cube.ide.mcu.externaltools.gnu-tools-for-stm32.7-2018-q2-update.win32_1.5.0.202011040924/tools/bin/../lib/gcc/arm-none-eabi/7.3.1/thumb/v7-m/crti.o
LOAD c:/st/stm32cubeide_1.5.1/stm32cubeide/plugins/com.st.stm32cube.ide.mcu.externaltools.gnu-tools-for-stm32.7-2018-q2-update.win32_1.5.0.202011040924/tools/bin/../lib/gcc/arm-none-eabi/7.3.1/thumb/v7-m/crtbegin.o
LOAD c:/st/stm32cubeide_1.5.1/stm32cubeide/plugins/com.st.stm32cube.ide.mcu.externaltools.gnu-tools-for-stm32.7-2018-q2-update.win32_1.5.0.202011040924/tools/bin/../lib/gcc/arm-none-eabi/7.3.1/../../../../arm-none-eabi/lib/thumb/v7-m/crt0.o
LOAD My/Application/AHT10.o
LOAD My/Application/Ascii_Tab_12864.o
LOAD My/Application/Blink.o
LOAD My/Application/DS18B20.o
LOAD My/Application/DS2782.o
LOAD My/Application/Delay.o
LOAD My/Application/Filters.o
LOAD My/Application/LcdGraphic.o
LOAD My/Application/Lcd_TIC32.o
LOAD My/Application/Lcd_i2c_1602.o
LOAD My/CMSIS/src/system_stm32f1xx.o
LOAD My/Drivers/dma_ST.o
LOAD My/Drivers/gpio_ST.o
LOAD My/Drivers/i2c_ST.o
LOAD My/Drivers/spi_ST.o
LOAD My/Drivers/sys_ST.o
LOAD My/Drivers/sys_tick_ST.o
LOAD My/Drivers/timers_ST.o
LOAD My/Main/main.o
LOAD My/MiddleLevel/Encoder.o
LOAD My/MiddleLevel/LM6063D.o
LOAD My/OLED/fonts.o
LOAD My/OLED/ssd1306.o
LOAD My/Sheduler/Scheduler.o
LOAD Startup/startup_stm32f103c8tx.o
START GROUP
LOAD c:/st/stm32cubeide_1.5.1/stm32cubeide/plugins/com.st.stm32cube.ide.mcu.externaltools.gnu-tools-for-stm32.7-2018-q2-update.win32_1.5.0.202011040924/tools/bin/../lib/gcc/arm-none-eabi/7.3.1/../../../../arm-none-eabi/lib/thumb/v7-m\libc_nano.a
LOAD c:/st/stm32cubeide_1.5.1/stm32cubeide/plugins/com.st.stm32cube.ide.mcu.externaltools.gnu-tools-for-stm32.7-2018-q2-update.win32_1.5.0.202011040924/tools/bin/../lib/gcc/arm-none-eabi/7.3.1/../../../../arm-none-eabi/lib/thumb/v7-m\libm.a
END GROUP
START GROUP
LOAD c:/st/stm32cubeide_1.5.1/stm32cubeide/plugins/com.st.stm32cube.ide.mcu.externaltools.gnu-tools-for-stm32.7-2018-q2-update.win32_1.5.0.202011040924/tools/bin/../lib/gcc/arm-none-eabi/7.3.1/thumb/v7-m\libgcc.a
LOAD c:/st/stm32cubeide_1.5.1/stm32cubeide/plugins/com.st.stm32cube.ide.mcu.externaltools.gnu-tools-for-stm32.7-2018-q2-update.win32_1.5.0.202011040924/tools/bin/../lib/gcc/arm-none-eabi/7.3.1/../../../../arm-none-eabi/lib/thumb/v7-m\libc_nano.a
END GROUP
START GROUP
LOAD c:/st/stm32cubeide_1.5.1/stm32cubeide/plugins/com.st.stm32cube.ide.mcu.externaltools.gnu-tools-for-stm32.7-2018-q2-update.win32_1.5.0.202011040924/tools/bin/../lib/gcc/arm-none-eabi/7.3.1/thumb/v7-m\libgcc.a
LOAD c:/st/stm32cubeide_1.5.1/stm32cubeide/plugins/com.st.stm32cube.ide.mcu.externaltools.gnu-tools-for-stm32.7-2018-q2-update.win32_1.5.0.202011040924/tools/bin/../lib/gcc/arm-none-eabi/7.3.1/../../../../arm-none-eabi/lib/thumb/v7-m\libc_nano.a
LOAD c:/st/stm32cubeide_1.5.1/stm32cubeide/plugins/com.st.stm32cube.ide.mcu.externaltools.gnu-tools-for-stm32.7-2018-q2-update.win32_1.5.0.202011040924/tools/bin/../lib/gcc/arm-none-eabi/7.3.1/../../../../arm-none-eabi/lib/thumb/v7-m\libnosys.a
END GROUP
START GROUP
LOAD c:/st/stm32cubeide_1.5.1/stm32cubeide/plugins/com.st.stm32cube.ide.mcu.externaltools.gnu-tools-for-stm32.7-2018-q2-update.win32_1.5.0.202011040924/tools/bin/../lib/gcc/arm-none-eabi/7.3.1/thumb/v7-m\libgcc.a
LOAD c:/st/stm32cubeide_1.5.1/stm32cubeide/plugins/com.st.stm32cube.ide.mcu.externaltools.gnu-tools-for-stm32.7-2018-q2-update.win32_1.5.0.202011040924/tools/bin/../lib/gcc/arm-none-eabi/7.3.1/../../../../arm-none-eabi/lib/thumb/v7-m\libc_nano.a
LOAD c:/st/stm32cubeide_1.5.1/stm32cubeide/plugins/com.st.stm32cube.ide.mcu.externaltools.gnu-tools-for-stm32.7-2018-q2-update.win32_1.5.0.202011040924/tools/bin/../lib/gcc/arm-none-eabi/7.3.1/../../../../arm-none-eabi/lib/thumb/v7-m\libnosys.a
END GROUP
LOAD c:/st/stm32cubeide_1.5.1/stm32cubeide/plugins/com.st.stm32cube.ide.mcu.externaltools.gnu-tools-for-stm32.7-2018-q2-update.win32_1.5.0.202011040924/tools/bin/../lib/gcc/arm-none-eabi/7.3.1/thumb/v7-m/crtend.o
LOAD c:/st/stm32cubeide_1.5.1/stm32cubeide/plugins/com.st.stm32cube.ide.mcu.externaltools.gnu-tools-for-stm32.7-2018-q2-update.win32_1.5.0.202011040924/tools/bin/../lib/gcc/arm-none-eabi/7.3.1/thumb/v7-m/crtn.o
                0x0000000020005000                _estack = (ORIGIN (RAM) + LENGTH (RAM))
                0x0000000000000000                _Min_Heap_Size = 0x0
                0x0000000000000200                _Min_Stack_Size = 0x200

.isr_vector     0x0000000008000000      0x130
                0x0000000008000000                . = ALIGN (0x4)
 *(.isr_vector)
 .isr_vector    0x0000000008000000      0x130 Startup/startup_stm32f103c8tx.o
                0x0000000008000000                g_pfnVectors
                0x0000000008000130                . = ALIGN (0x4)

.text           0x0000000008000130     0x1d9c
                0x0000000008000130                . = ALIGN (0x4)
 *(.text)
 .text          0x0000000008000130       0x40 c:/st/stm32cubeide_1.5.1/stm32cubeide/plugins/com.st.stm32cube.ide.mcu.externaltools.gnu-tools-for-stm32.7-2018-q2-update.win32_1.5.0.202011040924/tools/bin/../lib/gcc/arm-none-eabi/7.3.1/thumb/v7-m/crtbegin.o
 .text          0x0000000008000170      0x21c c:/st/stm32cubeide_1.5.1/stm32cubeide/plugins/com.st.stm32cube.ide.mcu.externaltools.gnu-tools-for-stm32.7-2018-q2-update.win32_1.5.0.202011040924/tools/bin/../lib/gcc/arm-none-eabi/7.3.1/thumb/v7-m\libgcc.a(_arm_addsubsf3.o)
                0x0000000008000170                __aeabi_frsub
                0x0000000008000178                __subsf3
                0x0000000008000178                __aeabi_fsub
                0x000000000800017c                __aeabi_fadd
                0x000000000800017c                __addsf3
                0x00000000080002dc                __aeabi_ui2f
                0x00000000080002dc                __floatunsisf
                0x00000000080002e4                __aeabi_i2f
                0x00000000080002e4                __floatsisf
                0x0000000008000300                __aeabi_ul2f
                0x0000000008000300                __floatundisf
                0x0000000008000310                __aeabi_l2f
                0x0000000008000310                __floatdisf
 .text          0x000000000800038c      0x2a0 c:/st/stm32cubeide_1.5.1/stm32cubeide/plugins/com.st.stm32cube.ide.mcu.externaltools.gnu-tools-for-stm32.7-2018-q2-update.win32_1.5.0.202011040924/tools/bin/../lib/gcc/arm-none-eabi/7.3.1/thumb/v7-m\libgcc.a(_arm_muldivsf3.o)
                0x000000000800038c                __mulsf3
                0x000000000800038c                __aeabi_fmul
                0x00000000080004f4                __aeabi_fdiv
                0x00000000080004f4                __divsf3
 .text          0x000000000800062c       0xec c:/st/stm32cubeide_1.5.1/stm32cubeide/plugins/com.st.stm32cube.ide.mcu.externaltools.gnu-tools-for-stm32.7-2018-q2-update.win32_1.5.0.202011040924/tools/bin/../lib/gcc/arm-none-eabi/7.3.1/thumb/v7-m\libgcc.a(_arm_cmpsf2.o)
                0x000000000800062c                __gesf2
                0x000000000800062c                __gtsf2
                0x0000000008000634                __lesf2
                0x0000000008000634                __ltsf2
                0x000000000800063c                __nesf2
                0x000000000800063c                __eqsf2
                0x000000000800063c                __cmpsf2
                0x000000000800069c                __aeabi_cfrcmple
                0x00000000080006a4                __aeabi_cfcmpeq
                0x00000000080006a4                __aeabi_cfcmple
                0x00000000080006b4                __aeabi_fcmpeq
                0x00000000080006c8                __aeabi_fcmplt
                0x00000000080006dc                __aeabi_fcmple
                0x00000000080006f0                __aeabi_fcmpge
                0x0000000008000704                __aeabi_fcmpgt
 .text          0x0000000008000718       0x4c c:/st/stm32cubeide_1.5.1/stm32cubeide/plugins/com.st.stm32cube.ide.mcu.externaltools.gnu-tools-for-stm32.7-2018-q2-update.win32_1.5.0.202011040924/tools/bin/../lib/gcc/arm-none-eabi/7.3.1/thumb/v7-m\libgcc.a(_arm_fixsfsi.o)
                0x0000000008000718                __aeabi_f2iz
                0x0000000008000718                __fixsfsi
 .text          0x0000000008000764       0x40 c:/st/stm32cubeide_1.5.1/stm32cubeide/plugins/com.st.stm32cube.ide.mcu.externaltools.gnu-tools-for-stm32.7-2018-q2-update.win32_1.5.0.202011040924/tools/bin/../lib/gcc/arm-none-eabi/7.3.1/thumb/v7-m\libgcc.a(_arm_fixunssfsi.o)
                0x0000000008000764                __fixunssfsi
                0x0000000008000764                __aeabi_f2uiz
 *(.text*)
 .text.Blink_Loop
                0x00000000080007a4      0x18c My/Application/Blink.o
                0x00000000080007a4                Blink_Loop
 .text.Blink    0x0000000008000930       0x38 My/Application/Blink.o
                0x0000000008000930                Blink
 .text.msDelay_Loop
                0x0000000008000968       0x1c My/Application/Delay.o
                0x0000000008000968                msDelay_Loop
 .text.msDelay  0x0000000008000984       0x34 My/Application/Delay.o
                0x0000000008000984                msDelay
 .text.SystemInit
                0x00000000080009b8       0x68 My/CMSIS/src/system_stm32f1xx.o
                0x00000000080009b8                SystemInit
 .text.Gpio_Init
                0x0000000008000a20       0x6c My/Drivers/gpio_ST.o
                0x0000000008000a20                Gpio_Init
 .text.I2C_Int_Handler
                0x0000000008000a8c       0xcc My/Drivers/i2c_ST.o
 .text.I2C1_EV_IRQHandler
                0x0000000008000b58        0xc My/Drivers/i2c_ST.o
                0x0000000008000b58                I2C1_EV_IRQHandler
 .text.I2C2_EV_IRQHandler
                0x0000000008000b64       0x1c My/Drivers/i2c_ST.o
                0x0000000008000b64                I2C2_EV_IRQHandler
 .text.SPI2_IRQHandler
                0x0000000008000b80       0x38 My/Drivers/spi_ST.o
                0x0000000008000b80                SPI2_IRQHandler
 .text.Init_RCC
                0x0000000008000bb8      0x100 My/Drivers/sys_ST.o
 .text.Sys_Init
                0x0000000008000cb8       0x5c My/Drivers/sys_ST.o
                0x0000000008000cb8                Sys_Init
 .text.NMI_Handler
                0x0000000008000d14        0xc My/Drivers/sys_ST.o
                0x0000000008000d14                NMI_Handler
 .text.HardFault_Handler
                0x0000000008000d20        0xc My/Drivers/sys_ST.o
                0x0000000008000d20                HardFault_Handler
 .text.MemManage_Handler
                0x0000000008000d2c        0xc My/Drivers/sys_ST.o
                0x0000000008000d2c                MemManage_Handler
 .text.BusFault_Handler
                0x0000000008000d38        0xc My/Drivers/sys_ST.o
                0x0000000008000d38                BusFault_Handler
 .text.UsageFault_Handler
                0x0000000008000d44        0xc My/Drivers/sys_ST.o
                0x0000000008000d44                UsageFault_Handler
 .text.SVC_Handler
                0x0000000008000d50        0xc My/Drivers/sys_ST.o
                0x0000000008000d50                SVC_Handler
 .text.SysTick_Init
                0x0000000008000d5c       0x28 My/Drivers/sys_tick_ST.o
                0x0000000008000d5c                SysTick_Init
 .text.__NVIC_EnableIRQ
                0x0000000008000d84       0x38 My/Drivers/timers_ST.o
 .text.__NVIC_SetPriority
                0x0000000008000dbc       0x54 My/Drivers/timers_ST.o
 .text.TIM1_InitForPWM
                0x0000000008000e10       0xd0 My/Drivers/timers_ST.o
                0x0000000008000e10                TIM1_InitForPWM
 .text.TIM4_Init
                0x0000000008000ee0       0x4c My/Drivers/timers_ST.o
                0x0000000008000ee0                TIM4_Init
 .text.Led_Blink
                0x0000000008000f2c       0x2c My/Main/main.o
                0x0000000008000f2c                Led_Blink
 .text.FillSinTable
                0x0000000008000f58       0x74 My/Main/main.o
                0x0000000008000f58                FillSinTable
 .text.main     0x0000000008000fcc       0x2c My/Main/main.o
                0x0000000008000fcc                main
 .text.SysTick_Handler
                0x0000000008000ff8       0x1a My/Main/main.o
                0x0000000008000ff8                SysTick_Handler
 *fill*         0x0000000008001012        0x2 
 .text.TIM4_IRQHandler
                0x0000000008001014       0xe0 My/Main/main.o
                0x0000000008001014                TIM4_IRQHandler
 .text.Encoder_Turn
                0x00000000080010f4       0x78 My/MiddleLevel/Encoder.o
 .text.Encoder_Loop
                0x000000000800116c      0x128 My/MiddleLevel/Encoder.o
 .text.Encoder  0x0000000008001294       0x14 My/MiddleLevel/Encoder.o
                0x0000000008001294                Encoder
 .text.Reset_Handler
                0x00000000080012a8       0x50 Startup/startup_stm32f103c8tx.o
                0x00000000080012a8                Reset_Handler
 .text.Default_Handler
                0x00000000080012f8        0x2 Startup/startup_stm32f103c8tx.o
                0x00000000080012f8                EXTI2_IRQHandler
                0x00000000080012f8                TIM8_TRG_COM_IRQHandler
                0x00000000080012f8                TIM8_CC_IRQHandler
                0x00000000080012f8                DebugMon_Handler
                0x00000000080012f8                TIM1_CC_IRQHandler
                0x00000000080012f8                TIM6_IRQHandler
                0x00000000080012f8                PVD_IRQHandler
                0x00000000080012f8                SDIO_IRQHandler
                0x00000000080012f8                PendSV_Handler
                0x00000000080012f8                EXTI3_IRQHandler
                0x00000000080012f8                USB_HP_CAN_TX_IRQHandler
                0x00000000080012f8                EXTI0_IRQHandler
                0x00000000080012f8                ADC1_2_IRQHandler
                0x00000000080012f8                SPI1_IRQHandler
                0x00000000080012f8                CAN_SCE_IRQHandler
                0x00000000080012f8                TAMPER_IRQHandler
                0x00000000080012f8                TIM8_UP_IRQHandler
                0x00000000080012f8                DMA2_Channel2_IRQHandler
                0x00000000080012f8                DMA1_Channel4_IRQHandler
                0x00000000080012f8                USART3_IRQHandler
                0x00000000080012f8                RTC_IRQHandler
                0x00000000080012f8                DMA1_Channel7_IRQHandler
                0x00000000080012f8                UART5_IRQHandler
                0x00000000080012f8                ADC3_IRQHandler
                0x00000000080012f8                CAN_RX1_IRQHandler
                0x00000000080012f8                DMA2_Channel1_IRQHandler
                0x00000000080012f8                DMA1_Channel6_IRQHandler
                0x00000000080012f8                UART4_IRQHandler
                0x00000000080012f8                TIM3_IRQHandler
                0x00000000080012f8                RCC_IRQHandler
                0x00000000080012f8                TIM1_TRG_COM_IRQHandler
                0x00000000080012f8                DMA1_Channel1_IRQHandler
                0x00000000080012f8                Default_Handler
                0x00000000080012f8                EXTI15_10_IRQHandler
                0x00000000080012f8                TIM7_IRQHandler
                0x00000000080012f8                TIM5_IRQHandler
                0x00000000080012f8                EXTI9_5_IRQHandler
                0x00000000080012f8                USB_LP_CAN_RX0_IRQHandler
                0x00000000080012f8                DMA1_Channel5_IRQHandler
                0x00000000080012f8                EXTI4_IRQHandler
                0x00000000080012f8                DMA1_Channel3_IRQHandler
                0x00000000080012f8                FSMC_IRQHandler
                0x00000000080012f8                TIM1_UP_IRQHandler
                0x00000000080012f8                WWDG_IRQHandler
                0x00000000080012f8                TIM2_IRQHandler
                0x00000000080012f8                TIM1_BRK_IRQHandler
                0x00000000080012f8                EXTI1_IRQHandler
                0x00000000080012f8                RTCAlarm_IRQHandler
                0x00000000080012f8                DMA2_Channel4_5_IRQHandler
                0x00000000080012f8                USART2_IRQHandler
                0x00000000080012f8                I2C2_ER_IRQHandler
                0x00000000080012f8                DMA1_Channel2_IRQHandler
                0x00000000080012f8                TIM8_BRK_IRQHandler
                0x00000000080012f8                FLASH_IRQHandler
                0x00000000080012f8                USART1_IRQHandler
                0x00000000080012f8                SPI3_IRQHandler
                0x00000000080012f8                I2C1_ER_IRQHandler
                0x00000000080012f8                DMA2_Channel3_IRQHandler
 *fill*         0x00000000080012fa        0x2 
 .text.__libc_init_array
                0x00000000080012fc       0x48 c:/st/stm32cubeide_1.5.1/stm32cubeide/plugins/com.st.stm32cube.ide.mcu.externaltools.gnu-tools-for-stm32.7-2018-q2-update.win32_1.5.0.202011040924/tools/bin/../lib/gcc/arm-none-eabi/7.3.1/../../../../arm-none-eabi/lib/thumb/v7-m\libc_nano.a(lib_a-init.o)
                0x00000000080012fc                __libc_init_array
 .text.sinf     0x0000000008001344       0x6c c:/st/stm32cubeide_1.5.1/stm32cubeide/plugins/com.st.stm32cube.ide.mcu.externaltools.gnu-tools-for-stm32.7-2018-q2-update.win32_1.5.0.202011040924/tools/bin/../lib/gcc/arm-none-eabi/7.3.1/../../../../arm-none-eabi/lib/thumb/v7-m\libm.a(lib_a-sf_sin.o)
                0x0000000008001344                sinf
 .text.__ieee754_rem_pio2f
                0x00000000080013b0      0x2b0 c:/st/stm32cubeide_1.5.1/stm32cubeide/plugins/com.st.stm32cube.ide.mcu.externaltools.gnu-tools-for-stm32.7-2018-q2-update.win32_1.5.0.202011040924/tools/bin/../lib/gcc/arm-none-eabi/7.3.1/../../../../arm-none-eabi/lib/thumb/v7-m\libm.a(lib_a-ef_rem_pio2.o)
                0x00000000080013b0                __ieee754_rem_pio2f
 .text.__kernel_cosf
                0x0000000008001660      0x100 c:/st/stm32cubeide_1.5.1/stm32cubeide/plugins/com.st.stm32cube.ide.mcu.externaltools.gnu-tools-for-stm32.7-2018-q2-update.win32_1.5.0.202011040924/tools/bin/../lib/gcc/arm-none-eabi/7.3.1/../../../../arm-none-eabi/lib/thumb/v7-m\libm.a(lib_a-kf_cos.o)
                0x0000000008001660                __kernel_cosf
 .text.__kernel_rem_pio2f
                0x0000000008001760      0x53c c:/st/stm32cubeide_1.5.1/stm32cubeide/plugins/com.st.stm32cube.ide.mcu.externaltools.gnu-tools-for-stm32.7-2018-q2-update.win32_1.5.0.202011040924/tools/bin/../lib/gcc/arm-none-eabi/7.3.1/../../../../arm-none-eabi/lib/thumb/v7-m\libm.a(lib_a-kf_rem_pio2.o)
                0x0000000008001760                __kernel_rem_pio2f
 .text.__kernel_sinf
                0x0000000008001c9c       0xec c:/st/stm32cubeide_1.5.1/stm32cubeide/plugins/com.st.stm32cube.ide.mcu.externaltools.gnu-tools-for-stm32.7-2018-q2-update.win32_1.5.0.202011040924/tools/bin/../lib/gcc/arm-none-eabi/7.3.1/../../../../arm-none-eabi/lib/thumb/v7-m\libm.a(lib_a-kf_sin.o)
                0x0000000008001c9c                __kernel_sinf
 .text.fabsf    0x0000000008001d88        0x6 c:/st/stm32cubeide_1.5.1/stm32cubeide/plugins/com.st.stm32cube.ide.mcu.externaltools.gnu-tools-for-stm32.7-2018-q2-update.win32_1.5.0.202011040924/tools/bin/../lib/gcc/arm-none-eabi/7.3.1/../../../../arm-none-eabi/lib/thumb/v7-m\libm.a(lib_a-sf_fabs.o)
                0x0000000008001d88                fabsf
 *fill*         0x0000000008001d8e        0x2 
 .text.floorf   0x0000000008001d90       0x80 c:/st/stm32cubeide_1.5.1/stm32cubeide/plugins/com.st.stm32cube.ide.mcu.externaltools.gnu-tools-for-stm32.7-2018-q2-update.win32_1.5.0.202011040924/tools/bin/../lib/gcc/arm-none-eabi/7.3.1/../../../../arm-none-eabi/lib/thumb/v7-m\libm.a(lib_a-sf_floor.o)
                0x0000000008001d90                floorf
 .text.scalbnf  0x0000000008001e10       0x98 c:/st/stm32cubeide_1.5.1/stm32cubeide/plugins/com.st.stm32cube.ide.mcu.externaltools.gnu-tools-for-stm32.7-2018-q2-update.win32_1.5.0.202011040924/tools/bin/../lib/gcc/arm-none-eabi/7.3.1/../../../../arm-none-eabi/lib/thumb/v7-m\libm.a(lib_a-sf_scalbn.o)
                0x0000000008001e10                scalbnf
 .text.copysignf
                0x0000000008001ea8        0xc c:/st/stm32cubeide_1.5.1/stm32cubeide/plugins/com.st.stm32cube.ide.mcu.externaltools.gnu-tools-for-stm32.7-2018-q2-update.win32_1.5.0.202011040924/tools/bin/../lib/gcc/arm-none-eabi/7.3.1/../../../../arm-none-eabi/lib/thumb/v7-m\libm.a(lib_a-sf_copysign.o)
                0x0000000008001ea8                copysignf
 *(.glue_7)
 .glue_7        0x0000000008001eb4        0x0 linker stubs
 *(.glue_7t)
 .glue_7t       0x0000000008001eb4        0x0 linker stubs
 *(.eh_frame)
 .eh_frame      0x0000000008001eb4        0x0 c:/st/stm32cubeide_1.5.1/stm32cubeide/plugins/com.st.stm32cube.ide.mcu.externaltools.gnu-tools-for-stm32.7-2018-q2-update.win32_1.5.0.202011040924/tools/bin/../lib/gcc/arm-none-eabi/7.3.1/thumb/v7-m/crtbegin.o
 *(.init)
 .init          0x0000000008001eb4        0x4 c:/st/stm32cubeide_1.5.1/stm32cubeide/plugins/com.st.stm32cube.ide.mcu.externaltools.gnu-tools-for-stm32.7-2018-q2-update.win32_1.5.0.202011040924/tools/bin/../lib/gcc/arm-none-eabi/7.3.1/thumb/v7-m/crti.o
                0x0000000008001eb4                _init
 .init          0x0000000008001eb8        0x8 c:/st/stm32cubeide_1.5.1/stm32cubeide/plugins/com.st.stm32cube.ide.mcu.externaltools.gnu-tools-for-stm32.7-2018-q2-update.win32_1.5.0.202011040924/tools/bin/../lib/gcc/arm-none-eabi/7.3.1/thumb/v7-m/crtn.o
 *(.fini)
 .fini          0x0000000008001ec0        0x4 c:/st/stm32cubeide_1.5.1/stm32cubeide/plugins/com.st.stm32cube.ide.mcu.externaltools.gnu-tools-for-stm32.7-2018-q2-update.win32_1.5.0.202011040924/tools/bin/../lib/gcc/arm-none-eabi/7.3.1/thumb/v7-m/crti.o
                0x0000000008001ec0                _fini
 .fini          0x0000000008001ec4        0x8 c:/st/stm32cubeide_1.5.1/stm32cubeide/plugins/com.st.stm32cube.ide.mcu.externaltools.gnu-tools-for-stm32.7-2018-q2-update.win32_1.5.0.202011040924/tools/bin/../lib/gcc/arm-none-eabi/7.3.1/thumb/v7-m/crtn.o
                0x0000000008001ecc                . = ALIGN (0x4)
                0x0000000008001ecc                _etext = .

.vfp11_veneer   0x0000000008001ecc        0x0
 .vfp11_veneer  0x0000000008001ecc        0x0 linker stubs

.v4_bx          0x0000000008001ecc        0x0
 .v4_bx         0x0000000008001ecc        0x0 linker stubs

.iplt           0x0000000008001ecc        0x0
 .iplt          0x0000000008001ecc        0x0 c:/st/stm32cubeide_1.5.1/stm32cubeide/plugins/com.st.stm32cube.ide.mcu.externaltools.gnu-tools-for-stm32.7-2018-q2-update.win32_1.5.0.202011040924/tools/bin/../lib/gcc/arm-none-eabi/7.3.1/thumb/v7-m/crtbegin.o

.rodata         0x0000000008001ecc      0x3d0
                0x0000000008001ecc                . = ALIGN (0x4)
 *(.rodata)
 *(.rodata*)
 .rodata.npio2_hw
                0x0000000008001ecc       0x80 c:/st/stm32cubeide_1.5.1/stm32cubeide/plugins/com.st.stm32cube.ide.mcu.externaltools.gnu-tools-for-stm32.7-2018-q2-update.win32_1.5.0.202011040924/tools/bin/../lib/gcc/arm-none-eabi/7.3.1/../../../../arm-none-eabi/lib/thumb/v7-m\libm.a(lib_a-ef_rem_pio2.o)
 .rodata.two_over_pi
                0x0000000008001f4c      0x318 c:/st/stm32cubeide_1.5.1/stm32cubeide/plugins/com.st.stm32cube.ide.mcu.externaltools.gnu-tools-for-stm32.7-2018-q2-update.win32_1.5.0.202011040924/tools/bin/../lib/gcc/arm-none-eabi/7.3.1/../../../../arm-none-eabi/lib/thumb/v7-m\libm.a(lib_a-ef_rem_pio2.o)
 .rodata.PIo2   0x0000000008002264       0x2c c:/st/stm32cubeide_1.5.1/stm32cubeide/plugins/com.st.stm32cube.ide.mcu.externaltools.gnu-tools-for-stm32.7-2018-q2-update.win32_1.5.0.202011040924/tools/bin/../lib/gcc/arm-none-eabi/7.3.1/../../../../arm-none-eabi/lib/thumb/v7-m\libm.a(lib_a-kf_rem_pio2.o)
 .rodata.init_jk
                0x0000000008002290        0xc c:/st/stm32cubeide_1.5.1/stm32cubeide/plugins/com.st.stm32cube.ide.mcu.externaltools.gnu-tools-for-stm32.7-2018-q2-update.win32_1.5.0.202011040924/tools/bin/../lib/gcc/arm-none-eabi/7.3.1/../../../../arm-none-eabi/lib/thumb/v7-m\libm.a(lib_a-kf_rem_pio2.o)
                0x000000000800229c                . = ALIGN (0x4)

.rel.dyn        0x000000000800229c        0x0
 .rel.iplt      0x000000000800229c        0x0 c:/st/stm32cubeide_1.5.1/stm32cubeide/plugins/com.st.stm32cube.ide.mcu.externaltools.gnu-tools-for-stm32.7-2018-q2-update.win32_1.5.0.202011040924/tools/bin/../lib/gcc/arm-none-eabi/7.3.1/thumb/v7-m/crtbegin.o

.ARM.extab      0x000000000800229c        0x0
                0x000000000800229c                . = ALIGN (0x4)
 *(.ARM.extab* .gnu.linkonce.armextab.*)
                0x000000000800229c                . = ALIGN (0x4)

.ARM            0x000000000800229c        0x0
                0x000000000800229c                . = ALIGN (0x4)
                0x000000000800229c                __exidx_start = .
 *(.ARM.exidx*)
                0x000000000800229c                __exidx_end = .
                0x000000000800229c                . = ALIGN (0x4)

.preinit_array  0x000000000800229c        0x0
                0x000000000800229c                . = ALIGN (0x4)
                0x000000000800229c                PROVIDE (__preinit_array_start = .)
 *(.preinit_array*)
                0x000000000800229c                PROVIDE (__preinit_array_end = .)
                0x000000000800229c                . = ALIGN (0x4)

.init_array     0x000000000800229c        0x4
                0x000000000800229c                . = ALIGN (0x4)
                0x000000000800229c                PROVIDE (__init_array_start = .)
 *(SORT_BY_NAME(.init_array.*))
 *(.init_array*)
 .init_array    0x000000000800229c        0x4 c:/st/stm32cubeide_1.5.1/stm32cubeide/plugins/com.st.stm32cube.ide.mcu.externaltools.gnu-tools-for-stm32.7-2018-q2-update.win32_1.5.0.202011040924/tools/bin/../lib/gcc/arm-none-eabi/7.3.1/thumb/v7-m/crtbegin.o
                0x00000000080022a0                PROVIDE (__init_array_end = .)
                0x00000000080022a0                . = ALIGN (0x4)

.fini_array     0x00000000080022a0        0x4
                0x00000000080022a0                . = ALIGN (0x4)
                [!provide]                        PROVIDE (__fini_array_start = .)
 *(SORT_BY_NAME(.fini_array.*))
 *(.fini_array*)
 .fini_array    0x00000000080022a0        0x4 c:/st/stm32cubeide_1.5.1/stm32cubeide/plugins/com.st.stm32cube.ide.mcu.externaltools.gnu-tools-for-stm32.7-2018-q2-update.win32_1.5.0.202011040924/tools/bin/../lib/gcc/arm-none-eabi/7.3.1/thumb/v7-m/crtbegin.o
                [!provide]                        PROVIDE (__fini_array_end = .)
                0x00000000080022a4                . = ALIGN (0x4)
                0x00000000080022a4                _sidata = LOADADDR (.data)

.data           0x0000000020000000        0xc load address 0x00000000080022a4
                0x0000000020000000                . = ALIGN (0x4)
                0x0000000020000000                _sdata = .
 *(.data)
 *(.data*)
 .data.EncoderStr
                0x0000000020000000        0xc My/MiddleLevel/Encoder.o
 *(.RamFunc)
 *(.RamFunc*)
                0x000000002000000c                . = ALIGN (0x4)
                0x000000002000000c                _edata = .

.igot.plt       0x000000002000000c        0x0 load address 0x00000000080022b0
 .igot.plt      0x000000002000000c        0x0 c:/st/stm32cubeide_1.5.1/stm32cubeide/plugins/com.st.stm32cube.ide.mcu.externaltools.gnu-tools-for-stm32.7-2018-q2-update.win32_1.5.0.202011040924/tools/bin/../lib/gcc/arm-none-eabi/7.3.1/thumb/v7-m/crtbegin.o
                0x000000002000000c                . = ALIGN (0x4)

.bss            0x000000002000000c      0xbf4 load address 0x00000000080022b0
                0x000000002000000c                _sbss = .
                0x000000002000000c                __bss_start__ = _sbss
 *(.bss)
 .bss           0x000000002000000c       0x1c c:/st/stm32cubeide_1.5.1/stm32cubeide/plugins/com.st.stm32cube.ide.mcu.externaltools.gnu-tools-for-stm32.7-2018-q2-update.win32_1.5.0.202011040924/tools/bin/../lib/gcc/arm-none-eabi/7.3.1/thumb/v7-m/crtbegin.o
 *(.bss*)
 .bss.BlinkReg  0x0000000020000028        0x2 My/Application/Blink.o
 .bss.blinkCount.6588
                0x000000002000002a        0x2 My/Application/Blink.o
 .bss.msCounter
                0x000000002000002c        0x4 My/Application/Delay.o
 .bss.I2C_TxCnt
                0x0000000020000030        0x2 My/Drivers/i2c_ST.o
 .bss.I2C_SlaveAddr
                0x0000000020000032        0x1 My/Drivers/i2c_ST.o
 *fill*         0x0000000020000033        0x1 
 .bss.I2C_pBuf  0x0000000020000034        0x4 My/Drivers/i2c_ST.o
 .bss.I2C_TxSize
                0x0000000020000038        0x1 My/Drivers/i2c_ST.o
 .bss.I2C_Mode  0x0000000020000039        0x1 My/Drivers/i2c_ST.o
 .bss.sinTableIndex
                0x000000002000003a        0x2 My/Main/main.o
 .bss.sin_arr   0x000000002000003c      0xbb8 My/Main/main.o
 .bss.EncoderStateReg
                0x0000000020000bf4        0x1 My/MiddleLevel/Encoder.o
 .bss.msCount.6605
                0x0000000020000bf5        0x1 My/MiddleLevel/Encoder.o
 .bss.cycle.6604
                0x0000000020000bf6        0x1 My/MiddleLevel/Encoder.o
 *fill*         0x0000000020000bf7        0x1 
 .bss.but.6606  0x0000000020000bf8        0x6 My/MiddleLevel/Encoder.o
 *(COMMON)
                0x0000000020000c00                . = ALIGN (0x4)
 *fill*         0x0000000020000bfe        0x2 
                0x0000000020000c00                _ebss = .
                0x0000000020000c00                __bss_end__ = _ebss

._user_heap_stack
                0x0000000020000c00      0x200 load address 0x00000000080022b0
                0x0000000020000c00                . = ALIGN (0x8)
                [!provide]                        PROVIDE (end = .)
                [!provide]                        PROVIDE (_end = .)
                0x0000000020000c00                . = (. + _Min_Heap_Size)
                0x0000000020000e00                . = (. + _Min_Stack_Size)
 *fill*         0x0000000020000c00      0x200 
                0x0000000020000e00                . = ALIGN (0x8)

/DISCARD/
 libc.a(*)
 libm.a(*)
 libgcc.a(*)

.ARM.attributes
                0x0000000000000000       0x29
 *(.ARM.attributes)
 .ARM.attributes
                0x0000000000000000       0x1d c:/st/stm32cubeide_1.5.1/stm32cubeide/plugins/com.st.stm32cube.ide.mcu.externaltools.gnu-tools-for-stm32.7-2018-q2-update.win32_1.5.0.202011040924/tools/bin/../lib/gcc/arm-none-eabi/7.3.1/thumb/v7-m/crti.o
 .ARM.attributes
                0x000000000000001d       0x2d c:/st/stm32cubeide_1.5.1/stm32cubeide/plugins/com.st.stm32cube.ide.mcu.externaltools.gnu-tools-for-stm32.7-2018-q2-update.win32_1.5.0.202011040924/tools/bin/../lib/gcc/arm-none-eabi/7.3.1/thumb/v7-m/crtbegin.o
 .ARM.attributes
                0x000000000000004a       0x33 My/Application/Blink.o
 .ARM.attributes
                0x000000000000007d       0x33 My/Application/Delay.o
 .ARM.attributes
                0x00000000000000b0       0x33 My/CMSIS/src/system_stm32f1xx.o
 .ARM.attributes
                0x00000000000000e3       0x33 My/Drivers/gpio_ST.o
 .ARM.attributes
                0x0000000000000116       0x33 My/Drivers/i2c_ST.o
 .ARM.attributes
                0x0000000000000149       0x33 My/Drivers/spi_ST.o
 .ARM.attributes
                0x000000000000017c       0x33 My/Drivers/sys_ST.o
 .ARM.attributes
                0x00000000000001af       0x33 My/Drivers/sys_tick_ST.o
 .ARM.attributes
                0x00000000000001e2       0x33 My/Drivers/timers_ST.o
 .ARM.attributes
                0x0000000000000215       0x33 My/Main/main.o
 .ARM.attributes
                0x0000000000000248       0x33 My/MiddleLevel/Encoder.o
 .ARM.attributes
                0x000000000000027b       0x21 Startup/startup_stm32f103c8tx.o
 .ARM.attributes
                0x000000000000029c       0x2d c:/st/stm32cubeide_1.5.1/stm32cubeide/plugins/com.st.stm32cube.ide.mcu.externaltools.gnu-tools-for-stm32.7-2018-q2-update.win32_1.5.0.202011040924/tools/bin/../lib/gcc/arm-none-eabi/7.3.1/../../../../arm-none-eabi/lib/thumb/v7-m\libc_nano.a(lib_a-init.o)
 .ARM.attributes
                0x00000000000002c9       0x2d c:/st/stm32cubeide_1.5.1/stm32cubeide/plugins/com.st.stm32cube.ide.mcu.externaltools.gnu-tools-for-stm32.7-2018-q2-update.win32_1.5.0.202011040924/tools/bin/../lib/gcc/arm-none-eabi/7.3.1/../../../../arm-none-eabi/lib/thumb/v7-m\libm.a(lib_a-sf_sin.o)
 .ARM.attributes
                0x00000000000002f6       0x2d c:/st/stm32cubeide_1.5.1/stm32cubeide/plugins/com.st.stm32cube.ide.mcu.externaltools.gnu-tools-for-stm32.7-2018-q2-update.win32_1.5.0.202011040924/tools/bin/../lib/gcc/arm-none-eabi/7.3.1/../../../../arm-none-eabi/lib/thumb/v7-m\libm.a(lib_a-ef_rem_pio2.o)
 .ARM.attributes
                0x0000000000000323       0x2d c:/st/stm32cubeide_1.5.1/stm32cubeide/plugins/com.st.stm32cube.ide.mcu.externaltools.gnu-tools-for-stm32.7-2018-q2-update.win32_1.5.0.202011040924/tools/bin/../lib/gcc/arm-none-eabi/7.3.1/../../../../arm-none-eabi/lib/thumb/v7-m\libm.a(lib_a-kf_cos.o)
 .ARM.attributes
                0x0000000000000350       0x2d c:/st/stm32cubeide_1.5.1/stm32cubeide/plugins/com.st.stm32cube.ide.mcu.externaltools.gnu-tools-for-stm32.7-2018-q2-update.win32_1.5.0.202011040924/tools/bin/../lib/gcc/arm-none-eabi/7.3.1/../../../../arm-none-eabi/lib/thumb/v7-m\libm.a(lib_a-kf_rem_pio2.o)
 .ARM.attributes
                0x000000000000037d       0x2d c:/st/stm32cubeide_1.5.1/stm32cubeide/plugins/com.st.stm32cube.ide.mcu.externaltools.gnu-tools-for-stm32.7-2018-q2-update.win32_1.5.0.202011040924/tools/bin/../lib/gcc/arm-none-eabi/7.3.1/../../../../arm-none-eabi/lib/thumb/v7-m\libm.a(lib_a-kf_sin.o)
 .ARM.attributes
                0x00000000000003aa       0x2d c:/st/stm32cubeide_1.5.1/stm32cubeide/plugins/com.st.stm32cube.ide.mcu.externaltools.gnu-tools-for-stm32.7-2018-q2-update.win32_1.5.0.202011040924/tools/bin/../lib/gcc/arm-none-eabi/7.3.1/../../../../arm-none-eabi/lib/thumb/v7-m\libm.a(lib_a-sf_fabs.o)
 .ARM.attributes
                0x00000000000003d7       0x2d c:/st/stm32cubeide_1.5.1/stm32cubeide/plugins/com.st.stm32cube.ide.mcu.externaltools.gnu-tools-for-stm32.7-2018-q2-update.win32_1.5.0.202011040924/tools/bin/../lib/gcc/arm-none-eabi/7.3.1/../../../../arm-none-eabi/lib/thumb/v7-m\libm.a(lib_a-sf_floor.o)
 .ARM.attributes
                0x0000000000000404       0x2d c:/st/stm32cubeide_1.5.1/stm32cubeide/plugins/com.st.stm32cube.ide.mcu.externaltools.gnu-tools-for-stm32.7-2018-q2-update.win32_1.5.0.202011040924/tools/bin/../lib/gcc/arm-none-eabi/7.3.1/../../../../arm-none-eabi/lib/thumb/v7-m\libm.a(lib_a-sf_scalbn.o)
 .ARM.attributes
                0x0000000000000431       0x2d c:/st/stm32cubeide_1.5.1/stm32cubeide/plugins/com.st.stm32cube.ide.mcu.externaltools.gnu-tools-for-stm32.7-2018-q2-update.win32_1.5.0.202011040924/tools/bin/../lib/gcc/arm-none-eabi/7.3.1/../../../../arm-none-eabi/lib/thumb/v7-m\libm.a(lib_a-sf_copysign.o)
 .ARM.attributes
                0x000000000000045e       0x1d c:/st/stm32cubeide_1.5.1/stm32cubeide/plugins/com.st.stm32cube.ide.mcu.externaltools.gnu-tools-for-stm32.7-2018-q2-update.win32_1.5.0.202011040924/tools/bin/../lib/gcc/arm-none-eabi/7.3.1/thumb/v7-m\libgcc.a(_arm_addsubsf3.o)
 .ARM.attributes
                0x000000000000047b       0x1d c:/st/stm32cubeide_1.5.1/stm32cubeide/plugins/com.st.stm32cube.ide.mcu.externaltools.gnu-tools-for-stm32.7-2018-q2-update.win32_1.5.0.202011040924/tools/bin/../lib/gcc/arm-none-eabi/7.3.1/thumb/v7-m\libgcc.a(_arm_muldivsf3.o)
 .ARM.attributes
                0x0000000000000498       0x1d c:/st/stm32cubeide_1.5.1/stm32cubeide/plugins/com.st.stm32cube.ide.mcu.externaltools.gnu-tools-for-stm32.7-2018-q2-update.win32_1.5.0.202011040924/tools/bin/../lib/gcc/arm-none-eabi/7.3.1/thumb/v7-m\libgcc.a(_arm_cmpsf2.o)
 .ARM.attributes
                0x00000000000004b5       0x1d c:/st/stm32cubeide_1.5.1/stm32cubeide/plugins/com.st.stm32cube.ide.mcu.externaltools.gnu-tools-for-stm32.7-2018-q2-update.win32_1.5.0.202011040924/tools/bin/../lib/gcc/arm-none-eabi/7.3.1/thumb/v7-m\libgcc.a(_arm_fixsfsi.o)
 .ARM.attributes
                0x00000000000004d2       0x1d c:/st/stm32cubeide_1.5.1/stm32cubeide/plugins/com.st.stm32cube.ide.mcu.externaltools.gnu-tools-for-stm32.7-2018-q2-update.win32_1.5.0.202011040924/tools/bin/../lib/gcc/arm-none-eabi/7.3.1/thumb/v7-m\libgcc.a(_arm_fixunssfsi.o)
 .ARM.attributes
                0x00000000000004ef       0x1d c:/st/stm32cubeide_1.5.1/stm32cubeide/plugins/com.st.stm32cube.ide.mcu.externaltools.gnu-tools-for-stm32.7-2018-q2-update.win32_1.5.0.202011040924/tools/bin/../lib/gcc/arm-none-eabi/7.3.1/thumb/v7-m/crtn.o
OUTPUT(f103c8t6_MotorDriver.elf elf32-littlearm)

.debug_info     0x0000000000000000     0x84a0
 .debug_info    0x0000000000000000      0xac4 My/Application/Blink.o
 .debug_info    0x0000000000000ac4      0xa5f My/Application/Delay.o
 .debug_info    0x0000000000001523      0x3e5 My/CMSIS/src/system_stm32f1xx.o
 .debug_info    0x0000000000001908      0xc79 My/Drivers/gpio_ST.o
 .debug_info    0x0000000000002581      0xf19 My/Drivers/i2c_ST.o
 .debug_info    0x000000000000349a      0xc73 My/Drivers/spi_ST.o
 .debug_info    0x000000000000410d      0xc81 My/Drivers/sys_ST.o
 .debug_info    0x0000000000004d8e      0xa79 My/Drivers/sys_tick_ST.o
 .debug_info    0x0000000000005807     0x10e8 My/Drivers/timers_ST.o
 .debug_info    0x00000000000068ef      0xf22 My/Main/main.o
 .debug_info    0x0000000000007811      0xc6d My/MiddleLevel/Encoder.o
 .debug_info    0x000000000000847e       0x22 Startup/startup_stm32f103c8tx.o

.debug_abbrev   0x0000000000000000     0x174c
 .debug_abbrev  0x0000000000000000      0x1eb My/Application/Blink.o
 .debug_abbrev  0x00000000000001eb      0x1d8 My/Application/Delay.o
 .debug_abbrev  0x00000000000003c3      0x134 My/CMSIS/src/system_stm32f1xx.o
 .debug_abbrev  0x00000000000004f7      0x201 My/Drivers/gpio_ST.o
 .debug_abbrev  0x00000000000006f8      0x2b7 My/Drivers/i2c_ST.o
 .debug_abbrev  0x00000000000009af      0x201 My/Drivers/spi_ST.o
 .debug_abbrev  0x0000000000000bb0      0x231 My/Drivers/sys_ST.o
 .debug_abbrev  0x0000000000000de1      0x1bc My/Drivers/sys_tick_ST.o
 .debug_abbrev  0x0000000000000f9d      0x256 My/Drivers/timers_ST.o
 .debug_abbrev  0x00000000000011f3      0x2f5 My/Main/main.o
 .debug_abbrev  0x00000000000014e8      0x252 My/MiddleLevel/Encoder.o
 .debug_abbrev  0x000000000000173a       0x12 Startup/startup_stm32f103c8tx.o

.debug_aranges  0x0000000000000000      0x330
 .debug_aranges
                0x0000000000000000       0x28 My/Application/Blink.o
 .debug_aranges
                0x0000000000000028       0x28 My/Application/Delay.o
 .debug_aranges
                0x0000000000000050       0x28 My/CMSIS/src/system_stm32f1xx.o
 .debug_aranges
                0x0000000000000078       0x30 My/Drivers/gpio_ST.o
 .debug_aranges
                0x00000000000000a8       0x78 My/Drivers/i2c_ST.o
 .debug_aranges
                0x0000000000000120       0x48 My/Drivers/spi_ST.o
 .debug_aranges
                0x0000000000000168       0x80 My/Drivers/sys_ST.o
 .debug_aranges
                0x00000000000001e8       0x20 My/Drivers/sys_tick_ST.o
 .debug_aranges
                0x0000000000000208       0x40 My/Drivers/timers_ST.o
 .debug_aranges
                0x0000000000000248       0x88 My/Main/main.o
 .debug_aranges
                0x00000000000002d0       0x38 My/MiddleLevel/Encoder.o
 .debug_aranges
                0x0000000000000308       0x28 Startup/startup_stm32f103c8tx.o

.debug_ranges   0x0000000000000000      0x278
 .debug_ranges  0x0000000000000000       0x18 My/Application/Blink.o
 .debug_ranges  0x0000000000000018       0x18 My/Application/Delay.o
 .debug_ranges  0x0000000000000030       0x18 My/CMSIS/src/system_stm32f1xx.o
 .debug_ranges  0x0000000000000048       0x20 My/Drivers/gpio_ST.o
 .debug_ranges  0x0000000000000068       0x68 My/Drivers/i2c_ST.o
 .debug_ranges  0x00000000000000d0       0x38 My/Drivers/spi_ST.o
 .debug_ranges  0x0000000000000108       0x70 My/Drivers/sys_ST.o
 .debug_ranges  0x0000000000000178       0x10 My/Drivers/sys_tick_ST.o
 .debug_ranges  0x0000000000000188       0x30 My/Drivers/timers_ST.o
 .debug_ranges  0x00000000000001b8       0x78 My/Main/main.o
 .debug_ranges  0x0000000000000230       0x28 My/MiddleLevel/Encoder.o
 .debug_ranges  0x0000000000000258       0x20 Startup/startup_stm32f103c8tx.o

.debug_macro    0x0000000000000000     0x1e10
 .debug_macro   0x0000000000000000      0x29c My/Application/Blink.o
 .debug_macro   0x000000000000029c       0x1c My/Application/Blink.o
 .debug_macro   0x00000000000002b8      0x29c My/Application/Delay.o
 .debug_macro   0x0000000000000554       0xce My/CMSIS/src/system_stm32f1xx.o
 .debug_macro   0x0000000000000622       0x34 My/CMSIS/src/system_stm32f1xx.o
 .debug_macro   0x0000000000000656       0x43 My/CMSIS/src/system_stm32f1xx.o
 .debug_macro   0x0000000000000699      0x2a2 My/Drivers/gpio_ST.o
 .debug_macro   0x000000000000093b      0x154 My/Drivers/gpio_ST.o
 .debug_macro   0x0000000000000a8f      0x2a2 My/Drivers/i2c_ST.o
 .debug_macro   0x0000000000000d31       0x52 My/Drivers/i2c_ST.o
 .debug_macro   0x0000000000000d83      0x2a2 My/Drivers/spi_ST.o
 .debug_macro   0x0000000000001025       0x10 My/Drivers/spi_ST.o
 .debug_macro   0x0000000000001035      0x2a2 My/Drivers/sys_ST.o
 .debug_macro   0x00000000000012d7      0x2a2 My/Drivers/sys_tick_ST.o
 .debug_macro   0x0000000000001579       0x10 My/Drivers/sys_tick_ST.o
 .debug_macro   0x0000000000001589      0x29c My/Drivers/timers_ST.o
 .debug_macro   0x0000000000001825      0x30f My/Main/main.o
 .debug_macro   0x0000000000001b34      0x2a2 My/MiddleLevel/Encoder.o
 .debug_macro   0x0000000000001dd6       0x3a My/MiddleLevel/Encoder.o

.debug_line     0x0000000000000000     0x64d2
 .debug_line    0x0000000000000000      0x92f My/Application/Blink.o
 .debug_line    0x000000000000092f      0x8fc My/Application/Delay.o
 .debug_line    0x000000000000122b      0x49c My/CMSIS/src/system_stm32f1xx.o
 .debug_line    0x00000000000016c7      0x934 My/Drivers/gpio_ST.o
 .debug_line    0x0000000000001ffb      0xae2 My/Drivers/i2c_ST.o
 .debug_line    0x0000000000002add      0x99c My/Drivers/spi_ST.o
 .debug_line    0x0000000000003479      0xa2d My/Drivers/sys_ST.o
 .debug_line    0x0000000000003ea6      0x8e4 My/Drivers/sys_tick_ST.o
 .debug_line    0x000000000000478a      0x956 My/Drivers/timers_ST.o
 .debug_line    0x00000000000050e0      0xa01 My/Main/main.o
 .debug_line    0x0000000000005ae1      0x96d My/MiddleLevel/Encoder.o
 .debug_line    0x000000000000644e       0x84 Startup/startup_stm32f103c8tx.o

.debug_str      0x0000000000000000    0x59ef5
 .debug_str     0x0000000000000000    0x58f5e My/Application/Blink.o
                                      0x592f2 (size before relaxing)
 .debug_str     0x0000000000058f5e       0x39 My/Application/Delay.o
                                      0x59246 (size before relaxing)
 .debug_str     0x0000000000058f97      0x428 My/CMSIS/src/system_stm32f1xx.o
                                      0x542a6 (size before relaxing)
 .debug_str     0x00000000000593bf       0xd5 My/Drivers/gpio_ST.o
                                      0x5932b (size before relaxing)
 .debug_str     0x0000000000059494      0x13d My/Drivers/i2c_ST.o
                                      0x593a5 (size before relaxing)
 .debug_str     0x00000000000595d1       0xc2 My/Drivers/spi_ST.o
                                      0x59325 (size before relaxing)
 .debug_str     0x0000000000059693      0x13f My/Drivers/sys_ST.o
                                      0x59390 (size before relaxing)
 .debug_str     0x00000000000597d2       0x46 My/Drivers/sys_tick_ST.o
                                      0x59253 (size before relaxing)
 .debug_str     0x0000000000059818      0x359 My/Drivers/timers_ST.o
                                      0x596b4 (size before relaxing)
 .debug_str     0x0000000000059b71      0x2ba My/Main/main.o
                                      0x59562 (size before relaxing)
 .debug_str     0x0000000000059e2b       0x99 My/MiddleLevel/Encoder.o
                                      0x59307 (size before relaxing)
 .debug_str     0x0000000000059ec4       0x31 Startup/startup_stm32f103c8tx.o
                                         0x7b (size before relaxing)

.comment        0x0000000000000000       0x7b
 .comment       0x0000000000000000       0x7b My/Application/Blink.o
                                         0x7c (size before relaxing)
 .comment       0x000000000000007b       0x7c My/Application/Delay.o
 .comment       0x000000000000007b       0x7c My/CMSIS/src/system_stm32f1xx.o
 .comment       0x000000000000007b       0x7c My/Drivers/gpio_ST.o
 .comment       0x000000000000007b       0x7c My/Drivers/i2c_ST.o
 .comment       0x000000000000007b       0x7c My/Drivers/spi_ST.o
 .comment       0x000000000000007b       0x7c My/Drivers/sys_ST.o
 .comment       0x000000000000007b       0x7c My/Drivers/sys_tick_ST.o
 .comment       0x000000000000007b       0x7c My/Drivers/timers_ST.o
 .comment       0x000000000000007b       0x7c My/Main/main.o
 .comment       0x000000000000007b       0x7c My/MiddleLevel/Encoder.o

.debug_frame    0x0000000000000000      0xcec
 .debug_frame   0x0000000000000000       0x58 My/Application/Blink.o
 .debug_frame   0x0000000000000058       0x58 My/Application/Delay.o
 .debug_frame   0x00000000000000b0       0x58 My/CMSIS/src/system_stm32f1xx.o
 .debug_frame   0x0000000000000108       0x78 My/Drivers/gpio_ST.o
 .debug_frame   0x0000000000000180      0x1dc My/Drivers/i2c_ST.o
 .debug_frame   0x000000000000035c       0xe0 My/Drivers/spi_ST.o
 .debug_frame   0x000000000000043c      0x1cc My/Drivers/sys_ST.o
 .debug_frame   0x0000000000000608       0x30 My/Drivers/sys_tick_ST.o
 .debug_frame   0x0000000000000638       0xbc My/Drivers/timers_ST.o
 .debug_frame   0x00000000000006f4      0x1f8 My/Main/main.o
 .debug_frame   0x00000000000008ec       0x98 My/MiddleLevel/Encoder.o
 .debug_frame   0x0000000000000984       0x2c c:/st/stm32cubeide_1.5.1/stm32cubeide/plugins/com.st.stm32cube.ide.mcu.externaltools.gnu-tools-for-stm32.7-2018-q2-update.win32_1.5.0.202011040924/tools/bin/../lib/gcc/arm-none-eabi/7.3.1/../../../../arm-none-eabi/lib/thumb/v7-m\libc_nano.a(lib_a-init.o)
 .debug_frame   0x00000000000009b0       0x2c c:/st/stm32cubeide_1.5.1/stm32cubeide/plugins/com.st.stm32cube.ide.mcu.externaltools.gnu-tools-for-stm32.7-2018-q2-update.win32_1.5.0.202011040924/tools/bin/../lib/gcc/arm-none-eabi/7.3.1/../../../../arm-none-eabi/lib/thumb/v7-m\libm.a(lib_a-sf_sin.o)
 .debug_frame   0x00000000000009dc       0x40 c:/st/stm32cubeide_1.5.1/stm32cubeide/plugins/com.st.stm32cube.ide.mcu.externaltools.gnu-tools-for-stm32.7-2018-q2-update.win32_1.5.0.202011040924/tools/bin/../lib/gcc/arm-none-eabi/7.3.1/../../../../arm-none-eabi/lib/thumb/v7-m\libm.a(lib_a-ef_rem_pio2.o)
 .debug_frame   0x0000000000000a1c       0x30 c:/st/stm32cubeide_1.5.1/stm32cubeide/plugins/com.st.stm32cube.ide.mcu.externaltools.gnu-tools-for-stm32.7-2018-q2-update.win32_1.5.0.202011040924/tools/bin/../lib/gcc/arm-none-eabi/7.3.1/../../../../arm-none-eabi/lib/thumb/v7-m\libm.a(lib_a-kf_cos.o)
 .debug_frame   0x0000000000000a4c       0x44 c:/st/stm32cubeide_1.5.1/stm32cubeide/plugins/com.st.stm32cube.ide.mcu.externaltools.gnu-tools-for-stm32.7-2018-q2-update.win32_1.5.0.202011040924/tools/bin/../lib/gcc/arm-none-eabi/7.3.1/../../../../arm-none-eabi/lib/thumb/v7-m\libm.a(lib_a-kf_rem_pio2.o)
 .debug_frame   0x0000000000000a90       0x34 c:/st/stm32cubeide_1.5.1/stm32cubeide/plugins/com.st.stm32cube.ide.mcu.externaltools.gnu-tools-for-stm32.7-2018-q2-update.win32_1.5.0.202011040924/tools/bin/../lib/gcc/arm-none-eabi/7.3.1/../../../../arm-none-eabi/lib/thumb/v7-m\libm.a(lib_a-kf_sin.o)
 .debug_frame   0x0000000000000ac4       0x20 c:/st/stm32cubeide_1.5.1/stm32cubeide/plugins/com.st.stm32cube.ide.mcu.externaltools.gnu-tools-for-stm32.7-2018-q2-update.win32_1.5.0.202011040924/tools/bin/../lib/gcc/arm-none-eabi/7.3.1/../../../../arm-none-eabi/lib/thumb/v7-m\libm.a(lib_a-sf_fabs.o)
 .debug_frame   0x0000000000000ae4       0x2c c:/st/stm32cubeide_1.5.1/stm32cubeide/plugins/com.st.stm32cube.ide.mcu.externaltools.gnu-tools-for-stm32.7-2018-q2-update.win32_1.5.0.202011040924/tools/bin/../lib/gcc/arm-none-eabi/7.3.1/../../../../arm-none-eabi/lib/thumb/v7-m\libm.a(lib_a-sf_floor.o)
 .debug_frame   0x0000000000000b10       0x28 c:/st/stm32cubeide_1.5.1/stm32cubeide/plugins/com.st.stm32cube.ide.mcu.externaltools.gnu-tools-for-stm32.7-2018-q2-update.win32_1.5.0.202011040924/tools/bin/../lib/gcc/arm-none-eabi/7.3.1/../../../../arm-none-eabi/lib/thumb/v7-m\libm.a(lib_a-sf_scalbn.o)
 .debug_frame   0x0000000000000b38       0x20 c:/st/stm32cubeide_1.5.1/stm32cubeide/plugins/com.st.stm32cube.ide.mcu.externaltools.gnu-tools-for-stm32.7-2018-q2-update.win32_1.5.0.202011040924/tools/bin/../lib/gcc/arm-none-eabi/7.3.1/../../../../arm-none-eabi/lib/thumb/v7-m\libm.a(lib_a-sf_copysign.o)
 .debug_frame   0x0000000000000b58       0x4c c:/st/stm32cubeide_1.5.1/stm32cubeide/plugins/com.st.stm32cube.ide.mcu.externaltools.gnu-tools-for-stm32.7-2018-q2-update.win32_1.5.0.202011040924/tools/bin/../lib/gcc/arm-none-eabi/7.3.1/thumb/v7-m\libgcc.a(_arm_addsubsf3.o)
 .debug_frame   0x0000000000000ba4       0x38 c:/st/stm32cubeide_1.5.1/stm32cubeide/plugins/com.st.stm32cube.ide.mcu.externaltools.gnu-tools-for-stm32.7-2018-q2-update.win32_1.5.0.202011040924/tools/bin/../lib/gcc/arm-none-eabi/7.3.1/thumb/v7-m\libgcc.a(_arm_muldivsf3.o)
 .debug_frame   0x0000000000000bdc       0xc8 c:/st/stm32cubeide_1.5.1/stm32cubeide/plugins/com.st.stm32cube.ide.mcu.externaltools.gnu-tools-for-stm32.7-2018-q2-update.win32_1.5.0.202011040924/tools/bin/../lib/gcc/arm-none-eabi/7.3.1/thumb/v7-m\libgcc.a(_arm_cmpsf2.o)
 .debug_frame   0x0000000000000ca4       0x24 c:/st/stm32cubeide_1.5.1/stm32cubeide/plugins/com.st.stm32cube.ide.mcu.externaltools.gnu-tools-for-stm32.7-2018-q2-update.win32_1.5.0.202011040924/tools/bin/../lib/gcc/arm-none-eabi/7.3.1/thumb/v7-m\libgcc.a(_arm_fixsfsi.o)
 .debug_frame   0x0000000000000cc8       0x24 c:/st/stm32cubeide_1.5.1/stm32cubeide/plugins/com.st.stm32cube.ide.mcu.externaltools.gnu-tools-for-stm32.7-2018-q2-update.win32_1.5.0.202011040924/tools/bin/../lib/gcc/arm-none-eabi/7.3.1/thumb/v7-m\libgcc.a(_arm_fixunssfsi.o)
