ssd1306.c:45:13:ssd1306_I2C_WriteDataBuf	24	static
ssd1306.c:67:13:ssd1306_I2C_WriteCMD	24	static
ssd1306.c:84:9:SSD1306_Init	16	static
ssd1306.c:200:6:SSD1306_UpdateScreen	24	static
ssd1306.c:212:6:SSD1306_ToggleInvert	16	static
ssd1306.c:230:6:SSD1306_Fill	16	static
ssd1306.c:237:6:SSD1306_DrawPixel	16	static
ssd1306.c:252:6:SSD1306_GotoXY	16	static
ssd1306.c:258:6:SSD1306_Putc	32	static
ssd1306.c:289:6:SSD1306_Puts	24	static
ssd1306.c:306:6:SSD1306_DrawLine	40	static
ssd1306.c:383:6:SSD1306_DrawRectangle	32	static
ssd1306.c:408:6:SSD1306_DrawFilledRectangle	40	static
ssd1306.c:435:6:SSD1306_DrawTriangle	32	static
ssd1306.c:442:6:SSD1306_DrawFilledTriangle	64	static
ssd1306.c:498:6:SSD1306_DrawCircle	40	static
ssd1306.c:532:6:SSD1306_DrawFilledCircle	48	static
ssd1306.c:563:6:SSD1306_ON	8	static
ssd1306.c:569:6:SSD1306_OFF	8	static
